Archive member included to satisfy reference by file (symbol)

D:/STM32CubeIDE_1.19.0/STM32CubeIDE/plugins/com.st.stm32cube.ide.mcu.externaltools.gnu-tools-for-stm32.13.3.rel1.win32_1.0.0.202411081344/tools/bin/../lib/gcc/arm-none-eabi/13.3.1/../../../../arm-none-eabi/lib/thumb/v7e-m+fp/hard\libc_nano.a(libc_a-exit.o)
                              D:/STM32CubeIDE_1.19.0/STM32CubeIDE/plugins/com.st.stm32cube.ide.mcu.externaltools.gnu-tools-for-stm32.13.3.rel1.win32_1.0.0.202411081344/tools/bin/../lib/gcc/arm-none-eabi/13.3.1/../../../../arm-none-eabi/lib/thumb/v7e-m+fp/hard/crt0.o (exit)
D:/STM32CubeIDE_1.19.0/STM32CubeIDE/plugins/com.st.stm32cube.ide.mcu.externaltools.gnu-tools-for-stm32.13.3.rel1.win32_1.0.0.202411081344/tools/bin/../lib/gcc/arm-none-eabi/13.3.1/../../../../arm-none-eabi/lib/thumb/v7e-m+fp/hard\libc_nano.a(libc_a-findfp.o)
                              D:/STM32CubeIDE_1.19.0/STM32CubeIDE/plugins/com.st.stm32cube.ide.mcu.externaltools.gnu-tools-for-stm32.13.3.rel1.win32_1.0.0.202411081344/tools/bin/../lib/gcc/arm-none-eabi/13.3.1/../../../../arm-none-eabi/lib/thumb/v7e-m+fp/hard\libc_nano.a(libc_a-exit.o) (__stdio_exit_handler)
D:/STM32CubeIDE_1.19.0/STM32CubeIDE/plugins/com.st.stm32cube.ide.mcu.externaltools.gnu-tools-for-stm32.13.3.rel1.win32_1.0.0.202411081344/tools/bin/../lib/gcc/arm-none-eabi/13.3.1/../../../../arm-none-eabi/lib/thumb/v7e-m+fp/hard\libc_nano.a(libc_a-fwalk.o)
                              D:/STM32CubeIDE_1.19.0/STM32CubeIDE/plugins/com.st.stm32cube.ide.mcu.externaltools.gnu-tools-for-stm32.13.3.rel1.win32_1.0.0.202411081344/tools/bin/../lib/gcc/arm-none-eabi/13.3.1/../../../../arm-none-eabi/lib/thumb/v7e-m+fp/hard\libc_nano.a(libc_a-findfp.o) (_fwalk_sglue)
D:/STM32CubeIDE_1.19.0/STM32CubeIDE/plugins/com.st.stm32cube.ide.mcu.externaltools.gnu-tools-for-stm32.13.3.rel1.win32_1.0.0.202411081344/tools/bin/../lib/gcc/arm-none-eabi/13.3.1/../../../../arm-none-eabi/lib/thumb/v7e-m+fp/hard\libc_nano.a(libc_a-stdio.o)
                              D:/STM32CubeIDE_1.19.0/STM32CubeIDE/plugins/com.st.stm32cube.ide.mcu.externaltools.gnu-tools-for-stm32.13.3.rel1.win32_1.0.0.202411081344/tools/bin/../lib/gcc/arm-none-eabi/13.3.1/../../../../arm-none-eabi/lib/thumb/v7e-m+fp/hard\libc_nano.a(libc_a-findfp.o) (__sread)
D:/STM32CubeIDE_1.19.0/STM32CubeIDE/plugins/com.st.stm32cube.ide.mcu.externaltools.gnu-tools-for-stm32.13.3.rel1.win32_1.0.0.202411081344/tools/bin/../lib/gcc/arm-none-eabi/13.3.1/../../../../arm-none-eabi/lib/thumb/v7e-m+fp/hard\libc_nano.a(libc_a-memset.o)
                              D:/STM32CubeIDE_1.19.0/STM32CubeIDE/plugins/com.st.stm32cube.ide.mcu.externaltools.gnu-tools-for-stm32.13.3.rel1.win32_1.0.0.202411081344/tools/bin/../lib/gcc/arm-none-eabi/13.3.1/../../../../arm-none-eabi/lib/thumb/v7e-m+fp/hard/crt0.o (memset)
D:/STM32CubeIDE_1.19.0/STM32CubeIDE/plugins/com.st.stm32cube.ide.mcu.externaltools.gnu-tools-for-stm32.13.3.rel1.win32_1.0.0.202411081344/tools/bin/../lib/gcc/arm-none-eabi/13.3.1/../../../../arm-none-eabi/lib/thumb/v7e-m+fp/hard\libc_nano.a(libc_a-closer.o)
                              D:/STM32CubeIDE_1.19.0/STM32CubeIDE/plugins/com.st.stm32cube.ide.mcu.externaltools.gnu-tools-for-stm32.13.3.rel1.win32_1.0.0.202411081344/tools/bin/../lib/gcc/arm-none-eabi/13.3.1/../../../../arm-none-eabi/lib/thumb/v7e-m+fp/hard\libc_nano.a(libc_a-stdio.o) (_close_r)
D:/STM32CubeIDE_1.19.0/STM32CubeIDE/plugins/com.st.stm32cube.ide.mcu.externaltools.gnu-tools-for-stm32.13.3.rel1.win32_1.0.0.202411081344/tools/bin/../lib/gcc/arm-none-eabi/13.3.1/../../../../arm-none-eabi/lib/thumb/v7e-m+fp/hard\libc_nano.a(libc_a-reent.o)
                              D:/STM32CubeIDE_1.19.0/STM32CubeIDE/plugins/com.st.stm32cube.ide.mcu.externaltools.gnu-tools-for-stm32.13.3.rel1.win32_1.0.0.202411081344/tools/bin/../lib/gcc/arm-none-eabi/13.3.1/../../../../arm-none-eabi/lib/thumb/v7e-m+fp/hard\libc_nano.a(libc_a-closer.o) (errno)
D:/STM32CubeIDE_1.19.0/STM32CubeIDE/plugins/com.st.stm32cube.ide.mcu.externaltools.gnu-tools-for-stm32.13.3.rel1.win32_1.0.0.202411081344/tools/bin/../lib/gcc/arm-none-eabi/13.3.1/../../../../arm-none-eabi/lib/thumb/v7e-m+fp/hard\libc_nano.a(libc_a-impure.o)
                              D:/STM32CubeIDE_1.19.0/STM32CubeIDE/plugins/com.st.stm32cube.ide.mcu.externaltools.gnu-tools-for-stm32.13.3.rel1.win32_1.0.0.202411081344/tools/bin/../lib/gcc/arm-none-eabi/13.3.1/../../../../arm-none-eabi/lib/thumb/v7e-m+fp/hard\libc_nano.a(libc_a-reent.o) (_impure_ptr)
D:/STM32CubeIDE_1.19.0/STM32CubeIDE/plugins/com.st.stm32cube.ide.mcu.externaltools.gnu-tools-for-stm32.13.3.rel1.win32_1.0.0.202411081344/tools/bin/../lib/gcc/arm-none-eabi/13.3.1/../../../../arm-none-eabi/lib/thumb/v7e-m+fp/hard\libc_nano.a(libc_a-lseekr.o)
[...]
Memory Configuration

Name             Origin             Length             Attributes
CCMRAM           0x10000000         0x00010000         xrw
RAM              0x20000000         0x00020000         xrw
FLASH            0x08000000         0x00100000         xr
*default*        0x00000000         0xffffffff

Linker script and memory map

LOAD D:/STM32CubeIDE_1.19.0/STM32CubeIDE/plugins/com.st.stm32cube.ide.mcu.externaltools.gnu-tools-for-stm32.13.3.rel1.win32_1.0.0.202411081344/tools/bin/../lib/gcc/arm-none-eabi/13.3.1/thumb/v7e-m+fp/hard/crti.o
LOAD D:/STM32CubeIDE_1.19.0/STM32CubeIDE/plugins/com.st.stm32cube.ide.mcu.externaltools.gnu-tools-for-stm32.13.3.rel1.win32_1.0.0.202411081344/tools/bin/../lib/gcc/arm-none-eabi/13.3.1/thumb/v7e-m+fp/hard/crtbegin.o
LOAD D:/STM32CubeIDE_1.19.0/STM32CubeIDE/plugins/com.st.stm32cube.ide.mcu.externaltools.gnu-tools-for-stm32.13.3.rel1.win32_1.0.0.202411081344/tools/bin/../lib/gcc/arm-none-eabi/13.3.1/../../../../arm-none-eabi/lib/thumb/v7e-m+fp/hard/crt0.o
LOAD ./Core/Src/adc.o
LOAD ./Core/Src/button.o
LOAD ./Core/Src/crc16.o
LOAD ./Core/Src/dma.o
LOAD ./Core/Src/fsmc.o
LOAD ./Core/Src/gpio.o
LOAD ./Core/Src/hwi.o
LOAD ./Core/Src/i2c.o
LOAD ./Core/Src/lcd.o
LOAD ./Core/Src/led_7seg.o
LOAD ./Core/Src/main.o
LOAD ./Core/Src/mpl.o
LOAD ./Core/Src/software_timer.o
LOAD ./Core/Src/spi.o
LOAD ./Core/Src/stm32f4xx_hal_msp.o
LOAD ./Core/Src/stm32f4xx_it.o
LOAD ./Core/Src/syscalls.o
LOAD ./Core/Src/sysmem.o
LOAD ./Core/Src/system_stm32f4xx.o
LOAD ./Core/Src/tim.o
LOAD ./Core/Src/usart.o
LOAD ./Core/Startup/startup_stm32f407zgtx.o
LOAD ./Drivers/STM32F4xx_HAL_Driver/Src/stm32f4xx_hal.o
LOAD ./Drivers/STM32F4xx_HAL_Driver/Src/stm32f4xx_hal_adc.o
LOAD ./Drivers/STM32F4xx_HAL_Driver/Src/stm32f4xx_hal_adc_ex.o
LOAD ./Drivers/STM32F4xx_HAL_Driver/Src/stm32f4xx_hal_cortex.o
LOAD ./Drivers/STM32F4xx_HAL_Driver/Src/stm32f4xx_hal_dma.o
LOAD ./Drivers/STM32F4xx_HAL_Driver/Src/stm32f4xx_hal_dma_ex.o
LOAD ./Drivers/STM32F4xx_HAL_Driver/Src/stm32f4xx_hal_exti.o
LOAD ./Drivers/STM32F4xx_HAL_Driver/Src/stm32f4xx_hal_flash.o
LOAD ./Drivers/STM32F4xx_HAL_Driver/Src/stm32f4xx_hal_flash_ex.o
LOAD ./Drivers/STM32F4xx_HAL_Driver/Src/stm32f4xx_hal_flash_ramfunc.o
LOAD ./Drivers/STM32F4xx_HAL_Driver/Src/stm32f4xx_hal_gpio.o
LOAD ./Drivers/STM32F4xx_HAL_Driver/Src/stm32f4xx_hal_i2c.o
LOAD ./Drivers/STM32F4xx_HAL_Driver/Src/stm32f4xx_hal_i2c_ex.o
LOAD ./Drivers/STM32F4xx_HAL_Driver/Src/stm32f4xx_hal_nand.o
LOAD ./Drivers/STM32F4xx_HAL_Driver/Src/stm32f4xx_hal_nor.o
LOAD ./Drivers/STM32F4xx_HAL_Driver/Src/stm32f4xx_hal_pccard.o
LOAD ./Drivers/STM32F4xx_HAL_Driver/Src/stm32f4xx_hal_pwr.o
LOAD ./Drivers/STM32F4xx_HAL_Driver/Src/stm32f4xx_hal_pwr_ex.o
LOAD ./Drivers/STM32F4xx_HAL_Driver/Src/stm32f4xx_hal_rcc.o
LOAD ./Drivers/STM32F4xx_HAL_Driver/Src/stm32f4xx_hal_rcc_ex.o
LOAD ./Drivers/STM32F4xx_HAL_Driver/Src/stm32f4xx_hal_spi.o
LOAD ./Drivers/STM32F4xx_HAL_Driver/Src/stm32f4xx_hal_sram.o
LOAD ./Drivers/STM32F4xx_HAL_Driver/Src/stm32f4xx_hal_tim.o
LOAD ./Drivers/STM32F4xx_HAL_Driver/Src/stm32f4xx_hal_tim_ex.o
LOAD ./Drivers/STM32F4xx_HAL_Driver/Src/stm32f4xx_hal_uart.o
LOAD ./Drivers/STM32F4xx_HAL_Driver/Src/stm32f4xx_ll_adc.o
LOAD ./Drivers/STM32F4xx_HAL_Driver/Src/stm32f4xx_ll_fsmc.o
START GROUP
LOAD D:/STM32CubeIDE_1.19.0/STM32CubeIDE/plugins/com.st.stm32cube.ide.mcu.externaltools.gnu-tools-for-stm32.13.3.rel1.win32_1.0.0.202411081344/tools/bin/../lib/gcc/arm-none-eabi/13.3.1/../../../../arm-none-eabi/lib/thumb/v7e-m+fp/hard\libc_nano.a
LOAD D:/STM32CubeIDE_1.19.0/STM32CubeIDE/plugins/com.st.stm32cube.ide.mcu.externaltools.gnu-tools-for-stm32.13.3.rel1.win32_1.0.0.202411081344/tools/bin/../lib/gcc/arm-none-eabi/13.3.1/../../../../arm-none-eabi/lib/thumb/v7e-m+fp/hard\libm.a
END GROUP
START GROUP
LOAD D:/STM32CubeIDE_1.19.0/STM32CubeIDE/plugins/com.st.stm32cube.ide.mcu.externaltools.gnu-tools-for-stm32.13.3.rel1.win32_1.0.0.202411081344/tools/bin/../lib/gcc/arm-none-eabi/13.3.1/thumb/v7e-m+fp/hard\libgcc.a
LOAD D:/STM32CubeIDE_1.19.0/STM32CubeIDE/plugins/com.st.stm32cube.ide.mcu.externaltools.gnu-tools-for-stm32.13.3.rel1.win32_1.0.0.202411081344/tools/bin/../lib/gcc/arm-none-eabi/13.3.1/../../../../arm-none-eabi/lib/thumb/v7e-m+fp/hard\libc_nano.a
END GROUP
START GROUP
LOAD D:/STM32CubeIDE_1.19.0/STM32CubeIDE/plugins/com.st.stm32cube.ide.mcu.externaltools.gnu-tools-for-stm32.13.3.rel1.win32_1.0.0.202411081344/tools/bin/../lib/gcc/arm-none-eabi/13.3.1/thumb/v7e-m+fp/hard\libgcc.a
LOAD D:/STM32CubeIDE_1.19.0/STM32CubeIDE/plugins/com.st.stm32cube.ide.mcu.externaltools.gnu-tools-for-stm32.13.3.rel1.win32_1.0.0.202411081344/tools/bin/../lib/gcc/arm-none-eabi/13.3.1/../../../../arm-none-eabi/lib/thumb/v7e-m+fp/hard\libc_nano.a
LOAD D:/STM32CubeIDE_1.19.0/STM32CubeIDE/plugins/com.st.stm32cube.ide.mcu.externaltools.gnu-tools-for-stm32.13.3.rel1.win32_1.0.0.202411081344/tools/bin/../lib/gcc/arm-none-eabi/13.3.1/../../../../arm-none-eabi/lib/thumb/v7e-m+fp/hard\libnosys.a
END GROUP
START GROUP
LOAD D:/STM32CubeIDE_1.19.0/STM32CubeIDE/plugins/com.st.stm32cube.ide.mcu.externaltools.gnu-tools-for-stm32.13.3.rel1.win32_1.0.0.202411081344/tools/bin/../lib/gcc/arm-none-eabi/13.3.1/thumb/v7e-m+fp/hard\libgcc.a
LOAD D:/STM32CubeIDE_1.19.0/STM32CubeIDE/plugins/com.st.stm32cube.ide.mcu.externaltools.gnu-tools-for-stm32.13.3.rel1.win32_1.0.0.202411081344/tools/bin/../lib/gcc/arm-none-eabi/13.3.1/../../../../arm-none-eabi/lib/thumb/v7e-m+fp/hard\libc_nano.a
LOAD D:/STM32CubeIDE_1.19.0/STM32CubeIDE/plugins/com.st.stm32cube.ide.mcu.externaltools.gnu-tools-for-stm32.13.3.rel1.win32_1.0.0.202411081344/tools/bin/../lib/gcc/arm-none-eabi/13.3.1/../../../../arm-none-eabi/lib/thumb/v7e-m+fp/hard\libnosys.a
END GROUP
LOAD D:/STM32CubeIDE_1.19.0/STM32CubeIDE/plugins/com.st.stm32cube.ide.mcu.externaltools.gnu-tools-for-stm32.13.3.rel1.win32_1.0.0.202411081344/tools/bin/../lib/gcc/arm-none-eabi/13.3.1/thumb/v7e-m+fp/hard/crtend.o
LOAD D:/STM32CubeIDE_1.19.0/STM32CubeIDE/plugins/com.st.stm32cube.ide.mcu.externaltools.gnu-tools-for-stm32.13.3.rel1.win32_1.0.0.202411081344/tools/bin/../lib/gcc/arm-none-eabi/13.3.1/thumb/v7e-m+fp/hard/crtn.o
                0x20020000                        _estack = (ORIGIN (RAM) + LENGTH (RAM))
                0x00000200                        _Min_Heap_Size = 0x200
                0x00000400                        _Min_Stack_Size = 0x400

.isr_vector     0x08000000      0x188
                0x08000000                        . = ALIGN (0x4)
 *(.isr_vector)
 .isr_vector    0x08000000      0x188 ./Core/Startup/startup_stm32f407zgtx.o
                0x08000000                g_pfnVectors
                0x08000188                        . = ALIGN (0x4)

.text           0x08000188     0x617c
                0x08000188                        . = ALIGN (0x4)
 *(.text)
 .text          0x08000188       0x40 D:/STM32CubeIDE_1.19.0/STM32CubeIDE/plugins/com.st.stm32cube.ide.mcu.externaltools.gnu-tools-for-stm32.13.3.rel1.win32_1.0.0.202411081344/tools/bin/../lib/gcc/arm-none-eabi/13.3.1/thumb/v7e-m+fp/hard/crtbegin.o
 .text          0x080001c8       0x30 D:/STM32CubeIDE_1.19.0/STM32CubeIDE/plugins/com.st.stm32cube.ide.mcu.externaltools.gnu-tools-for-stm32.13.3.rel1.win32_1.0.0.202411081344/tools/bin/../lib/gcc/arm-none-eabi/13.3.1/thumb/v7e-m+fp/hard\libgcc.a(_aeabi_uldivmod.o)
                0x080001c8                __aeabi_uldivmod
 .text          0x080001f8      0x2f8 D:/STM32CubeIDE_1.19.0/STM32CubeIDE/plugins/com.st.stm32cube.ide.mcu.externaltools.gnu-tools-for-stm32.13.3.rel1.win32_1.0.0.202411081344/tools/bin/../lib/gcc/arm-none-eabi/13.3.1/thumb/v7e-m+fp/hard\libgcc.a(_udivmoddi4.o)
                0x080001f8                __udivmoddi4
 .text          0x080004f0        0x4 D:/STM32CubeIDE_1.19.0/STM32CubeIDE/plugins/com.st.stm32cube.ide.mcu.externaltools.gnu-tools-for-stm32.13.3.rel1.win32_1.0.0.202411081344/tools/bin/../lib/gcc/arm-none-eabi/13.3.1/thumb/v7e-m+fp/hard\libgcc.a(_dvmd_tls.o)
                0x080004f0                __aeabi_idiv0
                0x080004f0                __aeabi_ldiv0
 *(.text*)
 .text.MX_ADC1_Init
                0x080004f4      0x104 ./Core/Src/adc.o
                0x080004f4                MX_ADC1_Init
 .text.HAL_ADC_MspInit
                0x080005f8      0x128 ./Core/Src/adc.o
                0x080005f8                HAL_ADC_MspInit
 .text.button_scan
                0x08000720       0xd8 ./Core/Src/button.o
                0x08000720                button_scan
 .text.crc16    0x080007f8       0x68 ./Core/Src/crc16.o
                0x080007f8                crc16
 .text.MX_DMA_Init
                0x08000860       0x40 ./Core/Src/dma.o
                0x08000860                MX_DMA_Init
 .text.MX_FSMC_Init
                0x080008a0       0xf4 ./Core/Src/fsmc.o
                0x080008a0                MX_FSMC_Init
 .text.HAL_FSMC_MspInit
                0x08000994       0x98 ./Core/Src/fsmc.o
 .text.HAL_SRAM_MspInit
                0x08000a2c       0x14 ./Core/Src/fsmc.o
                0x08000a2c                HAL_SRAM_MspInit
 .text.MX_GPIO_Init
                0x08000a40      0x1c0 ./Core/Src/gpio.o
                0x08000a40                MX_GPIO_Init
 .text.hw_init  0x08000c00       0x2c ./Core/Src/hwi.o
                0x08000c00                hw_init
 .text.send_byte
                0x08000c2c       0x34 ./Core/Src/hwi.o
                0x08000c2c                send_byte
 .text.receive_byte
                0x08000c60       0x48 ./Core/Src/hwi.o
                0x08000c60                receive_byte
 .text.UART_Callback
                0x08000ca8       0x4c ./Core/Src/hwi.o
                0x08000ca8                UART_Callback
 .text.MX_I2C1_Init
                0x08000cf4       0x5c ./Core/Src/i2c.o
                0x08000cf4                MX_I2C1_Init
 .text.HAL_I2C_MspInit
                0x08000d50       0x90 ./Core/Src/i2c.o
                0x08000d50                HAL_I2C_MspInit
 .text.LCD_WR_REG
                0x08000de0       0x20 ./Core/Src/lcd.o
                0x08000de0                LCD_WR_REG
 .text.LCD_WR_DATA
                0x08000e00       0x20 ./Core/Src/lcd.o
 .text.LCD_RD_DATA
                0x08000e20       0x24 ./Core/Src/lcd.o
 .text.lcd_set_address
                0x08000e44       0x98 ./Core/Src/lcd.o
                0x08000e44                lcd_set_address
 .text.lcd_clear
                0x08000edc       0x64 ./Core/Src/lcd.o
                0x08000edc                lcd_clear
 .text.lcd_draw_point
                0x08000f40       0x2e ./Core/Src/lcd.o
                0x08000f40                lcd_draw_point
 *fill*         0x08000f6e        0x2 
 .text.lcd_show_char
                0x08000f70      0x1a0 ./Core/Src/lcd.o
                0x08000f70                lcd_show_char
 .text.lcd_set_direction
                0x08001110       0x44 ./Core/Src/lcd.o
                0x08001110                lcd_set_direction
 .text.lcd_init
                0x08001154      0x2c0 ./Core/Src/lcd.o
                0x08001154                lcd_init
 .text.lcd_show_string
                0x08001414       0xc8 ./Core/Src/lcd.o
                0x08001414                lcd_show_string
 .text.main     0x080014dc       0xb0 ./Core/Src/main.o
                0x080014dc                main
 .text.SystemClock_Config
                0x0800158c       0xd4 ./Core/Src/main.o
                0x0800158c                SystemClock_Config
 .text.init_system
                0x08001660       0x1a ./Core/Src/main.o
                0x08001660                init_system
 *fill*         0x0800167a        0x2 
 .text.HAL_TIM_PeriodElapsedCallback
                0x0800167c       0x24 ./Core/Src/main.o
                0x0800167c                HAL_TIM_PeriodElapsedCallback
 .text.HAL_UART_RxCpltCallback
                0x080016a0       0x16 ./Core/Src/main.o
                0x080016a0                HAL_UART_RxCpltCallback
 .text.Error_Handler
                0x080016b6        0xc ./Core/Src/main.o
                0x080016b6                Error_Handler
 *fill*         0x080016c2        0x2 
 .text.mpl_fsm  0x080016c4      0x108 ./Core/Src/mpl.o
                0x080016c4                mpl_fsm
 .text.mpl_init
                0x080017cc       0x20 ./Core/Src/mpl.o
                0x080017cc                mpl_init
 .text.is_start_byte
                0x080017ec       0x40 ./Core/Src/mpl.o
                0x080017ec                is_start_byte
 .text.receiving_header
                0x0800182c       0x68 ./Core/Src/mpl.o
                0x0800182c                receiving_header
 .text.receiving_payload
                0x08001894       0x5c ./Core/Src/mpl.o
                0x08001894                receiving_payload
 .text.crc_checking
                0x080018f0       0x58 ./Core/Src/mpl.o
                0x080018f0                crc_checking
 .text.timer_init
                0x08001948       0x14 ./Core/Src/software_timer.o
                0x08001948                timer_init
 .text.timer_set
                0x0800195c       0x38 ./Core/Src/software_timer.o
                0x0800195c                timer_set
 .text.timer_isExpired
                0x08001994       0x2c ./Core/Src/software_timer.o
                0x08001994                timer_isExpired
 .text.timer_run
                0x080019c0       0x60 ./Core/Src/software_timer.o
                0x080019c0                timer_run
 .text.MX_SPI1_Init
                0x08001a20       0x6c ./Core/Src/spi.o
                0x08001a20                MX_SPI1_Init
 .text.HAL_SPI_MspInit
                0x08001a8c       0x90 ./Core/Src/spi.o
                0x08001a8c                HAL_SPI_MspInit
 .text.HAL_MspInit
                0x08001b1c       0x50 ./Core/Src/stm32f4xx_hal_msp.o
                0x08001b1c                HAL_MspInit
 .text.NMI_Handler
                0x08001b6c        0x8 ./Core/Src/stm32f4xx_it.o
                0x08001b6c                NMI_Handler
 .text.HardFault_Handler
                0x08001b74        0x8 ./Core/Src/stm32f4xx_it.o
                0x08001b74                HardFault_Handler
 .text.MemManage_Handler
                0x08001b7c        0x8 ./Core/Src/stm32f4xx_it.o
                0x08001b7c                MemManage_Handler
 .text.BusFault_Handler
                0x08001b84        0x8 ./Core/Src/stm32f4xx_it.o
                0x08001b84                BusFault_Handler
 .text.UsageFault_Handler
                0x08001b8c        0x8 ./Core/Src/stm32f4xx_it.o
                0x08001b8c                UsageFault_Handler
 .text.SVC_Handler
                0x08001b94        0xe ./Core/Src/stm32f4xx_it.o
                0x08001b94                SVC_Handler
 .text.DebugMon_Handler
                0x08001ba2        0xe ./Core/Src/stm32f4xx_it.o
                0x08001ba2                DebugMon_Handler
 .text.PendSV_Handler
                0x08001bb0        0xe ./Core/Src/stm32f4xx_it.o
                0x08001bb0                PendSV_Handler
 .text.SysTick_Handler
                0x08001bbe        0xc ./Core/Src/stm32f4xx_it.o
                0x08001bbe                SysTick_Handler
 *fill*         0x08001bca        0x2 
 .text.TIM3_IRQHandler
                0x08001bcc       0x14 ./Core/Src/stm32f4xx_it.o
                0x08001bcc                TIM3_IRQHandler
 .text.USART3_IRQHandler
                0x08001be0       0x14 ./Core/Src/stm32f4xx_it.o
                0x08001be0                USART3_IRQHandler
 .text.DMA2_Stream0_IRQHandler
                0x08001bf4       0x14 ./Core/Src/stm32f4xx_it.o
                0x08001bf4                DMA2_Stream0_IRQHandler
 .text.SystemInit
                0x08001c08       0x24 ./Core/Src/system_stm32f4xx.o
                0x08001c08                SystemInit
 .text.MX_TIM3_Init
                0x08001c2c       0x9c ./Core/Src/tim.o
                0x08001c2c                MX_TIM3_Init
 .text.HAL_TIM_Base_MspInit
                0x08001cc8       0x50 ./Core/Src/tim.o
                0x08001cc8                HAL_TIM_Base_MspInit
 .text.MX_USART1_UART_Init
                0x08001d18       0x54 ./Core/Src/usart.o
                0x08001d18                MX_USART1_UART_Init
 .text.MX_USART2_UART_Init
                0x08001d6c       0x54 ./Core/Src/usart.o
                0x08001d6c                MX_USART2_UART_Init
 .text.MX_USART3_UART_Init
                0x08001dc0       0x54 ./Core/Src/usart.o
                0x08001dc0                MX_USART3_UART_Init
 .text.HAL_UART_MspInit
                0x08001e14      0x178 ./Core/Src/usart.o
                0x08001e14                HAL_UART_MspInit
 .text.Reset_Handler
                0x08001f8c       0x50 ./Core/Startup/startup_stm32f407zgtx.o
                0x08001f8c                Reset_Handler
 .text.Default_Handler
                0x08001fdc        0x2 ./Core/Startup/startup_stm32f407zgtx.o
                0x08001fdc                RTC_Alarm_IRQHandler
                0x08001fdc                HASH_RNG_IRQHandler
                0x08001fdc                EXTI2_IRQHandler
                0x08001fdc                TIM8_CC_IRQHandler
                0x08001fdc                TIM1_CC_IRQHandler
                0x08001fdc                DMA2_Stream5_IRQHandler
                0x08001fdc                DMA1_Stream5_IRQHandler
                0x08001fdc                PVD_IRQHandler
                0x08001fdc                SDIO_IRQHandler
                0x08001fdc                TAMP_STAMP_IRQHandler
                0x08001fdc                CAN2_RX1_IRQHandler
                0x08001fdc                EXTI3_IRQHandler
                0x08001fdc                TIM8_TRG_COM_TIM14_IRQHandler
                0x08001fdc                TIM1_UP_TIM10_IRQHandler
                0x08001fdc                TIM8_UP_TIM13_IRQHandler
                0x08001fdc                I2C3_ER_IRQHandler
                0x08001fdc                EXTI0_IRQHandler
                0x08001fdc                I2C2_EV_IRQHandler
                0x08001fdc                DMA1_Stream2_IRQHandler
                0x08001fdc                CAN1_RX0_IRQHandler
                0x08001fdc                FPU_IRQHandler
                0x08001fdc                OTG_HS_WKUP_IRQHandler
                0x08001fdc                CAN2_SCE_IRQHandler
                0x08001fdc                DMA2_Stream2_IRQHandler
                0x08001fdc                SPI1_IRQHandler
                0x08001fdc                TIM6_DAC_IRQHandler
                0x08001fdc                TIM1_BRK_TIM9_IRQHandler
                0x08001fdc                DCMI_IRQHandler
                0x08001fdc                CAN2_RX0_IRQHandler
                0x08001fdc                DMA2_Stream3_IRQHandler
                0x08001fdc                USART6_IRQHandler
                0x08001fdc                CAN1_RX1_IRQHandler
                0x08001fdc                UART5_IRQHandler
                0x08001fdc                TIM4_IRQHandler
                0x08001fdc                I2C1_EV_IRQHandler
                0x08001fdc                DMA1_Stream6_IRQHandler
                0x08001fdc                DMA1_Stream1_IRQHandler
                0x08001fdc                UART4_IRQHandler
                0x08001fdc                RCC_IRQHandler
                0x08001fdc                TIM8_BRK_TIM12_IRQHandler
                0x08001fdc                Default_Handler
                0x08001fdc                EXTI15_10_IRQHandler
                0x08001fdc                ADC_IRQHandler
                0x08001fdc                DMA1_Stream7_IRQHandler
                0x08001fdc                TIM7_IRQHandler
                0x08001fdc                CAN2_TX_IRQHandler
                0x08001fdc                TIM5_IRQHandler
                0x08001fdc                DMA2_Stream7_IRQHandler
                0x08001fdc                I2C3_EV_IRQHandler
                0x08001fdc                EXTI9_5_IRQHandler
                0x08001fdc                RTC_WKUP_IRQHandler
                0x08001fdc                ETH_WKUP_IRQHandler
                0x08001fdc                SPI2_IRQHandler
                0x08001fdc                OTG_HS_EP1_IN_IRQHandler
                0x08001fdc                DMA1_Stream0_IRQHandler
                0x08001fdc                CAN1_TX_IRQHandler
                0x08001fdc                EXTI4_IRQHandler
                0x08001fdc                FSMC_IRQHandler
                0x08001fdc                ETH_IRQHandler
                0x08001fdc                OTG_HS_EP1_OUT_IRQHandler
                0x08001fdc                WWDG_IRQHandler
                0x08001fdc                TIM2_IRQHandler
                0x08001fdc                OTG_FS_WKUP_IRQHandler
                0x08001fdc                TIM1_TRG_COM_TIM11_IRQHandler
                0x08001fdc                OTG_HS_IRQHandler
                0x08001fdc                EXTI1_IRQHandler
                0x08001fdc                USART2_IRQHandler
                0x08001fdc                I2C2_ER_IRQHandler
                0x08001fdc                DMA2_Stream1_IRQHandler
                0x08001fdc                CAN1_SCE_IRQHandler
                0x08001fdc                FLASH_IRQHandler
                0x08001fdc                DMA2_Stream4_IRQHandler
                0x08001fdc                USART1_IRQHandler
                0x08001fdc                OTG_FS_IRQHandler
                0x08001fdc                SPI3_IRQHandler
                0x08001fdc                DMA1_Stream4_IRQHandler
                0x08001fdc                I2C1_ER_IRQHandler
                0x08001fdc                DMA2_Stream6_IRQHandler
                0x08001fdc                DMA1_Stream3_IRQHandler
 *fill*         0x08001fde        0x2 
 .text.HAL_Init
                0x08001fe0       0x44 ./Drivers/STM32F4xx_HAL_Driver/Src/stm32f4xx_hal.o
                0x08001fe0                HAL_Init
 .text.HAL_InitTick
                0x08002024       0x60 ./Drivers/STM32F4xx_HAL_Driver/Src/stm32f4xx_hal.o
                0x08002024                HAL_InitTick
 .text.HAL_IncTick
                0x08002084       0x28 ./Drivers/STM32F4xx_HAL_Driver/Src/stm32f4xx_hal.o
                0x08002084                HAL_IncTick
 .text.HAL_GetTick
                0x080020ac       0x18 ./Drivers/STM32F4xx_HAL_Driver/Src/stm32f4xx_hal.o
                0x080020ac                HAL_GetTick
 .text.HAL_Delay
                0x080020c4       0x48 ./Drivers/STM32F4xx_HAL_Driver/Src/stm32f4xx_hal.o
                0x080020c4                HAL_Delay
 .text.HAL_ADC_Init
                0x0800210c       0x86 ./Drivers/STM32F4xx_HAL_Driver/Src/stm32f4xx_hal_adc.o
                0x0800210c                HAL_ADC_Init
 *fill*         0x08002192        0x2 
 .text.HAL_ADC_ConfigChannel
                0x08002194      0x244 ./Drivers/STM32F4xx_HAL_Driver/Src/stm32f4xx_hal_adc.o
                0x08002194                HAL_ADC_ConfigChannel
 .text.ADC_Init
                0x080023d8      0x1f8 ./Drivers/STM32F4xx_HAL_Driver/Src/stm32f4xx_hal_adc.o
 .text.__NVIC_SetPriorityGrouping
                0x080025d0       0x48 ./Drivers/STM32F4xx_HAL_Driver/Src/stm32f4xx_hal_cortex.o
 .text.__NVIC_GetPriorityGrouping
                0x08002618       0x1c ./Drivers/STM32F4xx_HAL_Driver/Src/stm32f4xx_hal_cortex.o
 .text.__NVIC_EnableIRQ
                0x08002634       0x3c ./Drivers/STM32F4xx_HAL_Driver/Src/stm32f4xx_hal_cortex.o
 .text.__NVIC_SetPriority
                0x08002670       0x54 ./Drivers/STM32F4xx_HAL_Driver/Src/stm32f4xx_hal_cortex.o
 .text.NVIC_EncodePriority
                0x080026c4       0x66 ./Drivers/STM32F4xx_HAL_Driver/Src/stm32f4xx_hal_cortex.o
 *fill*         0x0800272a        0x2 
 .text.SysTick_Config
                0x0800272c       0x44 ./Drivers/STM32F4xx_HAL_Driver/Src/stm32f4xx_hal_cortex.o
 .text.HAL_NVIC_SetPriorityGrouping
                0x08002770       0x16 ./Drivers/STM32F4xx_HAL_Driver/Src/stm32f4xx_hal_cortex.o
                0x08002770                HAL_NVIC_SetPriorityGrouping
 .text.HAL_NVIC_SetPriority
                0x08002786       0x38 ./Drivers/STM32F4xx_HAL_Driver/Src/stm32f4xx_hal_cortex.o
                0x08002786                HAL_NVIC_SetPriority
 .text.HAL_NVIC_EnableIRQ
                0x080027be       0x1c ./Drivers/STM32F4xx_HAL_Driver/Src/stm32f4xx_hal_cortex.o
                0x080027be                HAL_NVIC_EnableIRQ
 .text.HAL_SYSTICK_Config
                0x080027da       0x18 ./Drivers/STM32F4xx_HAL_Driver/Src/stm32f4xx_hal_cortex.o
                0x080027da                HAL_SYSTICK_Config
 *fill*         0x080027f2        0x2 
 .text.HAL_DMA_Init
                0x080027f4      0x15c ./Drivers/STM32F4xx_HAL_Driver/Src/stm32f4xx_hal_dma.o
                0x080027f4                HAL_DMA_Init
 .text.HAL_DMA_Abort
                0x08002950       0xe0 ./Drivers/STM32F4xx_HAL_Driver/Src/stm32f4xx_hal_dma.o
                0x08002950                HAL_DMA_Abort
 .text.HAL_DMA_Abort_IT
                0x08002a30       0x44 ./Drivers/STM32F4xx_HAL_Driver/Src/stm32f4xx_hal_dma.o
                0x08002a30                HAL_DMA_Abort_IT
 .text.HAL_DMA_IRQHandler
                0x08002a74      0x314 ./Drivers/STM32F4xx_HAL_Driver/Src/stm32f4xx_hal_dma.o
                0x08002a74                HAL_DMA_IRQHandler
 .text.DMA_CalcBaseAndBitshift
                0x08002d88       0x6c ./Drivers/STM32F4xx_HAL_Driver/Src/stm32f4xx_hal_dma.o
 .text.DMA_CheckFifoParam
                0x08002df4       0xf8 ./Drivers/STM32F4xx_HAL_Driver/Src/stm32f4xx_hal_dma.o
 .text.HAL_GPIO_Init
                0x08002eec      0x338 ./Drivers/STM32F4xx_HAL_Driver/Src/stm32f4xx_hal_gpio.o
                0x08002eec                HAL_GPIO_Init
 .text.HAL_GPIO_WritePin
                0x08003224       0x32 ./Drivers/STM32F4xx_HAL_Driver/Src/stm32f4xx_hal_gpio.o
                0x08003224                HAL_GPIO_WritePin
 *fill*         0x08003256        0x2 
 .text.HAL_I2C_Init
                0x08003258      0x288 ./Drivers/STM32F4xx_HAL_Driver/Src/stm32f4xx_hal_i2c.o
                0x08003258                HAL_I2C_Init
 .text.HAL_RCC_OscConfig
                0x080034e0      0x4f0 ./Drivers/STM32F4xx_HAL_Driver/Src/stm32f4xx_hal_rcc.o
                0x080034e0                HAL_RCC_OscConfig
 .text.HAL_RCC_ClockConfig
                0x080039d0      0x1cc ./Drivers/STM32F4xx_HAL_Driver/Src/stm32f4xx_hal_rcc.o
                0x080039d0                HAL_RCC_ClockConfig
 .text.HAL_RCC_GetSysClockFreq
                0x08003b9c      0x18c ./Drivers/STM32F4xx_HAL_Driver/Src/stm32f4xx_hal_rcc.o
                0x08003b9c                HAL_RCC_GetSysClockFreq
 .text.HAL_RCC_GetHCLKFreq
                0x08003d28       0x18 ./Drivers/STM32F4xx_HAL_Driver/Src/stm32f4xx_hal_rcc.o
                0x08003d28                HAL_RCC_GetHCLKFreq
 .text.HAL_RCC_GetPCLK1Freq
                0x08003d40       0x28 ./Drivers/STM32F4xx_HAL_Driver/Src/stm32f4xx_hal_rcc.o
                0x08003d40                HAL_RCC_GetPCLK1Freq
 .text.HAL_RCC_GetPCLK2Freq
                0x08003d68       0x28 ./Drivers/STM32F4xx_HAL_Driver/Src/stm32f4xx_hal_rcc.o
                0x08003d68                HAL_RCC_GetPCLK2Freq
 .text.HAL_SPI_Init
                0x08003d90      0x112 ./Drivers/STM32F4xx_HAL_Driver/Src/stm32f4xx_hal_spi.o
                0x08003d90                HAL_SPI_Init
 .text.HAL_SPI_Receive
                0x08003ea2      0x232 ./Drivers/STM32F4xx_HAL_Driver/Src/stm32f4xx_hal_spi.o
                0x08003ea2                HAL_SPI_Receive
 .text.HAL_SPI_TransmitReceive
                0x080040d4      0x352 ./Drivers/STM32F4xx_HAL_Driver/Src/stm32f4xx_hal_spi.o
                0x080040d4                HAL_SPI_TransmitReceive
 *fill*         0x08004426        0x2 
 .text.SPI_WaitFlagStateUntilTimeout
                0x08004428      0x110 ./Drivers/STM32F4xx_HAL_Driver/Src/stm32f4xx_hal_spi.o
 .text.SPI_EndRxTransaction
                0x08004538       0xca ./Drivers/STM32F4xx_HAL_Driver/Src/stm32f4xx_hal_spi.o
 *fill*         0x08004602        0x2 
 .text.SPI_EndRxTxTransaction
                0x08004604       0xa8 ./Drivers/STM32F4xx_HAL_Driver/Src/stm32f4xx_hal_spi.o
 .text.HAL_SRAM_Init
                0x080046ac       0x90 ./Drivers/STM32F4xx_HAL_Driver/Src/stm32f4xx_hal_sram.o
                0x080046ac                HAL_SRAM_Init
 .text.HAL_TIM_Base_Init
                0x0800473c       0x9e ./Drivers/STM32F4xx_HAL_Driver/Src/stm32f4xx_hal_tim.o
                0x0800473c                HAL_TIM_Base_Init
 *fill*         0x080047da        0x2 
 .text.HAL_TIM_Base_Start_IT
                0x080047dc       0xe0 ./Drivers/STM32F4xx_HAL_Driver/Src/stm32f4xx_hal_tim.o
                0x080047dc                HAL_TIM_Base_Start_IT
 .text.HAL_TIM_IRQHandler
                0x080048bc      0x1e0 ./Drivers/STM32F4xx_HAL_Driver/Src/stm32f4xx_hal_tim.o
                0x080048bc                HAL_TIM_IRQHandler
 .text.HAL_TIM_ConfigClockSource
                0x08004a9c      0x18e ./Drivers/STM32F4xx_HAL_Driver/Src/stm32f4xx_hal_tim.o
                0x08004a9c                HAL_TIM_ConfigClockSource
 .text.HAL_TIM_OC_DelayElapsedCallback
                0x08004c2a       0x14 ./Drivers/STM32F4xx_HAL_Driver/Src/stm32f4xx_hal_tim.o
                0x08004c2a                HAL_TIM_OC_DelayElapsedCallback
 .text.HAL_TIM_IC_CaptureCallback
                0x08004c3e       0x14 ./Drivers/STM32F4xx_HAL_Driver/Src/stm32f4xx_hal_tim.o
                0x08004c3e                HAL_TIM_IC_CaptureCallback
 .text.HAL_TIM_PWM_PulseFinishedCallback
                0x08004c52       0x14 ./Drivers/STM32F4xx_HAL_Driver/Src/stm32f4xx_hal_tim.o
                0x08004c52                HAL_TIM_PWM_PulseFinishedCallback
 .text.HAL_TIM_TriggerCallback
                0x08004c66       0x14 ./Drivers/STM32F4xx_HAL_Driver/Src/stm32f4xx_hal_tim.o
                0x08004c66                HAL_TIM_TriggerCallback
 *fill*         0x08004c7a        0x2 
 .text.TIM_Base_SetConfig
                0x08004c7c      0x14c ./Drivers/STM32F4xx_HAL_Driver/Src/stm32f4xx_hal_tim.o
                0x08004c7c                TIM_Base_SetConfig
 .text.TIM_TI1_ConfigInputStage
                0x08004dc8       0x5e ./Drivers/STM32F4xx_HAL_Driver/Src/stm32f4xx_hal_tim.o
 .text.TIM_TI2_ConfigInputStage
                0x08004e26       0x60 ./Drivers/STM32F4xx_HAL_Driver/Src/stm32f4xx_hal_tim.o
 .text.TIM_ITRx_SetConfig
                0x08004e86       0x36 ./Drivers/STM32F4xx_HAL_Driver/Src/stm32f4xx_hal_tim.o
 .text.TIM_ETR_SetConfig
                0x08004ebc       0x40 ./Drivers/STM32F4xx_HAL_Driver/Src/stm32f4xx_hal_tim.o
                0x08004ebc                TIM_ETR_SetConfig
 .text.HAL_TIMEx_MasterConfigSynchronization
                0x08004efc       0xf8 ./Drivers/STM32F4xx_HAL_Driver/Src/stm32f4xx_hal_tim_ex.o
                0x08004efc                HAL_TIMEx_MasterConfigSynchronization
 .text.HAL_TIMEx_CommutCallback
                0x08004ff4       0x14 ./Drivers/STM32F4xx_HAL_Driver/Src/stm32f4xx_hal_tim_ex.o
                0x08004ff4                HAL_TIMEx_CommutCallback
 .text.HAL_TIMEx_BreakCallback
                0x08005008       0x14 ./Drivers/STM32F4xx_HAL_Driver/Src/stm32f4xx_hal_tim_ex.o
                0x08005008                HAL_TIMEx_BreakCallback
 .text.HAL_UART_Init
                0x0800501c       0xa0 ./Drivers/STM32F4xx_HAL_Driver/Src/stm32f4xx_hal_uart.o
                0x0800501c                HAL_UART_Init
 .text.HAL_UART_Transmit
                0x080050bc      0x116 ./Drivers/STM32F4xx_HAL_Driver/Src/stm32f4xx_hal_uart.o
                0x080050bc                HAL_UART_Transmit
 .text.HAL_UART_Receive_IT
                0x080051d2       0x4a ./Drivers/STM32F4xx_HAL_Driver/Src/stm32f4xx_hal_uart.o
                0x080051d2                HAL_UART_Receive_IT
 .text.HAL_UART_IRQHandler
                0x0800521c      0x554 ./Drivers/STM32F4xx_HAL_Driver/Src/stm32f4xx_hal_uart.o
                0x0800521c                HAL_UART_IRQHandler
 .text.HAL_UART_TxCpltCallback
                0x08005770       0x14 ./Drivers/STM32F4xx_HAL_Driver/Src/stm32f4xx_hal_uart.o
                0x08005770                HAL_UART_TxCpltCallback
 .text.HAL_UART_ErrorCallback
                0x08005784       0x14 ./Drivers/STM32F4xx_HAL_Driver/Src/stm32f4xx_hal_uart.o
                0x08005784                HAL_UART_ErrorCallback
 .text.HAL_UARTEx_RxEventCallback
                0x08005798       0x18 ./Drivers/STM32F4xx_HAL_Driver/Src/stm32f4xx_hal_uart.o
                0x08005798                HAL_UARTEx_RxEventCallback
 .text.UART_WaitOnFlagUntilTimeout
                0x080057b0       0xb2 ./Drivers/STM32F4xx_HAL_Driver/Src/stm32f4xx_hal_uart.o
 .text.UART_Start_Receive_IT
                0x08005862       0x74 ./Drivers/STM32F4xx_HAL_Driver/Src/stm32f4xx_hal_uart.o
                0x08005862                UART_Start_Receive_IT
 .text.UART_EndRxTransfer
                0x080058d6       0xc6 ./Drivers/STM32F4xx_HAL_Driver/Src/stm32f4xx_hal_uart.o
 .text.UART_DMAAbortOnError
                0x0800599c       0x22 ./Drivers/STM32F4xx_HAL_Driver/Src/stm32f4xx_hal_uart.o
 .text.UART_Transmit_IT
                0x080059be       0xa0 ./Drivers/STM32F4xx_HAL_Driver/Src/stm32f4xx_hal_uart.o
 .text.UART_EndTransmit_IT
                0x08005a5e       0x30 ./Drivers/STM32F4xx_HAL_Driver/Src/stm32f4xx_hal_uart.o
 .text.UART_Receive_IT
                0x08005a8e      0x17c ./Drivers/STM32F4xx_HAL_Driver/Src/stm32f4xx_hal_uart.o
 *fill*         0x08005c0a        0x2 
 .text.UART_SetConfig
                0x08005c0c      0x4e8 ./Drivers/STM32F4xx_HAL_Driver/Src/stm32f4xx_hal_uart.o
 .text.FSMC_NORSRAM_Init
                0x080060f4       0xd4 ./Drivers/STM32F4xx_HAL_Driver/Src/stm32f4xx_ll_fsmc.o
                0x080060f4                FSMC_NORSRAM_Init
 .text.FSMC_NORSRAM_Timing_Init
                0x080061c8       0x5c ./Drivers/STM32F4xx_HAL_Driver/Src/stm32f4xx_ll_fsmc.o
                0x080061c8                FSMC_NORSRAM_Timing_Init
 .text.FSMC_NORSRAM_Extended_Timing_Init
                0x08006224       0x70 ./Drivers/STM32F4xx_HAL_Driver/Src/stm32f4xx_ll_fsmc.o
                0x08006224                FSMC_NORSRAM_Extended_Timing_Init
 .text.memset   0x08006294       0x10 D:/STM32CubeIDE_1.19.0/STM32CubeIDE/plugins/com.st.stm32cube.ide.mcu.externaltools.gnu-tools-for-stm32.13.3.rel1.win32_1.0.0.202411081344/tools/bin/../lib/gcc/arm-none-eabi/13.3.1/../../../../arm-none-eabi/lib/thumb/v7e-m+fp/hard\libc_nano.a(libc_a-memset.o)
                0x08006294                memset
 .text.__libc_init_array
                0x080062a4       0x48 D:/STM32CubeIDE_1.19.0/STM32CubeIDE/plugins/com.st.stm32cube.ide.mcu.externaltools.gnu-tools-for-stm32.13.3.rel1.win32_1.0.0.202411081344/tools/bin/../lib/gcc/arm-none-eabi/13.3.1/../../../../arm-none-eabi/lib/thumb/v7e-m+fp/hard\libc_nano.a(libc_a-init.o)
                0x080062a4                __libc_init_array
 *(.glue_7)
 .glue_7        0x080062ec        0x0 linker stubs
 *(.glue_7t)
 .glue_7t       0x080062ec        0x0 linker stubs
 *(.eh_frame)
 .eh_frame      0x080062ec        0x0 D:/STM32CubeIDE_1.19.0/STM32CubeIDE/plugins/com.st.stm32cube.ide.mcu.externaltools.gnu-tools-for-stm32.13.3.rel1.win32_1.0.0.202411081344/tools/bin/../lib/gcc/arm-none-eabi/13.3.1/thumb/v7e-m+fp/hard/crtbegin.o
 *(.init)
 .init          0x080062ec        0x4 D:/STM32CubeIDE_1.19.0/STM32CubeIDE/plugins/com.st.stm32cube.ide.mcu.externaltools.gnu-tools-for-stm32.13.3.rel1.win32_1.0.0.202411081344/tools/bin/../lib/gcc/arm-none-eabi/13.3.1/thumb/v7e-m+fp/hard/crti.o
                0x080062ec                _init
 .init          0x080062f0        0x8 D:/STM32CubeIDE_1.19.0/STM32CubeIDE/plugins/com.st.stm32cube.ide.mcu.externaltools.gnu-tools-for-stm32.13.3.rel1.win32_1.0.0.202411081344/tools/bin/../lib/gcc/arm-none-eabi/13.3.1/thumb/v7e-m+fp/hard/crtn.o
 *(.fini)
 .fini          0x080062f8        0x4 D:/STM32CubeIDE_1.19.0/STM32CubeIDE/plugins/com.st.stm32cube.ide.mcu.externaltools.gnu-tools-for-stm32.13.3.rel1.win32_1.0.0.202411081344/tools/bin/../lib/gcc/arm-none-eabi/13.3.1/thumb/v7e-m+fp/hard/crti.o
                0x080062f8                _fini
 .fini          0x080062fc        0x8 D:/STM32CubeIDE_1.19.0/STM32CubeIDE/plugins/com.st.stm32cube.ide.mcu.externaltools.gnu-tools-for-stm32.13.3.rel1.win32_1.0.0.202411081344/tools/bin/../lib/gcc/arm-none-eabi/13.3.1/thumb/v7e-m+fp/hard/crtn.o
                0x08006304                        . = ALIGN (0x4)
                0x08006304                        _etext = .

.vfp11_veneer   0x08006304        0x0
 .vfp11_veneer  0x08006304        0x0 linker stubs

.v4_bx          0x08006304        0x0
 .v4_bx         0x08006304        0x0 linker stubs

.iplt           0x08006304        0x0
 .iplt          0x08006304        0x0 D:/STM32CubeIDE_1.19.0/STM32CubeIDE/plugins/com.st.stm32cube.ide.mcu.externaltools.gnu-tools-for-stm32.13.3.rel1.win32_1.0.0.202411081344/tools/bin/../lib/gcc/arm-none-eabi/13.3.1/thumb/v7e-m+fp/hard/crtbegin.o

.rodata         0x08006304     0x2fd4
                0x08006304                        . = ALIGN (0x4)
 *(.rodata)
 .rodata        0x08006304       0x14 ./Core/Src/main.o
 .rodata        0x08006318       0x1f ./Core/Src/mpl.o
 *(.rodata*)
 *fill*         0x08006337        0x1 
 .rodata.ascii_1608
                0x08006338      0x5f0 ./Core/Src/lcd.o
                0x08006338                ascii_1608
 .rodata.ascii_2412
                0x08006928     0x11d0 ./Core/Src/lcd.o
                0x08006928                ascii_2412
 .rodata.ascii_3216
                0x08007af8     0x17c0 ./Core/Src/lcd.o
                0x08007af8                ascii_3216
 .rodata.AHBPrescTable
                0x080092b8       0x10 ./Core/Src/system_stm32f4xx.o
                0x080092b8                AHBPrescTable
 .rodata.APBPrescTable
                0x080092c8        0x8 ./Core/Src/system_stm32f4xx.o
                0x080092c8                APBPrescTable
 .rodata.flagBitshiftOffset.0
                0x080092d0        0x8 ./Drivers/STM32F4xx_HAL_Driver/Src/stm32f4xx_hal_dma.o
                0x080092d8                        . = ALIGN (0x4)

.ARM.extab      0x080092d8        0x0
                0x080092d8                        . = ALIGN (0x4)
 *(.ARM.extab* .gnu.linkonce.armextab.*)
                0x080092d8                        . = ALIGN (0x4)

.ARM            0x080092d8        0x8
                0x080092d8                        . = ALIGN (0x4)
                0x080092d8                        __exidx_start = .
 *(.ARM.exidx*)
 .ARM.exidx     0x080092d8        0x8 D:/STM32CubeIDE_1.19.0/STM32CubeIDE/plugins/com.st.stm32cube.ide.mcu.externaltools.gnu-tools-for-stm32.13.3.rel1.win32_1.0.0.202411081344/tools/bin/../lib/gcc/arm-none-eabi/13.3.1/thumb/v7e-m+fp/hard\libgcc.a(_udivmoddi4.o)
                0x080092e0                        __exidx_end = .
                0x080092e0                        . = ALIGN (0x4)

.preinit_array  0x080092e0        0x0
                0x080092e0                        . = ALIGN (0x4)
                0x080092e0                        PROVIDE (__preinit_array_start = .)
 *(.preinit_array*)
                0x080092e0                        PROVIDE (__preinit_array_end = .)
                0x080092e0                        . = ALIGN (0x4)

.init_array     0x080092e0        0x4
                0x080092e0                        . = ALIGN (0x4)
                0x080092e0                        PROVIDE (__init_array_start = .)
 *(SORT_BY_NAME(.init_array.*))
 *(.init_array*)
 .init_array    0x080092e0        0x4 D:/STM32CubeIDE_1.19.0/STM32CubeIDE/plugins/com.st.stm32cube.ide.mcu.externaltools.gnu-tools-for-stm32.13.3.rel1.win32_1.0.0.202411081344/tools/bin/../lib/gcc/arm-none-eabi/13.3.1/thumb/v7e-m+fp/hard/crtbegin.o
                0x080092e4                        PROVIDE (__init_array_end = .)
                0x080092e4                        . = ALIGN (0x4)

.fini_array     0x080092e4        0x4
                0x080092e4                        . = ALIGN (0x4)
                [!provide]                        PROVIDE (__fini_array_start = .)
 *(SORT_BY_NAME(.fini_array.*))
 *(.fini_array*)
 .fini_array    0x080092e4        0x4 D:/STM32CubeIDE_1.19.0/STM32CubeIDE/plugins/com.st.stm32cube.ide.mcu.externaltools.gnu-tools-for-stm32.13.3.rel1.win32_1.0.0.202411081344/tools/bin/../lib/gcc/arm-none-eabi/13.3.1/thumb/v7e-m+fp/hard/crtbegin.o
                [!provide]                        PROVIDE (__fini_array_end = .)
                0x080092e8                        . = ALIGN (0x4)
                0x080092e8                        _sidata = LOADADDR (.data)

.rel.dyn        0x080092e8        0x0
 .rel.iplt      0x080092e8        0x0 D:/STM32CubeIDE_1.19.0/STM32CubeIDE/plugins/com.st.stm32cube.ide.mcu.externaltools.gnu-tools-for-stm32.13.3.rel1.win32_1.0.0.202411081344/tools/bin/../lib/gcc/arm-none-eabi/13.3.1/thumb/v7e-m+fp/hard/crtbegin.o

.data           0x20000000      0x210 load address 0x080092e8
                0x20000000                        . = ALIGN (0x4)
                0x20000000                        _sdata = .
 *(.data)
 *(.data*)
 .data.lookup_table
                0x20000000      0x200 ./Core/Src/crc16.o
                0x20000000                lookup_table
 .data.item.0   0x20000200        0x1 ./Core/Src/main.o
 .data.packet_status
                0x20000201        0x1 ./Core/Src/mpl.o
                0x20000201                packet_status
 *fill*         0x20000202        0x2 
 .data.SystemCoreClock
                0x20000204        0x4 ./Core/Src/system_stm32f4xx.o
                0x20000204                SystemCoreClock
 .data.uwTickPrio
                0x20000208        0x4 ./Drivers/STM32F4xx_HAL_Driver/Src/stm32f4xx_hal.o
                0x20000208                uwTickPrio
 .data.uwTickFreq
                0x2000020c        0x1 ./Drivers/STM32F4xx_HAL_Driver/Src/stm32f4xx_hal.o
                0x2000020c                uwTickFreq
 *(.RamFunc)
 *(.RamFunc*)
                0x20000210                        . = ALIGN (0x4)
 *fill*         0x2000020d        0x3 
                0x20000210                        _edata = .
                0x080094f8                        _siccmram = LOADADDR (.ccmram)

.igot.plt       0x20000210        0x0 load address 0x080094f8
 .igot.plt      0x20000210        0x0 D:/STM32CubeIDE_1.19.0/STM32CubeIDE/plugins/com.st.stm32cube.ide.mcu.externaltools.gnu-tools-for-stm32.13.3.rel1.win32_1.0.0.202411081344/tools/bin/../lib/gcc/arm-none-eabi/13.3.1/thumb/v7e-m+fp/hard/crtbegin.o

.ccmram         0x10000000        0x0 load address 0x080094f8
                0x10000000                        . = ALIGN (0x4)
                0x10000000                        _sccmram = .
 *(.ccmram)
 *(.ccmram*)
                0x10000000                        . = ALIGN (0x4)
                0x10000000                        _eccmram = .
                0x10000000                        . = ALIGN (0x4)

.bss            0x20000210      0x538
                0x20000210                        _sbss = .
                0x20000210                        __bss_start__ = _sbss
 *(.bss)
 .bss           0x20000210       0x1c D:/STM32CubeIDE_1.19.0/STM32CubeIDE/plugins/com.st.stm32cube.ide.mcu.externaltools.gnu-tools-for-stm32.13.3.rel1.win32_1.0.0.202411081344/tools/bin/../lib/gcc/arm-none-eabi/13.3.1/thumb/v7e-m+fp/hard/crtbegin.o
 *(.bss*)
 .bss.hadc1     0x2000022c       0x48 ./Core/Src/adc.o
                0x2000022c                hadc1
 .bss.hdma_adc1
                0x20000274       0x60 ./Core/Src/adc.o
                0x20000274                hdma_adc1
 .bss.button_count
                0x200002d4       0x20 ./Core/Src/button.o
                0x200002d4                button_count
 .bss.button_spi_buffer
                0x200002f4        0x2 ./Core/Src/button.o
 *fill*         0x200002f6        0x2 
 .bss.hsram1    0x200002f8       0x50 ./Core/Src/fsmc.o
                0x200002f8                hsram1
 .bss.FSMC_Initialized
                0x20000348        0x4 ./Core/Src/fsmc.o
 .bss.received_byte
                0x2000034c        0x1 ./Core/Src/hwi.o
                0x2000034c                received_byte
 .bss.rx_index  0x2000034d        0x1 ./Core/Src/hwi.o
                0x2000034d                rx_index
 .bss.read_index
                0x2000034e        0x1 ./Core/Src/hwi.o
                0x2000034e                read_index
 *fill*         0x2000034f        0x1 
 .bss.rx        0x20000350      0x100 ./Core/Src/hwi.o
                0x20000350                rx
 .bss.hi2c1     0x20000450       0x54 ./Core/Src/i2c.o
                0x20000450                hi2c1
 .bss.lcddev    0x200004a4        0x6 ./Core/Src/lcd.o
                0x200004a4                lcddev
 *fill*         0x200004aa        0x2 
 .bss.receive_buffer
                0x200004ac      0x100 ./Core/Src/mpl.o
                0x200004ac                receive_buffer
 .bss.buffer_index
                0x200005ac        0x1 ./Core/Src/mpl.o
                0x200005ac                buffer_index
 *fill*         0x200005ad        0x1 
 .bss.packet_length
                0x200005ae        0x2 ./Core/Src/mpl.o
                0x200005ae                packet_length
 .bss.flag      0x200005b0        0x1 ./Core/Src/mpl.o
                0x200005b0                flag
 .bss.new_byte  0x200005b1        0x1 ./Core/Src/mpl.o
                0x200005b1                new_byte
 .bss.payload_info
                0x200005b2        0x2 ./Core/Src/mpl.o
                0x200005b2                payload_info
 .bss.mpl_status
                0x200005b4        0x1 ./Core/Src/mpl.o
                0x200005b4                mpl_status
 *fill*         0x200005b5        0x3 
 .bss.timer_counter
                0x200005b8        0xa ./Core/Src/software_timer.o
                0x200005b8                timer_counter
 *fill*         0x200005c2        0x2 
 .bss.timer_flag
                0x200005c4        0x5 ./Core/Src/software_timer.o
                0x200005c4                timer_flag
 *fill*         0x200005c9        0x3 
 .bss.hspi1     0x200005cc       0x58 ./Core/Src/spi.o
                0x200005cc                hspi1
 .bss.htim3     0x20000624       0x48 ./Core/Src/tim.o
                0x20000624                htim3
 .bss.huart1    0x2000066c       0x48 ./Core/Src/usart.o
                0x2000066c                huart1
 .bss.huart2    0x200006b4       0x48 ./Core/Src/usart.o
                0x200006b4                huart2
 .bss.huart3    0x200006fc       0x48 ./Core/Src/usart.o
                0x200006fc                huart3
 .bss.uwTick    0x20000744        0x4 ./Drivers/STM32F4xx_HAL_Driver/Src/stm32f4xx_hal.o
                0x20000744                uwTick
 *(COMMON)
                0x20000748                        . = ALIGN (0x4)
                0x20000748                        _ebss = .
                0x20000748                        __bss_end__ = _ebss

._user_heap_stack
                0x20000748      0x600
                0x20000748                        . = ALIGN (0x8)
                [!provide]                        PROVIDE (end = .)
                0x20000748                        PROVIDE (_end = .)
                0x20000948                        . = (. + _Min_Heap_Size)
 *fill*         0x20000748      0x200 
                0x20000d48                        . = (. + _Min_Stack_Size)
 *fill*         0x20000948      0x400 
                0x20000d48                        . = ALIGN (0x8)

/DISCARD/
 libc.a(*)
 libm.a(*)
 libgcc.a(*)

.ARM.attributes
                0x00000000       0x30
 *(.ARM.attributes)
 .ARM.attributes
                0x00000000       0x22 D:/STM32CubeIDE_1.19.0/STM32CubeIDE/plugins/com.st.stm32cube.ide.mcu.externaltools.gnu-tools-for-stm32.13.3.rel1.win32_1.0.0.202411081344/tools/bin/../lib/gcc/arm-none-eabi/13.3.1/thumb/v7e-m+fp/hard/crti.o
 .ARM.attributes
                0x00000022       0x34 D:/STM32CubeIDE_1.19.0/STM32CubeIDE/plugins/com.st.stm32cube.ide.mcu.externaltools.gnu-tools-for-stm32.13.3.rel1.win32_1.0.0.202411081344/tools/bin/../lib/gcc/arm-none-eabi/13.3.1/thumb/v7e-m+fp/hard/crtbegin.o
 .ARM.attributes
                0x00000056       0x34 ./Core/Src/adc.o
 .ARM.attributes
                0x0000008a       0x34 ./Core/Src/button.o
 .ARM.attributes
                0x000000be       0x34 ./Core/Src/crc16.o
 .ARM.attributes
                0x000000f2       0x34 ./Core/Src/dma.o
 .ARM.attributes
                0x00000126       0x34 ./Core/Src/fsmc.o
 .ARM.attributes
                0x0000015a       0x34 ./Core/Src/gpio.o
 .ARM.attributes
                0x0000018e       0x34 ./Core/Src/hwi.o
 .ARM.attributes
                0x000001c2       0x34 ./Core/Src/i2c.o
 .ARM.attributes
                0x000001f6       0x34 ./Core/Src/lcd.o
 .ARM.attributes
                0x0000022a       0x34 ./Core/Src/main.o
 .ARM.attributes
                0x0000025e       0x34 ./Core/Src/mpl.o
 .ARM.attributes
                0x00000292       0x34 ./Core/Src/software_timer.o
 .ARM.attributes
                0x000002c6       0x34 ./Core/Src/spi.o
 .ARM.attributes
                0x000002fa       0x34 ./Core/Src/stm32f4xx_hal_msp.o
 .ARM.attributes
                0x0000032e       0x34 ./Core/Src/stm32f4xx_it.o
 .ARM.attributes
                0x00000362       0x34 ./Core/Src/system_stm32f4xx.o
 .ARM.attributes
                0x00000396       0x34 ./Core/Src/tim.o
 .ARM.attributes
                0x000003ca       0x34 ./Core/Src/usart.o
 .ARM.attributes
                0x000003fe       0x21 ./Core/Startup/startup_stm32f407zgtx.o
 .ARM.attributes
                0x0000041f       0x34 ./Drivers/STM32F4xx_HAL_Driver/Src/stm32f4xx_hal.o
 .ARM.attributes
                0x00000453       0x34 ./Drivers/STM32F4xx_HAL_Driver/Src/stm32f4xx_hal_adc.o
 .ARM.attributes
                0x00000487       0x34 ./Drivers/STM32F4xx_HAL_Driver/Src/stm32f4xx_hal_cortex.o
 .ARM.attributes
                0x000004bb       0x34 ./Drivers/STM32F4xx_HAL_Driver/Src/stm32f4xx_hal_dma.o
 .ARM.attributes
                0x000004ef       0x34 ./Drivers/STM32F4xx_HAL_Driver/Src/stm32f4xx_hal_gpio.o
 .ARM.attributes
                0x00000523       0x34 ./Drivers/STM32F4xx_HAL_Driver/Src/stm32f4xx_hal_i2c.o
 .ARM.attributes
                0x00000557       0x34 ./Drivers/STM32F4xx_HAL_Driver/Src/stm32f4xx_hal_rcc.o
 .ARM.attributes
                0x0000058b       0x34 ./Drivers/STM32F4xx_HAL_Driver/Src/stm32f4xx_hal_spi.o
 .ARM.attributes
                0x000005bf       0x34 ./Drivers/STM32F4xx_HAL_Driver/Src/stm32f4xx_hal_sram.o
 .ARM.attributes
                0x000005f3       0x34 ./Drivers/STM32F4xx_HAL_Driver/Src/stm32f4xx_hal_tim.o
 .ARM.attributes
                0x00000627       0x34 ./Drivers/STM32F4xx_HAL_Driver/Src/stm32f4xx_hal_tim_ex.o
 .ARM.attributes
                0x0000065b       0x34 ./Drivers/STM32F4xx_HAL_Driver/Src/stm32f4xx_hal_uart.o
 .ARM.attributes
                0x0000068f       0x34 ./Drivers/STM32F4xx_HAL_Driver/Src/stm32f4xx_ll_fsmc.o
 .ARM.attributes
                0x000006c3       0x34 D:/STM32CubeIDE_1.19.0/STM32CubeIDE/plugins/com.st.stm32cube.ide.mcu.externaltools.gnu-tools-for-stm32.13.3.rel1.win32_1.0.0.202411081344/tools/bin/../lib/gcc/arm-none-eabi/13.3.1/../../../../arm-none-eabi/lib/thumb/v7e-m+fp/hard\libc_nano.a(libc_a-memset.o)
 .ARM.attributes
                0x000006f7       0x34 D:/STM32CubeIDE_1.19.0/STM32CubeIDE/plugins/com.st.stm32cube.ide.mcu.externaltools.gnu-tools-for-stm32.13.3.rel1.win32_1.0.0.202411081344/tools/bin/../lib/gcc/arm-none-eabi/13.3.1/../../../../arm-none-eabi/lib/thumb/v7e-m+fp/hard\libc_nano.a(libc_a-init.o)
 .ARM.attributes
                0x0000072b       0x22 D:/STM32CubeIDE_1.19.0/STM32CubeIDE/plugins/com.st.stm32cube.ide.mcu.externaltools.gnu-tools-for-stm32.13.3.rel1.win32_1.0.0.202411081344/tools/bin/../lib/gcc/arm-none-eabi/13.3.1/thumb/v7e-m+fp/hard\libgcc.a(_aeabi_uldivmod.o)
 .ARM.attributes
                0x0000074d       0x34 D:/STM32CubeIDE_1.19.0/STM32CubeIDE/plugins/com.st.stm32cube.ide.mcu.externaltools.gnu-tools-for-stm32.13.3.rel1.win32_1.0.0.202411081344/tools/bin/../lib/gcc/arm-none-eabi/13.3.1/thumb/v7e-m+fp/hard\libgcc.a(_udivmoddi4.o)
 .ARM.attributes
                0x00000781       0x22 D:/STM32CubeIDE_1.19.0/STM32CubeIDE/plugins/com.st.stm32cube.ide.mcu.externaltools.gnu-tools-for-stm32.13.3.rel1.win32_1.0.0.202411081344/tools/bin/../lib/gcc/arm-none-eabi/13.3.1/thumb/v7e-m+fp/hard\libgcc.a(_dvmd_tls.o)
 .ARM.attributes
                0x000007a3       0x22 D:/STM32CubeIDE_1.19.0/STM32CubeIDE/plugins/com.st.stm32cube.ide.mcu.externaltools.gnu-tools-for-stm32.13.3.rel1.win32_1.0.0.202411081344/tools/bin/../lib/gcc/arm-none-eabi/13.3.1/thumb/v7e-m+fp/hard/crtn.o
OUTPUT(BKIT_Assignment_2.elf elf32-littlearm)
LOAD linker stubs
LOAD D:/STM32CubeIDE_1.19.0/STM32CubeIDE/plugins/com.st.stm32cube.ide.mcu.externaltools.gnu-tools-for-stm32.13.3.rel1.win32_1.0.0.202411081344/tools/bin/../lib/gcc/arm-none-eabi/13.3.1/../../../../arm-none-eabi/lib/thumb/v7e-m+fp/hard\libc.a
LOAD D:/STM32CubeIDE_1.19.0/STM32CubeIDE/plugins/com.st.stm32cube.ide.mcu.externaltools.gnu-tools-for-stm32.13.3.rel1.win32_1.0.0.202411081344/tools/bin/../lib/gcc/arm-none-eabi/13.3.1/../../../../arm-none-eabi/lib/thumb/v7e-m+fp/hard\libm.a
LOAD D:/STM32CubeIDE_1.19.0/STM32CubeIDE/plugins/com.st.stm32cube.ide.mcu.externaltools.gnu-tools-for-stm32.13.3.rel1.win32_1.0.0.202411081344/tools/bin/../lib/gcc/arm-none-eabi/13.3.1/thumb/v7e-m+fp/hard\libgcc.a

.debug_info     0x00000000    0x18b6e
 .debug_info    0x00000000      0x9f1 ./Core/Src/adc.o
 .debug_info    0x000009f1      0x7e9 ./Core/Src/button.o
 .debug_info    0x000011da      0x13d ./Core/Src/crc16.o
 .debug_info    0x00001317      0x4ad ./Core/Src/dma.o
 .debug_info    0x000017c4      0x9ee ./Core/Src/fsmc.o
 .debug_info    0x000021b2      0x45d ./Core/Src/gpio.o
 .debug_info    0x0000260f      0x7bd ./Core/Src/hwi.o
 .debug_info    0x00002dcc      0x968 ./Core/Src/i2c.o
 .debug_info    0x00003734      0xe24 ./Core/Src/lcd.o
 .debug_info    0x00004558      0xe90 ./Core/Src/main.o
 .debug_info    0x000053e8      0x30a ./Core/Src/mpl.o
 .debug_info    0x000056f2      0x775 ./Core/Src/software_timer.o
 .debug_info    0x00005e67      0x94d ./Core/Src/spi.o
 .debug_info    0x000067b4      0x269 ./Core/Src/stm32f4xx_hal_msp.o
 .debug_info    0x00006a1d      0x9bb ./Core/Src/stm32f4xx_it.o
 .debug_info    0x000073d8      0x512 ./Core/Src/system_stm32f4xx.o
 .debug_info    0x000078ea      0xc03 ./Core/Src/tim.o
 .debug_info    0x000084ed      0xc43 ./Core/Src/usart.o
 .debug_info    0x00009130       0x30 ./Core/Startup/startup_stm32f407zgtx.o
 .debug_info    0x00009160      0x944 ./Drivers/STM32F4xx_HAL_Driver/Src/stm32f4xx_hal.o
 .debug_info    0x00009aa4      0xce3 ./Drivers/STM32F4xx_HAL_Driver/Src/stm32f4xx_hal_adc.o
 .debug_info    0x0000a787      0xd8c ./Drivers/STM32F4xx_HAL_Driver/Src/stm32f4xx_hal_cortex.o
 .debug_info    0x0000b513      0x8e7 ./Drivers/STM32F4xx_HAL_Driver/Src/stm32f4xx_hal_dma.o
 .debug_info    0x0000bdfa      0x6c3 ./Drivers/STM32F4xx_HAL_Driver/Src/stm32f4xx_hal_gpio.o
 .debug_info    0x0000c4bd     0x2415 ./Drivers/STM32F4xx_HAL_Driver/Src/stm32f4xx_hal_i2c.o
 .debug_info    0x0000e8d2      0x8c3 ./Drivers/STM32F4xx_HAL_Driver/Src/stm32f4xx_hal_rcc.o
 .debug_info    0x0000f195     0x1525 ./Drivers/STM32F4xx_HAL_Driver/Src/stm32f4xx_hal_spi.o
 .debug_info    0x000106ba      0xd48 ./Drivers/STM32F4xx_HAL_Driver/Src/stm32f4xx_hal_sram.o
 .debug_info    0x00011402     0x299d ./Drivers/STM32F4xx_HAL_Driver/Src/stm32f4xx_hal_tim.o
 .debug_info    0x00013d9f     0x14db ./Drivers/STM32F4xx_HAL_Driver/Src/stm32f4xx_hal_tim_ex.o
 .debug_info    0x0001527a     0x2f4f ./Drivers/STM32F4xx_HAL_Driver/Src/stm32f4xx_hal_uart.o
 .debug_info    0x000181c9      0x9a5 ./Drivers/STM32F4xx_HAL_Driver/Src/stm32f4xx_ll_fsmc.o

.debug_abbrev   0x00000000     0x3f4c
 .debug_abbrev  0x00000000      0x205 ./Core/Src/adc.o
 .debug_abbrev  0x00000205      0x21b ./Core/Src/button.o
 .debug_abbrev  0x00000420       0xca ./Core/Src/crc16.o
 .debug_abbrev  0x000004ea      0x10e ./Core/Src/dma.o
 .debug_abbrev  0x000005f8      0x212 ./Core/Src/fsmc.o
 .debug_abbrev  0x0000080a      0x152 ./Core/Src/gpio.o
 .debug_abbrev  0x0000095c      0x20c ./Core/Src/hwi.o
 .debug_abbrev  0x00000b68      0x1f1 ./Core/Src/i2c.o
 .debug_abbrev  0x00000d59      0x328 ./Core/Src/lcd.o
 .debug_abbrev  0x00001081      0x289 ./Core/Src/main.o
 .debug_abbrev  0x0000130a      0x163 ./Core/Src/mpl.o
 .debug_abbrev  0x0000146d      0x1df ./Core/Src/software_timer.o
 .debug_abbrev  0x0000164c      0x1fa ./Core/Src/spi.o
 .debug_abbrev  0x00001846       0xd8 ./Core/Src/stm32f4xx_hal_msp.o
 .debug_abbrev  0x0000191e      0x19b ./Core/Src/stm32f4xx_it.o
 .debug_abbrev  0x00001ab9      0x11a ./Core/Src/system_stm32f4xx.o
 .debug_abbrev  0x00001bd3      0x1f7 ./Core/Src/tim.o
 .debug_abbrev  0x00001dca      0x21e ./Core/Src/usart.o
 .debug_abbrev  0x00001fe8       0x24 ./Core/Startup/startup_stm32f407zgtx.o
 .debug_abbrev  0x0000200c      0x214 ./Drivers/STM32F4xx_HAL_Driver/Src/stm32f4xx_hal.o
 .debug_abbrev  0x00002220      0x252 ./Drivers/STM32F4xx_HAL_Driver/Src/stm32f4xx_hal_adc.o
 .debug_abbrev  0x00002472      0x31d ./Drivers/STM32F4xx_HAL_Driver/Src/stm32f4xx_hal_cortex.o
 .debug_abbrev  0x0000278f      0x264 ./Drivers/STM32F4xx_HAL_Driver/Src/stm32f4xx_hal_dma.o
 .debug_abbrev  0x000029f3      0x1d4 ./Drivers/STM32F4xx_HAL_Driver/Src/stm32f4xx_hal_gpio.o
 .debug_abbrev  0x00002bc7      0x2ad ./Drivers/STM32F4xx_HAL_Driver/Src/stm32f4xx_hal_i2c.o
 .debug_abbrev  0x00002e74      0x2b7 ./Drivers/STM32F4xx_HAL_Driver/Src/stm32f4xx_hal_rcc.o
 .debug_abbrev  0x0000312b      0x27a ./Drivers/STM32F4xx_HAL_Driver/Src/stm32f4xx_hal_spi.o
 .debug_abbrev  0x000033a5      0x1f3 ./Drivers/STM32F4xx_HAL_Driver/Src/stm32f4xx_hal_sram.o
 .debug_abbrev  0x00003598      0x278 ./Drivers/STM32F4xx_HAL_Driver/Src/stm32f4xx_hal_tim.o
 .debug_abbrev  0x00003810      0x283 ./Drivers/STM32F4xx_HAL_Driver/Src/stm32f4xx_hal_tim_ex.o
 .debug_abbrev  0x00003a93      0x30e ./Drivers/STM32F4xx_HAL_Driver/Src/stm32f4xx_hal_uart.o
 .debug_abbrev  0x00003da1      0x1ab ./Drivers/STM32F4xx_HAL_Driver/Src/stm32f4xx_ll_fsmc.o

.debug_aranges  0x00000000     0x1648
 .debug_aranges
                0x00000000       0x30 ./Core/Src/adc.o
 .debug_aranges
                0x00000030       0x40 ./Core/Src/button.o
 .debug_aranges
                0x00000070       0x20 ./Core/Src/crc16.o
 .debug_aranges
                0x00000090       0x20 ./Core/Src/dma.o
 .debug_aranges
                0x000000b0       0x40 ./Core/Src/fsmc.o
 .debug_aranges
                0x000000f0       0x20 ./Core/Src/gpio.o
 .debug_aranges
                0x00000110       0x38 ./Core/Src/hwi.o
 .debug_aranges
                0x00000148       0x30 ./Core/Src/i2c.o
 .debug_aranges
                0x00000178       0xf0 ./Core/Src/lcd.o
 .debug_aranges
                0x00000268       0x48 ./Core/Src/main.o
 .debug_aranges
                0x000002b0       0x48 ./Core/Src/mpl.o
 .debug_aranges
                0x000002f8       0x38 ./Core/Src/software_timer.o
 .debug_aranges
                0x00000330       0x30 ./Core/Src/spi.o
 .debug_aranges
                0x00000360       0x20 ./Core/Src/stm32f4xx_hal_msp.o
 .debug_aranges
                0x00000380       0x78 ./Core/Src/stm32f4xx_it.o
 .debug_aranges
                0x000003f8       0x28 ./Core/Src/system_stm32f4xx.o
 .debug_aranges
                0x00000420       0x30 ./Core/Src/tim.o
 .debug_aranges
                0x00000450       0x40 ./Core/Src/usart.o
 .debug_aranges
                0x00000490       0x28 ./Core/Startup/startup_stm32f407zgtx.o
 .debug_aranges
                0x000004b8       0xf0 ./Drivers/STM32F4xx_HAL_Driver/Src/stm32f4xx_hal.o
 .debug_aranges
                0x000005a8       0xe8 ./Drivers/STM32F4xx_HAL_Driver/Src/stm32f4xx_hal_adc.o
 .debug_aranges
                0x00000690      0x130 ./Drivers/STM32F4xx_HAL_Driver/Src/stm32f4xx_hal_cortex.o
 .debug_aranges
                0x000007c0       0x90 ./Drivers/STM32F4xx_HAL_Driver/Src/stm32f4xx_hal_dma.o
 .debug_aranges
                0x00000850       0x58 ./Drivers/STM32F4xx_HAL_Driver/Src/stm32f4xx_hal_gpio.o
 .debug_aranges
                0x000008a8      0x2a8 ./Drivers/STM32F4xx_HAL_Driver/Src/stm32f4xx_hal_i2c.o
 .debug_aranges
                0x00000b50       0x88 ./Drivers/STM32F4xx_HAL_Driver/Src/stm32f4xx_hal_rcc.o
 .debug_aranges
                0x00000bd8      0x1d0 ./Drivers/STM32F4xx_HAL_Driver/Src/stm32f4xx_hal_spi.o
 .debug_aranges
                0x00000da8       0xb8 ./Drivers/STM32F4xx_HAL_Driver/Src/stm32f4xx_hal_sram.o
 .debug_aranges
                0x00000e60      0x3d0 ./Drivers/STM32F4xx_HAL_Driver/Src/stm32f4xx_hal_tim.o
 .debug_aranges
                0x00001230      0x168 ./Drivers/STM32F4xx_HAL_Driver/Src/stm32f4xx_hal_tim_ex.o
 .debug_aranges
                0x00001398      0x208 ./Drivers/STM32F4xx_HAL_Driver/Src/stm32f4xx_hal_uart.o
 .debug_aranges
                0x000015a0       0xa8 ./Drivers/STM32F4xx_HAL_Driver/Src/stm32f4xx_ll_fsmc.o

.debug_rnglists
                0x00000000     0x114f
 .debug_rnglists
                0x00000000       0x21 ./Core/Src/adc.o
 .debug_rnglists
                0x00000021       0x2c ./Core/Src/button.o
 .debug_rnglists
                0x0000004d       0x13 ./Core/Src/crc16.o
 .debug_rnglists
                0x00000060       0x13 ./Core/Src/dma.o
 .debug_rnglists
                0x00000073       0x2d ./Core/Src/fsmc.o
 .debug_rnglists
                0x000000a0       0x14 ./Core/Src/gpio.o
 .debug_rnglists
                0x000000b4       0x25 ./Core/Src/hwi.o
 .debug_rnglists
                0x000000d9       0x20 ./Core/Src/i2c.o
 .debug_rnglists
                0x000000f9       0xbc ./Core/Src/lcd.o
 .debug_rnglists
                0x000001b5       0x33 ./Core/Src/main.o
 .debug_rnglists
                0x000001e8       0x32 ./Core/Src/mpl.o
 .debug_rnglists
                0x0000021a       0x25 ./Core/Src/software_timer.o
 .debug_rnglists
                0x0000023f       0x20 ./Core/Src/spi.o
 .debug_rnglists
                0x0000025f       0x13 ./Core/Src/stm32f4xx_hal_msp.o
 .debug_rnglists
                0x00000272       0x55 ./Core/Src/stm32f4xx_it.o
 .debug_rnglists
                0x000002c7       0x1a ./Core/Src/system_stm32f4xx.o
 .debug_rnglists
                0x000002e1       0x20 ./Core/Src/tim.o
 .debug_rnglists
                0x00000301       0x2d ./Core/Src/usart.o
 .debug_rnglists
                0x0000032e       0x19 ./Core/Startup/startup_stm32f407zgtx.o
 .debug_rnglists
                0x00000347       0xaf ./Drivers/STM32F4xx_HAL_Driver/Src/stm32f4xx_hal.o
 .debug_rnglists
                0x000003f6       0xb5 ./Drivers/STM32F4xx_HAL_Driver/Src/stm32f4xx_hal_adc.o
 .debug_rnglists
                0x000004ab       0xe0 ./Drivers/STM32F4xx_HAL_Driver/Src/stm32f4xx_hal_cortex.o
 .debug_rnglists
                0x0000058b       0x70 ./Drivers/STM32F4xx_HAL_Driver/Src/stm32f4xx_hal_dma.o
 .debug_rnglists
                0x000005fb       0x3f ./Drivers/STM32F4xx_HAL_Driver/Src/stm32f4xx_hal_gpio.o
 .debug_rnglists
                0x0000063a      0x23c ./Drivers/STM32F4xx_HAL_Driver/Src/stm32f4xx_hal_i2c.o
 .debug_rnglists
                0x00000876       0x66 ./Drivers/STM32F4xx_HAL_Driver/Src/stm32f4xx_hal_rcc.o
 .debug_rnglists
                0x000008dc      0x16f ./Drivers/STM32F4xx_HAL_Driver/Src/stm32f4xx_hal_spi.o
 .debug_rnglists
                0x00000a4b       0x8d ./Drivers/STM32F4xx_HAL_Driver/Src/stm32f4xx_hal_sram.o
 .debug_rnglists
                0x00000ad8      0x31a ./Drivers/STM32F4xx_HAL_Driver/Src/stm32f4xx_hal_tim.o
 .debug_rnglists
                0x00000df2      0x125 ./Drivers/STM32F4xx_HAL_Driver/Src/stm32f4xx_hal_tim_ex.o
 .debug_rnglists
                0x00000f17      0x1bc ./Drivers/STM32F4xx_HAL_Driver/Src/stm32f4xx_hal_uart.o
 .debug_rnglists
                0x000010d3       0x7c ./Drivers/STM32F4xx_HAL_Driver/Src/stm32f4xx_ll_fsmc.o

.debug_macro    0x00000000    0x25cf4
 .debug_macro   0x00000000      0x24e ./Core/Src/adc.o
 .debug_macro   0x0000024e      0xad8 ./Core/Src/adc.o
 .debug_macro   0x00000d26      0x2b3 ./Core/Src/adc.o
 .debug_macro   0x00000fd9       0x2e ./Core/Src/adc.o
 .debug_macro   0x00001007       0x2f ./Core/Src/adc.o
 .debug_macro   0x00001036       0x22 ./Core/Src/adc.o
 .debug_macro   0x00001058       0x8e ./Core/Src/adc.o
 .debug_macro   0x000010e6       0x51 ./Core/Src/adc.o
 .debug_macro   0x00001137      0x103 ./Core/Src/adc.o
 .debug_macro   0x0000123a       0x6a ./Core/Src/adc.o
 .debug_macro   0x000012a4      0x1df ./Core/Src/adc.o
 .debug_macro   0x00001483       0x1c ./Core/Src/adc.o
 .debug_macro   0x0000149f       0x22 ./Core/Src/adc.o
 .debug_macro   0x000014c1       0xfb ./Core/Src/adc.o
 .debug_macro   0x000015bc     0x1011 ./Core/Src/adc.o
 .debug_macro   0x000025cd      0x11f ./Core/Src/adc.o
 .debug_macro   0x000026ec    0x15ea5 ./Core/Src/adc.o
 .debug_macro   0x00018591       0x6d ./Core/Src/adc.o
 .debug_macro   0x000185fe     0x3693 ./Core/Src/adc.o
 .debug_macro   0x0001bc91      0x190 ./Core/Src/adc.o
 .debug_macro   0x0001be21       0x5c ./Core/Src/adc.o
 .debug_macro   0x0001be7d      0x980 ./Core/Src/adc.o
 .debug_macro   0x0001c7fd      0x9e9 ./Core/Src/adc.o
 .debug_macro   0x0001d1e6      0x115 ./Core/Src/adc.o
 .debug_macro   0x0001d2fb      0x13e ./Core/Src/adc.o
 .debug_macro   0x0001d439       0xa5 ./Core/Src/adc.o
 .debug_macro   0x0001d4de      0x174 ./Core/Src/adc.o
 .debug_macro   0x0001d652      0x287 ./Core/Src/adc.o
 .debug_macro   0x0001d8d9       0x5f ./Core/Src/adc.o
 .debug_macro   0x0001d938      0x236 ./Core/Src/adc.o
 .debug_macro   0x0001db6e      0xb5b ./Core/Src/adc.o
 .debug_macro   0x0001e6c9      0x38b ./Core/Src/adc.o
 .debug_macro   0x0001ea54      0x176 ./Core/Src/adc.o
 .debug_macro   0x0001ebca       0xf9 ./Core/Src/adc.o
 .debug_macro   0x0001ecc3      0x12c ./Core/Src/adc.o
 .debug_macro   0x0001edef      0x21e ./Core/Src/adc.o
 .debug_macro   0x0001f00d       0x2e ./Core/Src/adc.o
 .debug_macro   0x0001f03b      0x516 ./Core/Src/adc.o
 .debug_macro   0x0001f551      0x1b5 ./Core/Src/adc.o
 .debug_macro   0x0001f706       0xd6 ./Core/Src/adc.o
 .debug_macro   0x0001f7dc      0x127 ./Core/Src/adc.o
 .debug_macro   0x0001f903       0x7e ./Core/Src/adc.o
 .debug_macro   0x0001f981       0x89 ./Core/Src/adc.o
 .debug_macro   0x0001fa0a      0x225 ./Core/Src/adc.o
 .debug_macro   0x0001fc2f      0x8ed ./Core/Src/adc.o
 .debug_macro   0x0002051c       0x4d ./Core/Src/adc.o
 .debug_macro   0x00020569      0x2aa ./Core/Src/adc.o
 .debug_macro   0x00020813      0x12d ./Core/Src/adc.o
 .debug_macro   0x00020940       0x58 ./Core/Src/adc.o
 .debug_macro   0x00020998      0x271 ./Core/Src/button.o
 .debug_macro   0x00020c09       0x3a ./Core/Src/button.o
 .debug_macro   0x00020c43      0x13e ./Core/Src/crc16.o
 .debug_macro   0x00020d81       0x2a ./Core/Src/crc16.o
 .debug_macro   0x00020dab       0x61 ./Core/Src/crc16.o
 .debug_macro   0x00020e0c       0x43 ./Core/Src/crc16.o
 .debug_macro   0x00020e4f       0x34 ./Core/Src/crc16.o
 .debug_macro   0x00020e83       0x16 ./Core/Src/crc16.o
 .debug_macro   0x00020e99      0x11c ./Core/Src/crc16.o
 .debug_macro   0x00020fb5       0x9b ./Core/Src/crc16.o
 .debug_macro   0x00021050      0x370 ./Core/Src/crc16.o
 .debug_macro   0x000213c0       0x16 ./Core/Src/crc16.o
 .debug_macro   0x000213d6       0x4a ./Core/Src/crc16.o
 .debug_macro   0x00021420       0x34 ./Core/Src/crc16.o
 .debug_macro   0x00021454       0x10 ./Core/Src/crc16.o
 .debug_macro   0x00021464       0x58 ./Core/Src/crc16.o
 .debug_macro   0x000214bc       0x8e ./Core/Src/crc16.o
 .debug_macro   0x0002154a       0x1c ./Core/Src/crc16.o
 .debug_macro   0x00021566      0x185 ./Core/Src/crc16.o
 .debug_macro   0x000216eb       0x16 ./Core/Src/crc16.o
 .debug_macro   0x00021701       0x29 ./Core/Src/crc16.o
 .debug_macro   0x0002172a      0x24e ./Core/Src/dma.o
 .debug_macro   0x00021978      0x24e ./Core/Src/fsmc.o
 .debug_macro   0x00021bc6      0x24e ./Core/Src/gpio.o
 .debug_macro   0x00021e14      0x26f ./Core/Src/hwi.o
 .debug_macro   0x00022083       0x16 ./Core/Src/hwi.o
 .debug_macro   0x00022099      0x24e ./Core/Src/i2c.o
 .debug_macro   0x000222e7      0x36d ./Core/Src/lcd.o
 .debug_macro   0x00022654       0xca ./Core/Src/lcd.o
 .debug_macro   0x0002271e       0x3c ./Core/Src/lcd.o
 .debug_macro   0x0002275a       0x16 ./Core/Src/lcd.o
 .debug_macro   0x00022770       0x20 ./Core/Src/lcd.o
 .debug_macro   0x00022790      0x3cf ./Core/Src/main.o
 .debug_macro   0x00022b5f       0x40 ./Core/Src/main.o
 .debug_macro   0x00022b9f      0x36a ./Core/Src/mpl.o
 .debug_macro   0x00022f09      0x25e ./Core/Src/software_timer.o
 .debug_macro   0x00023167      0x24e ./Core/Src/spi.o
 .debug_macro   0x000233b5      0x244 ./Core/Src/stm32f4xx_hal_msp.o
 .debug_macro   0x000235f9      0x24e ./Core/Src/stm32f4xx_it.o
 .debug_macro   0x00023847      0x235 ./Core/Src/system_stm32f4xx.o
 .debug_macro   0x00023a7c      0x24e ./Core/Src/tim.o
 .debug_macro   0x00023cca      0x24e ./Core/Src/usart.o
 .debug_macro   0x00023f18      0x295 ./Drivers/STM32F4xx_HAL_Driver/Src/stm32f4xx_hal.o
 .debug_macro   0x000241ad      0x236 ./Drivers/STM32F4xx_HAL_Driver/Src/stm32f4xx_hal_adc.o
 .debug_macro   0x000243e3      0x235 ./Drivers/STM32F4xx_HAL_Driver/Src/stm32f4xx_hal_cortex.o
 .debug_macro   0x00024618      0x23b ./Drivers/STM32F4xx_HAL_Driver/Src/stm32f4xx_hal_dma.o
 .debug_macro   0x00024853      0x23b ./Drivers/STM32F4xx_HAL_Driver/Src/stm32f4xx_hal_gpio.o
 .debug_macro   0x00024a8e      0x283 ./Drivers/STM32F4xx_HAL_Driver/Src/stm32f4xx_hal_i2c.o
 .debug_macro   0x00024d11      0x259 ./Drivers/STM32F4xx_HAL_Driver/Src/stm32f4xx_hal_rcc.o
 .debug_macro   0x00024f6a      0x244 ./Drivers/STM32F4xx_HAL_Driver/Src/stm32f4xx_hal_spi.o
 .debug_macro   0x000251ae      0x235 ./Drivers/STM32F4xx_HAL_Driver/Src/stm32f4xx_hal_sram.o
 .debug_macro   0x000253e3      0x236 ./Drivers/STM32F4xx_HAL_Driver/Src/stm32f4xx_hal_tim.o
 .debug_macro   0x00025619      0x235 ./Drivers/STM32F4xx_HAL_Driver/Src/stm32f4xx_hal_tim_ex.o
 .debug_macro   0x0002584e      0x236 ./Drivers/STM32F4xx_HAL_Driver/Src/stm32f4xx_hal_uart.o
 .debug_macro   0x00025a84      0x270 ./Drivers/STM32F4xx_HAL_Driver/Src/stm32f4xx_ll_fsmc.o

.debug_line     0x00000000    0x1e6d4
 .debug_line    0x00000000      0x8f8 ./Core/Src/adc.o
 .debug_line    0x000008f8      0x8f6 ./Core/Src/button.o
 .debug_line    0x000011ee      0x5aa ./Core/Src/crc16.o
 .debug_line    0x00001798      0x7f4 ./Core/Src/dma.o
 .debug_line    0x00001f8c      0x901 ./Core/Src/fsmc.o
 .debug_line    0x0000288d      0x843 ./Core/Src/gpio.o
 .debug_line    0x000030d0      0x899 ./Core/Src/hwi.o
 .debug_line    0x00003969      0x866 ./Core/Src/i2c.o
 .debug_line    0x000041cf     0x1152 ./Core/Src/lcd.o
 .debug_line    0x00005321      0xae2 ./Core/Src/main.o
 .debug_line    0x00005e03      0xb05 ./Core/Src/mpl.o
 .debug_line    0x00006908      0x891 ./Core/Src/software_timer.o
 .debug_line    0x00007199      0x86e ./Core/Src/spi.o
 .debug_line    0x00007a07      0x7f8 ./Core/Src/stm32f4xx_hal_msp.o
 .debug_line    0x000081ff      0x8ef ./Core/Src/stm32f4xx_it.o
 .debug_line    0x00008aee      0x86e ./Core/Src/system_stm32f4xx.o
 .debug_line    0x0000935c      0x872 ./Core/Src/tim.o
 .debug_line    0x00009bce      0x944 ./Core/Src/usart.o
 .debug_line    0x0000a512       0x7a ./Core/Startup/startup_stm32f407zgtx.o
 .debug_line    0x0000a58c      0xaea ./Drivers/STM32F4xx_HAL_Driver/Src/stm32f4xx_hal.o
 .debug_line    0x0000b076     0x1301 ./Drivers/STM32F4xx_HAL_Driver/Src/stm32f4xx_hal_adc.o
 .debug_line    0x0000c377      0xdba ./Drivers/STM32F4xx_HAL_Driver/Src/stm32f4xx_hal_cortex.o
 .debug_line    0x0000d131     0x1056 ./Drivers/STM32F4xx_HAL_Driver/Src/stm32f4xx_hal_dma.o
 .debug_line    0x0000e187      0xc42 ./Drivers/STM32F4xx_HAL_Driver/Src/stm32f4xx_hal_gpio.o
 .debug_line    0x0000edc9     0x3b97 ./Drivers/STM32F4xx_HAL_Driver/Src/stm32f4xx_hal_i2c.o
 .debug_line    0x00012960      0xef7 ./Drivers/STM32F4xx_HAL_Driver/Src/stm32f4xx_hal_rcc.o
 .debug_line    0x00013857     0x1d85 ./Drivers/STM32F4xx_HAL_Driver/Src/stm32f4xx_hal_spi.o
 .debug_line    0x000155dc      0xcd7 ./Drivers/STM32F4xx_HAL_Driver/Src/stm32f4xx_hal_sram.o
 .debug_line    0x000162b3     0x385f ./Drivers/STM32F4xx_HAL_Driver/Src/stm32f4xx_hal_tim.o
 .debug_line    0x00019b12     0x1a4a ./Drivers/STM32F4xx_HAL_Driver/Src/stm32f4xx_hal_tim_ex.o
 .debug_line    0x0001b55c     0x2632 ./Drivers/STM32F4xx_HAL_Driver/Src/stm32f4xx_hal_uart.o
 .debug_line    0x0001db8e      0xb46 ./Drivers/STM32F4xx_HAL_Driver/Src/stm32f4xx_ll_fsmc.o

.debug_str      0x00000000    0xdfa7e
 .debug_str     0x00000000    0xdfa7e ./Core/Src/adc.o
                              0xd6868 (size before relaxing)
 .debug_str     0x000dfa7e    0xd6841 ./Core/Src/button.o
 .debug_str     0x000dfa7e     0x73e4 ./Core/Src/crc16.o
 .debug_str     0x000dfa7e    0xd6822 ./Core/Src/dma.o
 .debug_str     0x000dfa7e    0xd6922 ./Core/Src/fsmc.o
 .debug_str     0x000dfa7e    0xd63d0 ./Core/Src/gpio.o
 .debug_str     0x000dfa7e    0xd67db ./Core/Src/hwi.o
 .debug_str     0x000dfa7e    0xd68ff ./Core/Src/i2c.o
 .debug_str     0x000dfa7e    0xd9a63 ./Core/Src/lcd.o
 .debug_str     0x000dfa7e    0xda346 ./Core/Src/main.o
 .debug_str     0x000dfa7e    0xd9859 ./Core/Src/mpl.o
 .debug_str     0x000dfa7e    0xd6813 ./Core/Src/software_timer.o
 .debug_str     0x000dfa7e    0xd685c ./Core/Src/spi.o
 .debug_str     0x000dfa7e    0xd6305 ./Core/Src/stm32f4xx_hal_msp.o
 .debug_str     0x000dfa7e    0xd6a6e ./Core/Src/stm32f4xx_it.o
 .debug_str     0x000dfa7e    0xd625e ./Core/Src/system_stm32f4xx.o
 .debug_str     0x000dfa7e    0xd6eda ./Core/Src/tim.o
 .debug_str     0x000dfa7e    0xd6df7 ./Core/Src/usart.o
 .debug_str     0x000dfa7e       0x9b ./Core/Startup/startup_stm32f407zgtx.o
 .debug_str     0x000dfa7e    0xd6de2 ./Drivers/STM32F4xx_HAL_Driver/Src/stm32f4xx_hal.o
 .debug_str     0x000dfa7e    0xd684b ./Drivers/STM32F4xx_HAL_Driver/Src/stm32f4xx_hal_adc.o
 .debug_str     0x000dfa7e    0xd6b5e ./Drivers/STM32F4xx_HAL_Driver/Src/stm32f4xx_hal_cortex.o
 .debug_str     0x000dfa7e    0xd6678 ./Drivers/STM32F4xx_HAL_Driver/Src/stm32f4xx_hal_dma.o
 .debug_str     0x000dfa7e    0xd63d9 ./Drivers/STM32F4xx_HAL_Driver/Src/stm32f4xx_hal_gpio.o
 .debug_str     0x000dfa7e    0xd727c ./Drivers/STM32F4xx_HAL_Driver/Src/stm32f4xx_hal_i2c.o
 .debug_str     0x000dfa7e    0xd6692 ./Drivers/STM32F4xx_HAL_Driver/Src/stm32f4xx_hal_rcc.o
 .debug_str     0x000dfa7e    0xd6b1c ./Drivers/STM32F4xx_HAL_Driver/Src/stm32f4xx_hal_spi.o
 .debug_str     0x000dfa7e    0xd685c ./Drivers/STM32F4xx_HAL_Driver/Src/stm32f4xx_hal_sram.o
 .debug_str     0x000dfa7e    0xd75e8 ./Drivers/STM32F4xx_HAL_Driver/Src/stm32f4xx_hal_tim.o
 .debug_str     0x000dfa7e    0xd6df4 ./Drivers/STM32F4xx_HAL_Driver/Src/stm32f4xx_hal_tim_ex.o
 .debug_str     0x000dfa7e    0xd6c73 ./Drivers/STM32F4xx_HAL_Driver/Src/stm32f4xx_hal_uart.o
 .debug_str     0x000dfa7e    0xd6ac9 ./Drivers/STM32F4xx_HAL_Driver/Src/stm32f4xx_ll_fsmc.o

.comment        0x00000000       0x43
 .comment       0x00000000       0x43 ./Core/Src/adc.o
                                 0x44 (size before relaxing)
 .comment       0x00000043       0x44 ./Core/Src/button.o
 .comment       0x00000043       0x44 ./Core/Src/crc16.o
 .comment       0x00000043       0x44 ./Core/Src/dma.o
 .comment       0x00000043       0x44 ./Core/Src/fsmc.o
 .comment       0x00000043       0x44 ./Core/Src/gpio.o
 .comment       0x00000043       0x44 ./Core/Src/hwi.o
 .comment       0x00000043       0x44 ./Core/Src/i2c.o
 .comment       0x00000043       0x44 ./Core/Src/lcd.o
 .comment       0x00000043       0x44 ./Core/Src/main.o
 .comment       0x00000043       0x44 ./Core/Src/mpl.o
 .comment       0x00000043       0x44 ./Core/Src/software_timer.o
 .comment       0x00000043       0x44 ./Core/Src/spi.o
 .comment       0x00000043       0x44 ./Core/Src/stm32f4xx_hal_msp.o
 .comment       0x00000043       0x44 ./Core/Src/stm32f4xx_it.o
 .comment       0x00000043       0x44 ./Core/Src/system_stm32f4xx.o
 .comment       0x00000043       0x44 ./Core/Src/tim.o
 .comment       0x00000043       0x44 ./Core/Src/usart.o
 .comment       0x00000043       0x44 ./Drivers/STM32F4xx_HAL_Driver/Src/stm32f4xx_hal.o
 .comment       0x00000043       0x44 ./Drivers/STM32F4xx_HAL_Driver/Src/stm32f4xx_hal_adc.o
 .comment       0x00000043       0x44 ./Drivers/STM32F4xx_HAL_Driver/Src/stm32f4xx_hal_cortex.o
 .comment       0x00000043       0x44 ./Drivers/STM32F4xx_HAL_Driver/Src/stm32f4xx_hal_dma.o
 .comment       0x00000043       0x44 ./Drivers/STM32F4xx_HAL_Driver/Src/stm32f4xx_hal_gpio.o
 .comment       0x00000043       0x44 ./Drivers/STM32F4xx_HAL_Driver/Src/stm32f4xx_hal_i2c.o
 .comment       0x00000043       0x44 ./Drivers/STM32F4xx_HAL_Driver/Src/stm32f4xx_hal_rcc.o
 .comment       0x00000043       0x44 ./Drivers/STM32F4xx_HAL_Driver/Src/stm32f4xx_hal_spi.o
 .comment       0x00000043       0x44 ./Drivers/STM32F4xx_HAL_Driver/Src/stm32f4xx_hal_sram.o
 .comment       0x00000043       0x44 ./Drivers/STM32F4xx_HAL_Driver/Src/stm32f4xx_hal_tim.o
 .comment       0x00000043       0x44 ./Drivers/STM32F4xx_HAL_Driver/Src/stm32f4xx_hal_tim_ex.o
 .comment       0x00000043       0x44 ./Drivers/STM32F4xx_HAL_Driver/Src/stm32f4xx_hal_uart.o
 .comment       0x00000043       0x44 ./Drivers/STM32F4xx_HAL_Driver/Src/stm32f4xx_ll_fsmc.o

.debug_frame    0x00000000     0x5c1c
 .debug_frame   0x00000000       0x7c ./Core/Src/adc.o
 .debug_frame   0x0000007c       0xc8 ./Core/Src/button.o
 .debug_frame   0x00000144       0x38 ./Core/Src/crc16.o
 .debug_frame   0x0000017c       0x34 ./Core/Src/dma.o
 .debug_frame   0x000001b0       0xbc ./Core/Src/fsmc.o
 .debug_frame   0x0000026c       0x34 ./Core/Src/gpio.o
 .debug_frame   0x000002a0       0x9c ./Core/Src/hwi.o
 .debug_frame   0x0000033c       0x74 ./Core/Src/i2c.o
 .debug_frame   0x000003b0      0x40c ./Core/Src/lcd.o
 .debug_frame   0x000007bc       0xd0 ./Core/Src/main.o
 .debug_frame   0x0000088c       0xd4 ./Core/Src/mpl.o
 .debug_frame   0x00000960       0xa4 ./Core/Src/software_timer.o
 .debug_frame   0x00000a04       0x74 ./Core/Src/spi.o
 .debug_frame   0x00000a78       0x38 ./Core/Src/stm32f4xx_hal_msp.o
 .debug_frame   0x00000ab0      0x158 ./Core/Src/stm32f4xx_it.o
 .debug_frame   0x00000c08       0x58 ./Core/Src/system_stm32f4xx.o
 .debug_frame   0x00000c60       0x7c ./Core/Src/tim.o
 .debug_frame   0x00000cdc       0xac ./Core/Src/usart.o
 .debug_frame   0x00000d88      0x374 ./Drivers/STM32F4xx_HAL_Driver/Src/stm32f4xx_hal.o
 .debug_frame   0x000010fc      0x3fc ./Drivers/STM32F4xx_HAL_Driver/Src/stm32f4xx_hal_adc.o
 .debug_frame   0x000014f8      0x508 ./Drivers/STM32F4xx_HAL_Driver/Src/stm32f4xx_hal_cortex.o
 .debug_frame   0x00001a00      0x250 ./Drivers/STM32F4xx_HAL_Driver/Src/stm32f4xx_hal_dma.o
 .debug_frame   0x00001c50      0x14c ./Drivers/STM32F4xx_HAL_Driver/Src/stm32f4xx_hal_gpio.o
 .debug_frame   0x00001d9c      0xc84 ./Drivers/STM32F4xx_HAL_Driver/Src/stm32f4xx_hal_i2c.o
 .debug_frame   0x00002a20      0x1f4 ./Drivers/STM32F4xx_HAL_Driver/Src/stm32f4xx_hal_rcc.o
 .debug_frame   0x00002c14      0x828 ./Drivers/STM32F4xx_HAL_Driver/Src/stm32f4xx_hal_spi.o
 .debug_frame   0x0000343c      0x30c ./Drivers/STM32F4xx_HAL_Driver/Src/stm32f4xx_hal_sram.o
 .debug_frame   0x00003748     0x11c0 ./Drivers/STM32F4xx_HAL_Driver/Src/stm32f4xx_hal_tim.o
 .debug_frame   0x00004908      0x638 ./Drivers/STM32F4xx_HAL_Driver/Src/stm32f4xx_hal_tim_ex.o
 .debug_frame   0x00004f40      0x954 ./Drivers/STM32F4xx_HAL_Driver/Src/stm32f4xx_hal_uart.o
 .debug_frame   0x00005894      0x2dc ./Drivers/STM32F4xx_HAL_Driver/Src/stm32f4xx_ll_fsmc.o
 .debug_frame   0x00005b70       0x20 D:/STM32CubeIDE_1.19.0/STM32CubeIDE/plugins/com.st.stm32cube.ide.mcu.externaltools.gnu-tools-for-stm32.13.3.rel1.win32_1.0.0.202411081344/tools/bin/../lib/gcc/arm-none-eabi/13.3.1/../../../../arm-none-eabi/lib/thumb/v7e-m+fp/hard\libc_nano.a(libc_a-memset.o)
 .debug_frame   0x00005b90       0x2c D:/STM32CubeIDE_1.19.0/STM32CubeIDE/plugins/com.st.stm32cube.ide.mcu.externaltools.gnu-tools-for-stm32.13.3.rel1.win32_1.0.0.202411081344/tools/bin/../lib/gcc/arm-none-eabi/13.3.1/../../../../arm-none-eabi/lib/thumb/v7e-m+fp/hard\libc_nano.a(libc_a-init.o)
 .debug_frame   0x00005bbc       0x2c D:/STM32CubeIDE_1.19.0/STM32CubeIDE/plugins/com.st.stm32cube.ide.mcu.externaltools.gnu-tools-for-stm32.13.3.rel1.win32_1.0.0.202411081344/tools/bin/../lib/gcc/arm-none-eabi/13.3.1/thumb/v7e-m+fp/hard\libgcc.a(_aeabi_uldivmod.o)
 .debug_frame   0x00005be8       0x34 D:/STM32CubeIDE_1.19.0/STM32CubeIDE/plugins/com.st.stm32cube.ide.mcu.externaltools.gnu-tools-for-stm32.13.3.rel1.win32_1.0.0.202411081344/tools/bin/../lib/gcc/arm-none-eabi/13.3.1/thumb/v7e-m+fp/hard\libgcc.a(_udivmoddi4.o)

.debug_line_str
                0x00000000       0x7f
 .debug_line_str
                0x00000000       0x7f ./Core/Startup/startup_stm32f407zgtx.o
