Archive member included to satisfy reference by file (symbol)

D:/STM32CubeIDE_1.19.0/STM32CubeIDE/plugins/com.st.stm32cube.ide.mcu.externaltools.gnu-tools-for-stm32.13.3.rel1.win32_1.0.0.202411081344/tools/bin/../lib/gcc/arm-none-eabi/13.3.1/../../../../arm-none-eabi/lib/thumb/v7e-m+fp/hard\libc_nano.a(libc_a-exit.o)
                              D:/STM32CubeIDE_1.19.0/STM32CubeIDE/plugins/com.st.stm32cube.ide.mcu.externaltools.gnu-tools-for-stm32.13.3.rel1.win32_1.0.0.202411081344/tools/bin/../lib/gcc/arm-none-eabi/13.3.1/../../../../arm-none-eabi/lib/thumb/v7e-m+fp/hard/crt0.o (exit)
D:/STM32CubeIDE_1.19.0/STM32CubeIDE/plugins/com.st.stm32cube.ide.mcu.externaltools.gnu-tools-for-stm32.13.3.rel1.win32_1.0.0.202411081344/tools/bin/../lib/gcc/arm-none-eabi/13.3.1/../../../../arm-none-eabi/lib/thumb/v7e-m+fp/hard\libc_nano.a(libc_a-findfp.o)
                              D:/STM32CubeIDE_1.19.0/STM32CubeIDE/plugins/com.st.stm32cube.ide.mcu.externaltools.gnu-tools-for-stm32.13.3.rel1.win32_1.0.0.202411081344/tools/bin/../lib/gcc/arm-none-eabi/13.3.1/../../../../arm-none-eabi/lib/thumb/v7e-m+fp/hard\libc_nano.a(libc_a-exit.o) (__stdio_exit_handler)
D:/STM32CubeIDE_1.19.0/STM32CubeIDE/plugins/com.st.stm32cube.ide.mcu.externaltools.gnu-tools-for-stm32.13.3.rel1.win32_1.0.0.202411081344/tools/bin/../lib/gcc/arm-none-eabi/13.3.1/../../../../arm-none-eabi/lib/thumb/v7e-m+fp/hard\libc_nano.a(libc_a-fwalk.o)
                              D:/STM32CubeIDE_1.19.0/STM32CubeIDE/plugins/com.st.stm32cube.ide.mcu.externaltools.gnu-tools-for-stm32.13.3.rel1.win32_1.0.0.202411081344/tools/bin/../lib/gcc/arm-none-eabi/13.3.1/../../../../arm-none-eabi/lib/thumb/v7e-m+fp/hard\libc_nano.a(libc_a-findfp.o) (_fwalk_sglue)
D:/STM32CubeIDE_1.19.0/STM32CubeIDE/plugins/com.st.stm32cube.ide.mcu.externaltools.gnu-tools-for-stm32.13.3.rel1.win32_1.0.0.202411081344/tools/bin/../lib/gcc/arm-none-eabi/13.3.1/../../../../arm-none-eabi/lib/thumb/v7e-m+fp/hard\libc_nano.a(libc_a-stdio.o)
                              D:/STM32CubeIDE_1.19.0/STM32CubeIDE/plugins/com.st.stm32cube.ide.mcu.externaltools.gnu-tools-for-stm32.13.3.rel1.win32_1.0.0.202411081344/tools/bin/../lib/gcc/arm-none-eabi/13.3.1/../../../../arm-none-eabi/lib/thumb/v7e-m+fp/hard\libc_nano.a(libc_a-findfp.o) (__sread)
D:/STM32CubeIDE_1.19.0/STM32CubeIDE/plugins/com.st.stm32cube.ide.mcu.externaltools.gnu-tools-for-stm32.13.3.rel1.win32_1.0.0.202411081344/tools/bin/../lib/gcc/arm-none-eabi/13.3.1/../../../../arm-none-eabi/lib/thumb/v7e-m+fp/hard\libc_nano.a(libc_a-memset.o)
                              D:/STM32CubeIDE_1.19.0/STM32CubeIDE/plugins/com.st.stm32cube.ide.mcu.externaltools.gnu-tools-for-stm32.13.3.rel1.win32_1.0.0.202411081344/tools/bin/../lib/gcc/arm-none-eabi/13.3.1/../../../../arm-none-eabi/lib/thumb/v7e-m+fp/hard/crt0.o (memset)
D:/STM32CubeIDE_1.19.0/STM32CubeIDE/plugins/com.st.stm32cube.ide.mcu.externaltools.gnu-tools-for-stm32.13.3.rel1.win32_1.0.0.202411081344/tools/bin/../lib/gcc/arm-none-eabi/13.3.1/../../../../arm-none-eabi/lib/thumb/v7e-m+fp/hard\libc_nano.a(libc_a-closer.o)
                              D:/STM32CubeIDE_1.19.0/STM32CubeIDE/plugins/com.st.stm32cube.ide.mcu.externaltools.gnu-tools-for-stm32.13.3.rel1.win32_1.0.0.202411081344/tools/bin/../lib/gcc/arm-none-eabi/13.3.1/../../../../arm-none-eabi/lib/thumb/v7e-m+fp/hard\libc_nano.a(libc_a-stdio.o) (_close_r)
D:/STM32CubeIDE_1.19.0/STM32CubeIDE/plugins/com.st.stm32cube.ide.mcu.externaltools.gnu-tools-for-stm32.13.3.rel1.win32_1.0.0.202411081344/tools/bin/../lib/gcc/arm-none-eabi/13.3.1/../../../../arm-none-eabi/lib/thumb/v7e-m+fp/hard\libc_nano.a(libc_a-reent.o)
                              D:/STM32CubeIDE_1.19.0/STM32CubeIDE/plugins/com.st.stm32cube.ide.mcu.externaltools.gnu-tools-for-stm32.13.3.rel1.win32_1.0.0.202411081344/tools/bin/../lib/gcc/arm-none-eabi/13.3.1/../../../../arm-none-eabi/lib/thumb/v7e-m+fp/hard\libc_nano.a(libc_a-closer.o) (errno)
D:/STM32CubeIDE_1.19.0/STM32CubeIDE/plugins/com.st.stm32cube.ide.mcu.externaltools.gnu-tools-for-stm32.13.3.rel1.win32_1.0.0.202411081344/tools/bin/../lib/gcc/arm-none-eabi/13.3.1/../../../../arm-none-eabi/lib/thumb/v7e-m+fp/hard\libc_nano.a(libc_a-impure.o)
                              D:/STM32CubeIDE_1.19.0/STM32CubeIDE/plugins/com.st.stm32cube.ide.mcu.externaltools.gnu-tools-for-stm32.13.3.rel1.win32_1.0.0.202411081344/tools/bin/../lib/gcc/arm-none-eabi/13.3.1/../../../../arm-none-eabi/lib/thumb/v7e-m+fp/hard\libc_nano.a(libc_a-reent.o) (_impure_ptr)
D:/STM32CubeIDE_1.19.0/STM32CubeIDE/plugins/com.st.stm32cube.ide.mcu.externaltools.gnu-tools-for-stm32.13.3.rel1.win32_1.0.0.202411081344/tools/bin/../lib/gcc/arm-none-eabi/13.3.1/../../../../arm-none-eabi/lib/thumb/v7e-m+fp/hard\libc_nano.a(libc_a-lseekr.o)
[...]
Memory Configuration

Name             Origin             Length             Attributes
CCMRAM           0x10000000         0x00010000         xrw
RAM              0x20000000         0x00020000         xrw
FLASH            0x08000000         0x00100000         xr
*default*        0x00000000         0xffffffff

Linker script and memory map

LOAD D:/STM32CubeIDE_1.19.0/STM32CubeIDE/plugins/com.st.stm32cube.ide.mcu.externaltools.gnu-tools-for-stm32.13.3.rel1.win32_1.0.0.202411081344/tools/bin/../lib/gcc/arm-none-eabi/13.3.1/thumb/v7e-m+fp/hard/crti.o
LOAD D:/STM32CubeIDE_1.19.0/STM32CubeIDE/plugins/com.st.stm32cube.ide.mcu.externaltools.gnu-tools-for-stm32.13.3.rel1.win32_1.0.0.202411081344/tools/bin/../lib/gcc/arm-none-eabi/13.3.1/thumb/v7e-m+fp/hard/crtbegin.o
LOAD D:/STM32CubeIDE_1.19.0/STM32CubeIDE/plugins/com.st.stm32cube.ide.mcu.externaltools.gnu-tools-for-stm32.13.3.rel1.win32_1.0.0.202411081344/tools/bin/../lib/gcc/arm-none-eabi/13.3.1/../../../../arm-none-eabi/lib/thumb/v7e-m+fp/hard/crt0.o
LOAD ./Core/Src/adc.o
LOAD ./Core/Src/button.o
LOAD ./Core/Src/crc16.o
LOAD ./Core/Src/dma.o
LOAD ./Core/Src/fsmc.o
LOAD ./Core/Src/gpio.o
LOAD ./Core/Src/hwi.o
LOAD ./Core/Src/i2c.o
LOAD ./Core/Src/lcd.o
LOAD ./Core/Src/led_7seg.o
LOAD ./Core/Src/main.o
LOAD ./Core/Src/mpl.o
LOAD ./Core/Src/pb_common.o
LOAD ./Core/Src/pb_decode.o
LOAD ./Core/Src/pb_encode.o
LOAD ./Core/Src/sensor.pb.o
LOAD ./Core/Src/software_timer.o
LOAD ./Core/Src/spi.o
LOAD ./Core/Src/stm32f4xx_hal_msp.o
LOAD ./Core/Src/stm32f4xx_it.o
LOAD ./Core/Src/syscalls.o
LOAD ./Core/Src/sysmem.o
LOAD ./Core/Src/system_stm32f4xx.o
LOAD ./Core/Src/tim.o
LOAD ./Core/Src/usart.o
LOAD ./Core/Startup/startup_stm32f407zgtx.o
LOAD ./Drivers/STM32F4xx_HAL_Driver/Src/stm32f4xx_hal.o
LOAD ./Drivers/STM32F4xx_HAL_Driver/Src/stm32f4xx_hal_adc.o
LOAD ./Drivers/STM32F4xx_HAL_Driver/Src/stm32f4xx_hal_adc_ex.o
LOAD ./Drivers/STM32F4xx_HAL_Driver/Src/stm32f4xx_hal_cortex.o
LOAD ./Drivers/STM32F4xx_HAL_Driver/Src/stm32f4xx_hal_dma.o
LOAD ./Drivers/STM32F4xx_HAL_Driver/Src/stm32f4xx_hal_dma_ex.o
LOAD ./Drivers/STM32F4xx_HAL_Driver/Src/stm32f4xx_hal_exti.o
LOAD ./Drivers/STM32F4xx_HAL_Driver/Src/stm32f4xx_hal_flash.o
LOAD ./Drivers/STM32F4xx_HAL_Driver/Src/stm32f4xx_hal_flash_ex.o
LOAD ./Drivers/STM32F4xx_HAL_Driver/Src/stm32f4xx_hal_flash_ramfunc.o
LOAD ./Drivers/STM32F4xx_HAL_Driver/Src/stm32f4xx_hal_gpio.o
LOAD ./Drivers/STM32F4xx_HAL_Driver/Src/stm32f4xx_hal_i2c.o
LOAD ./Drivers/STM32F4xx_HAL_Driver/Src/stm32f4xx_hal_i2c_ex.o
LOAD ./Drivers/STM32F4xx_HAL_Driver/Src/stm32f4xx_hal_nand.o
LOAD ./Drivers/STM32F4xx_HAL_Driver/Src/stm32f4xx_hal_nor.o
LOAD ./Drivers/STM32F4xx_HAL_Driver/Src/stm32f4xx_hal_pccard.o
LOAD ./Drivers/STM32F4xx_HAL_Driver/Src/stm32f4xx_hal_pwr.o
LOAD ./Drivers/STM32F4xx_HAL_Driver/Src/stm32f4xx_hal_pwr_ex.o
LOAD ./Drivers/STM32F4xx_HAL_Driver/Src/stm32f4xx_hal_rcc.o
LOAD ./Drivers/STM32F4xx_HAL_Driver/Src/stm32f4xx_hal_rcc_ex.o
LOAD ./Drivers/STM32F4xx_HAL_Driver/Src/stm32f4xx_hal_spi.o
LOAD ./Drivers/STM32F4xx_HAL_Driver/Src/stm32f4xx_hal_sram.o
LOAD ./Drivers/STM32F4xx_HAL_Driver/Src/stm32f4xx_hal_tim.o
LOAD ./Drivers/STM32F4xx_HAL_Driver/Src/stm32f4xx_hal_tim_ex.o
LOAD ./Drivers/STM32F4xx_HAL_Driver/Src/stm32f4xx_hal_uart.o
LOAD ./Drivers/STM32F4xx_HAL_Driver/Src/stm32f4xx_ll_adc.o
LOAD ./Drivers/STM32F4xx_HAL_Driver/Src/stm32f4xx_ll_fsmc.o
START GROUP
LOAD D:/STM32CubeIDE_1.19.0/STM32CubeIDE/plugins/com.st.stm32cube.ide.mcu.externaltools.gnu-tools-for-stm32.13.3.rel1.win32_1.0.0.202411081344/tools/bin/../lib/gcc/arm-none-eabi/13.3.1/../../../../arm-none-eabi/lib/thumb/v7e-m+fp/hard\libc_nano.a
LOAD D:/STM32CubeIDE_1.19.0/STM32CubeIDE/plugins/com.st.stm32cube.ide.mcu.externaltools.gnu-tools-for-stm32.13.3.rel1.win32_1.0.0.202411081344/tools/bin/../lib/gcc/arm-none-eabi/13.3.1/../../../../arm-none-eabi/lib/thumb/v7e-m+fp/hard\libm.a
END GROUP
START GROUP
LOAD D:/STM32CubeIDE_1.19.0/STM32CubeIDE/plugins/com.st.stm32cube.ide.mcu.externaltools.gnu-tools-for-stm32.13.3.rel1.win32_1.0.0.202411081344/tools/bin/../lib/gcc/arm-none-eabi/13.3.1/thumb/v7e-m+fp/hard\libgcc.a
LOAD D:/STM32CubeIDE_1.19.0/STM32CubeIDE/plugins/com.st.stm32cube.ide.mcu.externaltools.gnu-tools-for-stm32.13.3.rel1.win32_1.0.0.202411081344/tools/bin/../lib/gcc/arm-none-eabi/13.3.1/../../../../arm-none-eabi/lib/thumb/v7e-m+fp/hard\libc_nano.a
END GROUP
START GROUP
LOAD D:/STM32CubeIDE_1.19.0/STM32CubeIDE/plugins/com.st.stm32cube.ide.mcu.externaltools.gnu-tools-for-stm32.13.3.rel1.win32_1.0.0.202411081344/tools/bin/../lib/gcc/arm-none-eabi/13.3.1/thumb/v7e-m+fp/hard\libgcc.a
LOAD D:/STM32CubeIDE_1.19.0/STM32CubeIDE/plugins/com.st.stm32cube.ide.mcu.externaltools.gnu-tools-for-stm32.13.3.rel1.win32_1.0.0.202411081344/tools/bin/../lib/gcc/arm-none-eabi/13.3.1/../../../../arm-none-eabi/lib/thumb/v7e-m+fp/hard\libc_nano.a
LOAD D:/STM32CubeIDE_1.19.0/STM32CubeIDE/plugins/com.st.stm32cube.ide.mcu.externaltools.gnu-tools-for-stm32.13.3.rel1.win32_1.0.0.202411081344/tools/bin/../lib/gcc/arm-none-eabi/13.3.1/../../../../arm-none-eabi/lib/thumb/v7e-m+fp/hard\libnosys.a
END GROUP
START GROUP
LOAD D:/STM32CubeIDE_1.19.0/STM32CubeIDE/plugins/com.st.stm32cube.ide.mcu.externaltools.gnu-tools-for-stm32.13.3.rel1.win32_1.0.0.202411081344/tools/bin/../lib/gcc/arm-none-eabi/13.3.1/thumb/v7e-m+fp/hard\libgcc.a
LOAD D:/STM32CubeIDE_1.19.0/STM32CubeIDE/plugins/com.st.stm32cube.ide.mcu.externaltools.gnu-tools-for-stm32.13.3.rel1.win32_1.0.0.202411081344/tools/bin/../lib/gcc/arm-none-eabi/13.3.1/../../../../arm-none-eabi/lib/thumb/v7e-m+fp/hard\libc_nano.a
LOAD D:/STM32CubeIDE_1.19.0/STM32CubeIDE/plugins/com.st.stm32cube.ide.mcu.externaltools.gnu-tools-for-stm32.13.3.rel1.win32_1.0.0.202411081344/tools/bin/../lib/gcc/arm-none-eabi/13.3.1/../../../../arm-none-eabi/lib/thumb/v7e-m+fp/hard\libnosys.a
END GROUP
LOAD D:/STM32CubeIDE_1.19.0/STM32CubeIDE/plugins/com.st.stm32cube.ide.mcu.externaltools.gnu-tools-for-stm32.13.3.rel1.win32_1.0.0.202411081344/tools/bin/../lib/gcc/arm-none-eabi/13.3.1/thumb/v7e-m+fp/hard/crtend.o
LOAD D:/STM32CubeIDE_1.19.0/STM32CubeIDE/plugins/com.st.stm32cube.ide.mcu.externaltools.gnu-tools-for-stm32.13.3.rel1.win32_1.0.0.202411081344/tools/bin/../lib/gcc/arm-none-eabi/13.3.1/thumb/v7e-m+fp/hard/crtn.o
                0x20020000                        _estack = (ORIGIN (RAM) + LENGTH (RAM))
                0x00000200                        _Min_Heap_Size = 0x200
                0x00000400                        _Min_Stack_Size = 0x400

.isr_vector     0x08000000      0x188
                0x08000000                        . = ALIGN (0x4)
 *(.isr_vector)
 .isr_vector    0x08000000      0x188 ./Core/Startup/startup_stm32f407zgtx.o
                0x08000000                g_pfnVectors
                0x08000188                        . = ALIGN (0x4)

.text           0x08000188     0x9a18
                0x08000188                        . = ALIGN (0x4)
 *(.text)
 .text          0x08000188       0x40 D:/STM32CubeIDE_1.19.0/STM32CubeIDE/plugins/com.st.stm32cube.ide.mcu.externaltools.gnu-tools-for-stm32.13.3.rel1.win32_1.0.0.202411081344/tools/bin/../lib/gcc/arm-none-eabi/13.3.1/thumb/v7e-m+fp/hard/crtbegin.o
 .text          0x080001c8       0x30 D:/STM32CubeIDE_1.19.0/STM32CubeIDE/plugins/com.st.stm32cube.ide.mcu.externaltools.gnu-tools-for-stm32.13.3.rel1.win32_1.0.0.202411081344/tools/bin/../lib/gcc/arm-none-eabi/13.3.1/thumb/v7e-m+fp/hard\libgcc.a(_aeabi_uldivmod.o)
                0x080001c8                __aeabi_uldivmod
 .text          0x080001f8      0x2f8 D:/STM32CubeIDE_1.19.0/STM32CubeIDE/plugins/com.st.stm32cube.ide.mcu.externaltools.gnu-tools-for-stm32.13.3.rel1.win32_1.0.0.202411081344/tools/bin/../lib/gcc/arm-none-eabi/13.3.1/thumb/v7e-m+fp/hard\libgcc.a(_udivmoddi4.o)
                0x080001f8                __udivmoddi4
 .text          0x080004f0        0x4 D:/STM32CubeIDE_1.19.0/STM32CubeIDE/plugins/com.st.stm32cube.ide.mcu.externaltools.gnu-tools-for-stm32.13.3.rel1.win32_1.0.0.202411081344/tools/bin/../lib/gcc/arm-none-eabi/13.3.1/thumb/v7e-m+fp/hard\libgcc.a(_dvmd_tls.o)
                0x080004f0                __aeabi_idiv0
                0x080004f0                __aeabi_ldiv0
 *(.text*)
 .text.MX_ADC1_Init
                0x080004f4      0x104 ./Core/Src/adc.o
                0x080004f4                MX_ADC1_Init
 .text.HAL_ADC_MspInit
                0x080005f8      0x128 ./Core/Src/adc.o
                0x080005f8                HAL_ADC_MspInit
 .text.button_scan
                0x08000720       0xd8 ./Core/Src/button.o
                0x08000720                button_scan
 .text.crc16    0x080007f8       0x68 ./Core/Src/crc16.o
                0x080007f8                crc16
 .text.MX_DMA_Init
                0x08000860       0x40 ./Core/Src/dma.o
                0x08000860                MX_DMA_Init
 .text.MX_FSMC_Init
                0x080008a0       0xf4 ./Core/Src/fsmc.o
                0x080008a0                MX_FSMC_Init
 .text.HAL_FSMC_MspInit
                0x08000994       0x98 ./Core/Src/fsmc.o
 .text.HAL_SRAM_MspInit
                0x08000a2c       0x14 ./Core/Src/fsmc.o
                0x08000a2c                HAL_SRAM_MspInit
 .text.MX_GPIO_Init
                0x08000a40      0x1c0 ./Core/Src/gpio.o
                0x08000a40                MX_GPIO_Init
 .text.hw_init  0x08000c00       0x2c ./Core/Src/hwi.o
                0x08000c00                hw_init
 .text.send_byte
                0x08000c2c       0x34 ./Core/Src/hwi.o
                0x08000c2c                send_byte
 .text.receive_byte
                0x08000c60       0x48 ./Core/Src/hwi.o
                0x08000c60                receive_byte
 .text.UART_Callback
                0x08000ca8       0x4c ./Core/Src/hwi.o
                0x08000ca8                UART_Callback
 .text.MX_I2C1_Init
                0x08000cf4       0x5c ./Core/Src/i2c.o
                0x08000cf4                MX_I2C1_Init
 .text.HAL_I2C_MspInit
                0x08000d50       0x90 ./Core/Src/i2c.o
                0x08000d50                HAL_I2C_MspInit
 .text.LCD_WR_REG
                0x08000de0       0x20 ./Core/Src/lcd.o
                0x08000de0                LCD_WR_REG
 .text.LCD_WR_DATA
                0x08000e00       0x20 ./Core/Src/lcd.o
 .text.LCD_RD_DATA
                0x08000e20       0x24 ./Core/Src/lcd.o
 .text.lcd_set_address
                0x08000e44       0x98 ./Core/Src/lcd.o
                0x08000e44                lcd_set_address
 .text.lcd_clear
                0x08000edc       0x64 ./Core/Src/lcd.o
                0x08000edc                lcd_clear
 .text.lcd_draw_point
                0x08000f40       0x2e ./Core/Src/lcd.o
                0x08000f40                lcd_draw_point
 *fill*         0x08000f6e        0x2 
 .text.lcd_show_char
                0x08000f70      0x1a0 ./Core/Src/lcd.o
                0x08000f70                lcd_show_char
 .text.mypow    0x08001110       0x38 ./Core/Src/lcd.o
 .text.lcd_show_int_num
                0x08001148       0xfc ./Core/Src/lcd.o
                0x08001148                lcd_show_int_num
 .text.lcd_show_float_num
                0x08001244      0x110 ./Core/Src/lcd.o
                0x08001244                lcd_show_float_num
 .text.lcd_set_direction
                0x08001354       0x44 ./Core/Src/lcd.o
                0x08001354                lcd_set_direction
 .text.lcd_init
                0x08001398      0x2c0 ./Core/Src/lcd.o
                0x08001398                lcd_init
 .text.lcd_show_string
                0x08001658       0xc8 ./Core/Src/lcd.o
                0x08001658                lcd_show_string
 .text.main     0x08001720       0xf8 ./Core/Src/main.o
                0x08001720                main
 .text.SystemClock_Config
                0x08001818       0xd4 ./Core/Src/main.o
                0x08001818                SystemClock_Config
 .text.init_system
                0x080018ec       0x1a ./Core/Src/main.o
                0x080018ec                init_system
 *fill*         0x08001906        0x2 
 .text.HAL_TIM_PeriodElapsedCallback
                0x08001908       0x24 ./Core/Src/main.o
                0x08001908                HAL_TIM_PeriodElapsedCallback
 .text.HAL_UART_RxCpltCallback
                0x0800192c       0x16 ./Core/Src/main.o
                0x0800192c                HAL_UART_RxCpltCallback
 .text.Error_Handler
                0x08001942        0xc ./Core/Src/main.o
                0x08001942                Error_Handler
 *fill*         0x0800194e        0x2 
 .text.mpl_fsm  0x08001950      0x11c ./Core/Src/mpl.o
                0x08001950                mpl_fsm
 .text.mpl_init
                0x08001a6c       0x20 ./Core/Src/mpl.o
                0x08001a6c                mpl_init
 .text.is_start_byte
                0x08001a8c       0x40 ./Core/Src/mpl.o
                0x08001a8c                is_start_byte
 .text.receiving_header
                0x08001acc       0x68 ./Core/Src/mpl.o
                0x08001acc                receiving_header
 .text.receiving_payload
                0x08001b34       0x4c ./Core/Src/mpl.o
                0x08001b34                receiving_payload
 .text.crc_checking
                0x08001b80       0x54 ./Core/Src/mpl.o
                0x08001b80                crc_checking
 .text.master_encode
                0x08001bd4      0x18c ./Core/Src/mpl.o
                0x08001bd4                master_encode
 .text.slave_decode
                0x08001d60       0xf8 ./Core/Src/mpl.o
                0x08001d60                slave_decode
 .text.load_descriptor_values
                0x08001e58      0x2d4 ./Core/Src/pb_common.o
 .text.advance_iterator
                0x0800212c       0xc0 ./Core/Src/pb_common.o
 .text.pb_field_iter_begin
                0x080021ec       0x32 ./Core/Src/pb_common.o
                0x080021ec                pb_field_iter_begin
 .text.pb_field_iter_begin_extension
                0x0800221e       0x60 ./Core/Src/pb_common.o
                0x0800221e                pb_field_iter_begin_extension
 .text.pb_field_iter_next
                0x0800227e       0x2a ./Core/Src/pb_common.o
                0x0800227e                pb_field_iter_next
 .text.pb_field_iter_find
                0x080022a8       0xac ./Core/Src/pb_common.o
                0x080022a8                pb_field_iter_find
 .text.pb_field_iter_find_extension
                0x08002354       0x66 ./Core/Src/pb_common.o
                0x08002354                pb_field_iter_find_extension
 .text.pb_const_cast
                0x080023ba       0x1a ./Core/Src/pb_common.o
 .text.pb_field_iter_begin_const
                0x080023d4       0x28 ./Core/Src/pb_common.o
                0x080023d4                pb_field_iter_begin_const
 .text.pb_field_iter_begin_extension_const
                0x080023fc       0x24 ./Core/Src/pb_common.o
                0x080023fc                pb_field_iter_begin_extension_const
 .text.pb_default_field_callback
                0x08002420       0x6a ./Core/Src/pb_common.o
                0x08002420                pb_default_field_callback
 .text.buf_read
                0x0800248a       0x38 ./Core/Src/pb_decode.o
 *fill*         0x080024c2        0x2 
 .text.pb_read  0x080024c4       0xec ./Core/Src/pb_decode.o
                0x080024c4                pb_read
 .text.pb_readbyte
                0x080025b0       0x78 ./Core/Src/pb_decode.o
 .text.pb_istream_from_buffer
                0x08002628       0x3c ./Core/Src/pb_decode.o
                0x08002628                pb_istream_from_buffer
 .text.pb_decode_varint32_eof
                0x08002664      0x154 ./Core/Src/pb_decode.o
 .text.pb_decode_varint32
                0x080027b8       0x1e ./Core/Src/pb_decode.o
                0x080027b8                pb_decode_varint32
 *fill*         0x080027d6        0x2 
 .text.pb_decode_varint
                0x080027d8       0xcc ./Core/Src/pb_decode.o
                0x080027d8                pb_decode_varint
 .text.pb_skip_varint
                0x080028a4       0x38 ./Core/Src/pb_decode.o
 .text.pb_skip_string
                0x080028dc       0x3a ./Core/Src/pb_decode.o
 .text.pb_decode_tag
                0x08002916       0x5e ./Core/Src/pb_decode.o
                0x08002916                pb_decode_tag
 .text.pb_skip_field
                0x08002974       0x84 ./Core/Src/pb_decode.o
                0x08002974                pb_skip_field
 .text.read_raw_value
                0x080029f8       0xd8 ./Core/Src/pb_decode.o
 .text.pb_make_string_substream
                0x08002ad0       0x74 ./Core/Src/pb_decode.o
                0x08002ad0                pb_make_string_substream
 .text.pb_close_string_substream
                0x08002b44       0x4a ./Core/Src/pb_decode.o
                0x08002b44                pb_close_string_substream
 *fill*         0x08002b8e        0x2 
 .text.decode_basic_field
                0x08002b90      0x1ec ./Core/Src/pb_decode.o
 .text.decode_static_field
                0x08002d7c      0x280 ./Core/Src/pb_decode.o
 .text.decode_pointer_field
                0x08002ffc       0x34 ./Core/Src/pb_decode.o
 .text.decode_callback_field
                0x08003030      0x114 ./Core/Src/pb_decode.o
 .text.decode_field
                0x08003144       0x7c ./Core/Src/pb_decode.o
 .text.default_extension_decoder
                0x080031c0       0x74 ./Core/Src/pb_decode.o
 .text.decode_extension
                0x08003234       0x78 ./Core/Src/pb_decode.o
 .text.pb_field_set_to_default
                0x080032ac      0x182 ./Core/Src/pb_decode.o
 .text.pb_message_set_to_defaults
                0x0800342e       0xfa ./Core/Src/pb_decode.o
 .text.pb_decode_inner
                0x08003528      0x374 ./Core/Src/pb_decode.o
 .text.pb_decode
                0x0800389c       0x26 ./Core/Src/pb_decode.o
                0x0800389c                pb_decode
 .text.pb_decode_bool
                0x080038c2       0x40 ./Core/Src/pb_decode.o
                0x080038c2                pb_decode_bool
 .text.pb_decode_svarint
                0x08003902       0x86 ./Core/Src/pb_decode.o
                0x08003902                pb_decode_svarint
 .text.pb_decode_fixed32
                0x08003988       0x38 ./Core/Src/pb_decode.o
                0x08003988                pb_decode_fixed32
 .text.pb_decode_fixed64
                0x080039c0       0x3c ./Core/Src/pb_decode.o
                0x080039c0                pb_decode_fixed64
 .text.pb_dec_bool
                0x080039fc       0x20 ./Core/Src/pb_decode.o
 .text.pb_dec_varint
                0x08003a1c      0x258 ./Core/Src/pb_decode.o
 .text.pb_dec_bytes
                0x08003c74       0xe8 ./Core/Src/pb_decode.o
 .text.pb_dec_string
                0x08003d5c       0xf8 ./Core/Src/pb_decode.o
 .text.pb_dec_submessage
                0x08003e54      0x114 ./Core/Src/pb_decode.o
 .text.pb_dec_fixed_length_bytes
                0x08003f68       0xa8 ./Core/Src/pb_decode.o
 .text.buf_write
                0x08004010       0x30 ./Core/Src/pb_encode.o
 .text.pb_ostream_from_buffer
                0x08004040       0x40 ./Core/Src/pb_encode.o
                0x08004040                pb_ostream_from_buffer
 .text.pb_write
                0x08004080       0xa0 ./Core/Src/pb_encode.o
                0x08004080                pb_write
 .text.safe_read_bool
                0x08004120       0x3c ./Core/Src/pb_encode.o
 .text.encode_array
                0x0800415c      0x2a8 ./Core/Src/pb_encode.o
 .text.pb_check_proto3_default_value
                0x08004404      0x23c ./Core/Src/pb_encode.o
 .text.encode_basic_field
                0x08004640       0xe8 ./Core/Src/pb_encode.o
 .text.encode_callback_field
                0x08004728       0x54 ./Core/Src/pb_encode.o
 .text.encode_field
                0x0800477c       0xe8 ./Core/Src/pb_encode.o
 .text.default_extension_encoder
                0x08004864       0x54 ./Core/Src/pb_encode.o
 .text.encode_extension_field
                0x080048b8       0x62 ./Core/Src/pb_encode.o
 .text.pb_encode
                0x0800491a       0x88 ./Core/Src/pb_encode.o
                0x0800491a                pb_encode
 .text.pb_encode_varint_32
                0x080049a2       0xd4 ./Core/Src/pb_encode.o
 .text.pb_encode_varint
                0x08004a76       0x56 ./Core/Src/pb_encode.o
                0x08004a76                pb_encode_varint
 .text.pb_encode_svarint
                0x08004acc       0x74 ./Core/Src/pb_encode.o
                0x08004acc                pb_encode_svarint
 .text.pb_encode_fixed32
                0x08004b40       0x1e ./Core/Src/pb_encode.o
                0x08004b40                pb_encode_fixed32
 .text.pb_encode_fixed64
                0x08004b5e       0x1e ./Core/Src/pb_encode.o
                0x08004b5e                pb_encode_fixed64
 .text.pb_encode_tag
                0x08004b7c       0x52 ./Core/Src/pb_encode.o
                0x08004b7c                pb_encode_tag
 *fill*         0x08004bce        0x2 
 .text.pb_encode_tag_for_field
                0x08004bd0       0x9c ./Core/Src/pb_encode.o
                0x08004bd0                pb_encode_tag_for_field
 .text.pb_encode_string
                0x08004c6c       0x42 ./Core/Src/pb_encode.o
                0x08004c6c                pb_encode_string
 *fill*         0x08004cae        0x2 
 .text.pb_encode_submessage
                0x08004cb0      0x11c ./Core/Src/pb_encode.o
                0x08004cb0                pb_encode_submessage
 .text.pb_enc_bool
                0x08004dcc       0x34 ./Core/Src/pb_encode.o
 .text.pb_enc_varint
                0x08004e00      0x184 ./Core/Src/pb_encode.o
 .text.pb_enc_fixed
                0x08004f84       0x5c ./Core/Src/pb_encode.o
 .text.pb_enc_bytes
                0x08004fe0       0x7c ./Core/Src/pb_encode.o
 .text.pb_enc_string
                0x0800505c       0xbc ./Core/Src/pb_encode.o
 .text.pb_enc_submessage
                0x08005118       0x8c ./Core/Src/pb_encode.o
 .text.pb_enc_fixed_length_bytes
                0x080051a4       0x24 ./Core/Src/pb_encode.o
 .text.timer_init
                0x080051c8       0x14 ./Core/Src/software_timer.o
                0x080051c8                timer_init
 .text.timer_set
                0x080051dc       0x38 ./Core/Src/software_timer.o
                0x080051dc                timer_set
 .text.timer_isExpired
                0x08005214       0x2c ./Core/Src/software_timer.o
                0x08005214                timer_isExpired
 .text.timer_run
                0x08005240       0x60 ./Core/Src/software_timer.o
                0x08005240                timer_run
 .text.MX_SPI1_Init
                0x080052a0       0x6c ./Core/Src/spi.o
                0x080052a0                MX_SPI1_Init
 .text.HAL_SPI_MspInit
                0x0800530c       0x90 ./Core/Src/spi.o
                0x0800530c                HAL_SPI_MspInit
 .text.HAL_MspInit
                0x0800539c       0x50 ./Core/Src/stm32f4xx_hal_msp.o
                0x0800539c                HAL_MspInit
 .text.NMI_Handler
                0x080053ec        0x8 ./Core/Src/stm32f4xx_it.o
                0x080053ec                NMI_Handler
 .text.HardFault_Handler
                0x080053f4        0x8 ./Core/Src/stm32f4xx_it.o
                0x080053f4                HardFault_Handler
 .text.MemManage_Handler
                0x080053fc        0x8 ./Core/Src/stm32f4xx_it.o
                0x080053fc                MemManage_Handler
 .text.BusFault_Handler
                0x08005404        0x8 ./Core/Src/stm32f4xx_it.o
                0x08005404                BusFault_Handler
 .text.UsageFault_Handler
                0x0800540c        0x8 ./Core/Src/stm32f4xx_it.o
                0x0800540c                UsageFault_Handler
 .text.SVC_Handler
                0x08005414        0xe ./Core/Src/stm32f4xx_it.o
                0x08005414                SVC_Handler
 .text.DebugMon_Handler
                0x08005422        0xe ./Core/Src/stm32f4xx_it.o
                0x08005422                DebugMon_Handler
 .text.PendSV_Handler
                0x08005430        0xe ./Core/Src/stm32f4xx_it.o
                0x08005430                PendSV_Handler
 .text.SysTick_Handler
                0x0800543e        0xc ./Core/Src/stm32f4xx_it.o
                0x0800543e                SysTick_Handler
 *fill*         0x0800544a        0x2 
 .text.TIM3_IRQHandler
                0x0800544c       0x14 ./Core/Src/stm32f4xx_it.o
                0x0800544c                TIM3_IRQHandler
 .text.USART3_IRQHandler
                0x08005460       0x14 ./Core/Src/stm32f4xx_it.o
                0x08005460                USART3_IRQHandler
 .text.DMA2_Stream0_IRQHandler
                0x08005474       0x14 ./Core/Src/stm32f4xx_it.o
                0x08005474                DMA2_Stream0_IRQHandler
 .text.SystemInit
                0x08005488       0x24 ./Core/Src/system_stm32f4xx.o
                0x08005488                SystemInit
 .text.MX_TIM3_Init
                0x080054ac       0x9c ./Core/Src/tim.o
                0x080054ac                MX_TIM3_Init
 .text.HAL_TIM_Base_MspInit
                0x08005548       0x50 ./Core/Src/tim.o
                0x08005548                HAL_TIM_Base_MspInit
 .text.MX_USART1_UART_Init
                0x08005598       0x54 ./Core/Src/usart.o
                0x08005598                MX_USART1_UART_Init
 .text.MX_USART2_UART_Init
                0x080055ec       0x54 ./Core/Src/usart.o
                0x080055ec                MX_USART2_UART_Init
 .text.MX_USART3_UART_Init
                0x08005640       0x54 ./Core/Src/usart.o
                0x08005640                MX_USART3_UART_Init
 .text.HAL_UART_MspInit
                0x08005694      0x178 ./Core/Src/usart.o
                0x08005694                HAL_UART_MspInit
 .text.Reset_Handler
                0x0800580c       0x50 ./Core/Startup/startup_stm32f407zgtx.o
                0x0800580c                Reset_Handler
 .text.Default_Handler
                0x0800585c        0x2 ./Core/Startup/startup_stm32f407zgtx.o
                0x0800585c                RTC_Alarm_IRQHandler
                0x0800585c                HASH_RNG_IRQHandler
                0x0800585c                EXTI2_IRQHandler
                0x0800585c                TIM8_CC_IRQHandler
                0x0800585c                TIM1_CC_IRQHandler
                0x0800585c                DMA2_Stream5_IRQHandler
                0x0800585c                DMA1_Stream5_IRQHandler
                0x0800585c                PVD_IRQHandler
                0x0800585c                SDIO_IRQHandler
                0x0800585c                TAMP_STAMP_IRQHandler
                0x0800585c                CAN2_RX1_IRQHandler
                0x0800585c                EXTI3_IRQHandler
                0x0800585c                TIM8_TRG_COM_TIM14_IRQHandler
                0x0800585c                TIM1_UP_TIM10_IRQHandler
                0x0800585c                TIM8_UP_TIM13_IRQHandler
                0x0800585c                I2C3_ER_IRQHandler
                0x0800585c                EXTI0_IRQHandler
                0x0800585c                I2C2_EV_IRQHandler
                0x0800585c                DMA1_Stream2_IRQHandler
                0x0800585c                CAN1_RX0_IRQHandler
                0x0800585c                FPU_IRQHandler
                0x0800585c                OTG_HS_WKUP_IRQHandler
                0x0800585c                CAN2_SCE_IRQHandler
                0x0800585c                DMA2_Stream2_IRQHandler
                0x0800585c                SPI1_IRQHandler
                0x0800585c                TIM6_DAC_IRQHandler
                0x0800585c                TIM1_BRK_TIM9_IRQHandler
                0x0800585c                DCMI_IRQHandler
                0x0800585c                CAN2_RX0_IRQHandler
                0x0800585c                DMA2_Stream3_IRQHandler
                0x0800585c                USART6_IRQHandler
                0x0800585c                CAN1_RX1_IRQHandler
                0x0800585c                UART5_IRQHandler
                0x0800585c                TIM4_IRQHandler
                0x0800585c                I2C1_EV_IRQHandler
                0x0800585c                DMA1_Stream6_IRQHandler
                0x0800585c                DMA1_Stream1_IRQHandler
                0x0800585c                UART4_IRQHandler
                0x0800585c                RCC_IRQHandler
                0x0800585c                TIM8_BRK_TIM12_IRQHandler
                0x0800585c                Default_Handler
                0x0800585c                EXTI15_10_IRQHandler
                0x0800585c                ADC_IRQHandler
                0x0800585c                DMA1_Stream7_IRQHandler
                0x0800585c                TIM7_IRQHandler
                0x0800585c                CAN2_TX_IRQHandler
                0x0800585c                TIM5_IRQHandler
                0x0800585c                DMA2_Stream7_IRQHandler
                0x0800585c                I2C3_EV_IRQHandler
                0x0800585c                EXTI9_5_IRQHandler
                0x0800585c                RTC_WKUP_IRQHandler
                0x0800585c                ETH_WKUP_IRQHandler
                0x0800585c                SPI2_IRQHandler
                0x0800585c                OTG_HS_EP1_IN_IRQHandler
                0x0800585c                DMA1_Stream0_IRQHandler
                0x0800585c                CAN1_TX_IRQHandler
                0x0800585c                EXTI4_IRQHandler
                0x0800585c                FSMC_IRQHandler
                0x0800585c                ETH_IRQHandler
                0x0800585c                OTG_HS_EP1_OUT_IRQHandler
                0x0800585c                WWDG_IRQHandler
                0x0800585c                TIM2_IRQHandler
                0x0800585c                OTG_FS_WKUP_IRQHandler
                0x0800585c                TIM1_TRG_COM_TIM11_IRQHandler
                0x0800585c                OTG_HS_IRQHandler
                0x0800585c                EXTI1_IRQHandler
                0x0800585c                USART2_IRQHandler
                0x0800585c                I2C2_ER_IRQHandler
                0x0800585c                DMA2_Stream1_IRQHandler
                0x0800585c                CAN1_SCE_IRQHandler
                0x0800585c                FLASH_IRQHandler
                0x0800585c                DMA2_Stream4_IRQHandler
                0x0800585c                USART1_IRQHandler
                0x0800585c                OTG_FS_IRQHandler
                0x0800585c                SPI3_IRQHandler
                0x0800585c                DMA1_Stream4_IRQHandler
                0x0800585c                I2C1_ER_IRQHandler
                0x0800585c                DMA2_Stream6_IRQHandler
                0x0800585c                DMA1_Stream3_IRQHandler
 *fill*         0x0800585e        0x2 
 .text.HAL_Init
                0x08005860       0x44 ./Drivers/STM32F4xx_HAL_Driver/Src/stm32f4xx_hal.o
                0x08005860                HAL_Init
 .text.HAL_InitTick
                0x080058a4       0x60 ./Drivers/STM32F4xx_HAL_Driver/Src/stm32f4xx_hal.o
                0x080058a4                HAL_InitTick
 .text.HAL_IncTick
                0x08005904       0x28 ./Drivers/STM32F4xx_HAL_Driver/Src/stm32f4xx_hal.o
                0x08005904                HAL_IncTick
 .text.HAL_GetTick
                0x0800592c       0x18 ./Drivers/STM32F4xx_HAL_Driver/Src/stm32f4xx_hal.o
                0x0800592c                HAL_GetTick
 .text.HAL_Delay
                0x08005944       0x48 ./Drivers/STM32F4xx_HAL_Driver/Src/stm32f4xx_hal.o
                0x08005944                HAL_Delay
 .text.HAL_ADC_Init
                0x0800598c       0x86 ./Drivers/STM32F4xx_HAL_Driver/Src/stm32f4xx_hal_adc.o
                0x0800598c                HAL_ADC_Init
 *fill*         0x08005a12        0x2 
 .text.HAL_ADC_ConfigChannel
                0x08005a14      0x244 ./Drivers/STM32F4xx_HAL_Driver/Src/stm32f4xx_hal_adc.o
                0x08005a14                HAL_ADC_ConfigChannel
 .text.ADC_Init
                0x08005c58      0x1f8 ./Drivers/STM32F4xx_HAL_Driver/Src/stm32f4xx_hal_adc.o
 .text.__NVIC_SetPriorityGrouping
                0x08005e50       0x48 ./Drivers/STM32F4xx_HAL_Driver/Src/stm32f4xx_hal_cortex.o
 .text.__NVIC_GetPriorityGrouping
                0x08005e98       0x1c ./Drivers/STM32F4xx_HAL_Driver/Src/stm32f4xx_hal_cortex.o
 .text.__NVIC_EnableIRQ
                0x08005eb4       0x3c ./Drivers/STM32F4xx_HAL_Driver/Src/stm32f4xx_hal_cortex.o
 .text.__NVIC_SetPriority
                0x08005ef0       0x54 ./Drivers/STM32F4xx_HAL_Driver/Src/stm32f4xx_hal_cortex.o
 .text.NVIC_EncodePriority
                0x08005f44       0x66 ./Drivers/STM32F4xx_HAL_Driver/Src/stm32f4xx_hal_cortex.o
 *fill*         0x08005faa        0x2 
 .text.SysTick_Config
                0x08005fac       0x44 ./Drivers/STM32F4xx_HAL_Driver/Src/stm32f4xx_hal_cortex.o
 .text.HAL_NVIC_SetPriorityGrouping
                0x08005ff0       0x16 ./Drivers/STM32F4xx_HAL_Driver/Src/stm32f4xx_hal_cortex.o
                0x08005ff0                HAL_NVIC_SetPriorityGrouping
 .text.HAL_NVIC_SetPriority
                0x08006006       0x38 ./Drivers/STM32F4xx_HAL_Driver/Src/stm32f4xx_hal_cortex.o
                0x08006006                HAL_NVIC_SetPriority
 .text.HAL_NVIC_EnableIRQ
                0x0800603e       0x1c ./Drivers/STM32F4xx_HAL_Driver/Src/stm32f4xx_hal_cortex.o
                0x0800603e                HAL_NVIC_EnableIRQ
 .text.HAL_SYSTICK_Config
                0x0800605a       0x18 ./Drivers/STM32F4xx_HAL_Driver/Src/stm32f4xx_hal_cortex.o
                0x0800605a                HAL_SYSTICK_Config
 *fill*         0x08006072        0x2 
 .text.HAL_DMA_Init
                0x08006074      0x15c ./Drivers/STM32F4xx_HAL_Driver/Src/stm32f4xx_hal_dma.o
                0x08006074                HAL_DMA_Init
 .text.HAL_DMA_Abort
                0x080061d0       0xe0 ./Drivers/STM32F4xx_HAL_Driver/Src/stm32f4xx_hal_dma.o
                0x080061d0                HAL_DMA_Abort
 .text.HAL_DMA_Abort_IT
                0x080062b0       0x44 ./Drivers/STM32F4xx_HAL_Driver/Src/stm32f4xx_hal_dma.o
                0x080062b0                HAL_DMA_Abort_IT
 .text.HAL_DMA_IRQHandler
                0x080062f4      0x314 ./Drivers/STM32F4xx_HAL_Driver/Src/stm32f4xx_hal_dma.o
                0x080062f4                HAL_DMA_IRQHandler
 .text.DMA_CalcBaseAndBitshift
                0x08006608       0x6c ./Drivers/STM32F4xx_HAL_Driver/Src/stm32f4xx_hal_dma.o
 .text.DMA_CheckFifoParam
                0x08006674       0xf8 ./Drivers/STM32F4xx_HAL_Driver/Src/stm32f4xx_hal_dma.o
 .text.HAL_GPIO_Init
                0x0800676c      0x338 ./Drivers/STM32F4xx_HAL_Driver/Src/stm32f4xx_hal_gpio.o
                0x0800676c                HAL_GPIO_Init
 .text.HAL_GPIO_WritePin
                0x08006aa4       0x32 ./Drivers/STM32F4xx_HAL_Driver/Src/stm32f4xx_hal_gpio.o
                0x08006aa4                HAL_GPIO_WritePin
 *fill*         0x08006ad6        0x2 
 .text.HAL_I2C_Init
                0x08006ad8      0x288 ./Drivers/STM32F4xx_HAL_Driver/Src/stm32f4xx_hal_i2c.o
                0x08006ad8                HAL_I2C_Init
 .text.HAL_RCC_OscConfig
                0x08006d60      0x4f0 ./Drivers/STM32F4xx_HAL_Driver/Src/stm32f4xx_hal_rcc.o
                0x08006d60                HAL_RCC_OscConfig
 .text.HAL_RCC_ClockConfig
                0x08007250      0x1cc ./Drivers/STM32F4xx_HAL_Driver/Src/stm32f4xx_hal_rcc.o
                0x08007250                HAL_RCC_ClockConfig
 .text.HAL_RCC_GetSysClockFreq
                0x0800741c      0x18c ./Drivers/STM32F4xx_HAL_Driver/Src/stm32f4xx_hal_rcc.o
                0x0800741c                HAL_RCC_GetSysClockFreq
 .text.HAL_RCC_GetHCLKFreq
                0x080075a8       0x18 ./Drivers/STM32F4xx_HAL_Driver/Src/stm32f4xx_hal_rcc.o
                0x080075a8                HAL_RCC_GetHCLKFreq
 .text.HAL_RCC_GetPCLK1Freq
                0x080075c0       0x28 ./Drivers/STM32F4xx_HAL_Driver/Src/stm32f4xx_hal_rcc.o
                0x080075c0                HAL_RCC_GetPCLK1Freq
 .text.HAL_RCC_GetPCLK2Freq
                0x080075e8       0x28 ./Drivers/STM32F4xx_HAL_Driver/Src/stm32f4xx_hal_rcc.o
                0x080075e8                HAL_RCC_GetPCLK2Freq
 .text.HAL_SPI_Init
                0x08007610      0x112 ./Drivers/STM32F4xx_HAL_Driver/Src/stm32f4xx_hal_spi.o
                0x08007610                HAL_SPI_Init
 .text.HAL_SPI_Receive
                0x08007722      0x232 ./Drivers/STM32F4xx_HAL_Driver/Src/stm32f4xx_hal_spi.o
                0x08007722                HAL_SPI_Receive
 .text.HAL_SPI_TransmitReceive
                0x08007954      0x352 ./Drivers/STM32F4xx_HAL_Driver/Src/stm32f4xx_hal_spi.o
                0x08007954                HAL_SPI_TransmitReceive
 *fill*         0x08007ca6        0x2 
 .text.SPI_WaitFlagStateUntilTimeout
                0x08007ca8      0x110 ./Drivers/STM32F4xx_HAL_Driver/Src/stm32f4xx_hal_spi.o
 .text.SPI_EndRxTransaction
                0x08007db8       0xca ./Drivers/STM32F4xx_HAL_Driver/Src/stm32f4xx_hal_spi.o
 *fill*         0x08007e82        0x2 
 .text.SPI_EndRxTxTransaction
                0x08007e84       0xa8 ./Drivers/STM32F4xx_HAL_Driver/Src/stm32f4xx_hal_spi.o
 .text.HAL_SRAM_Init
                0x08007f2c       0x90 ./Drivers/STM32F4xx_HAL_Driver/Src/stm32f4xx_hal_sram.o
                0x08007f2c                HAL_SRAM_Init
 .text.HAL_TIM_Base_Init
                0x08007fbc       0x9e ./Drivers/STM32F4xx_HAL_Driver/Src/stm32f4xx_hal_tim.o
                0x08007fbc                HAL_TIM_Base_Init
 *fill*         0x0800805a        0x2 
 .text.HAL_TIM_Base_Start_IT
                0x0800805c       0xe0 ./Drivers/STM32F4xx_HAL_Driver/Src/stm32f4xx_hal_tim.o
                0x0800805c                HAL_TIM_Base_Start_IT
 .text.HAL_TIM_IRQHandler
                0x0800813c      0x1e0 ./Drivers/STM32F4xx_HAL_Driver/Src/stm32f4xx_hal_tim.o
                0x0800813c                HAL_TIM_IRQHandler
 .text.HAL_TIM_ConfigClockSource
                0x0800831c      0x18e ./Drivers/STM32F4xx_HAL_Driver/Src/stm32f4xx_hal_tim.o
                0x0800831c                HAL_TIM_ConfigClockSource
 .text.HAL_TIM_OC_DelayElapsedCallback
                0x080084aa       0x14 ./Drivers/STM32F4xx_HAL_Driver/Src/stm32f4xx_hal_tim.o
                0x080084aa                HAL_TIM_OC_DelayElapsedCallback
 .text.HAL_TIM_IC_CaptureCallback
                0x080084be       0x14 ./Drivers/STM32F4xx_HAL_Driver/Src/stm32f4xx_hal_tim.o
                0x080084be                HAL_TIM_IC_CaptureCallback
 .text.HAL_TIM_PWM_PulseFinishedCallback
                0x080084d2       0x14 ./Drivers/STM32F4xx_HAL_Driver/Src/stm32f4xx_hal_tim.o
                0x080084d2                HAL_TIM_PWM_PulseFinishedCallback
 .text.HAL_TIM_TriggerCallback
                0x080084e6       0x14 ./Drivers/STM32F4xx_HAL_Driver/Src/stm32f4xx_hal_tim.o
                0x080084e6                HAL_TIM_TriggerCallback
 *fill*         0x080084fa        0x2 
 .text.TIM_Base_SetConfig
                0x080084fc      0x14c ./Drivers/STM32F4xx_HAL_Driver/Src/stm32f4xx_hal_tim.o
                0x080084fc                TIM_Base_SetConfig
 .text.TIM_TI1_ConfigInputStage
                0x08008648       0x5e ./Drivers/STM32F4xx_HAL_Driver/Src/stm32f4xx_hal_tim.o
 .text.TIM_TI2_ConfigInputStage
                0x080086a6       0x60 ./Drivers/STM32F4xx_HAL_Driver/Src/stm32f4xx_hal_tim.o
 .text.TIM_ITRx_SetConfig
                0x08008706       0x36 ./Drivers/STM32F4xx_HAL_Driver/Src/stm32f4xx_hal_tim.o
 .text.TIM_ETR_SetConfig
                0x0800873c       0x40 ./Drivers/STM32F4xx_HAL_Driver/Src/stm32f4xx_hal_tim.o
                0x0800873c                TIM_ETR_SetConfig
 .text.HAL_TIMEx_MasterConfigSynchronization
                0x0800877c       0xf8 ./Drivers/STM32F4xx_HAL_Driver/Src/stm32f4xx_hal_tim_ex.o
                0x0800877c                HAL_TIMEx_MasterConfigSynchronization
 .text.HAL_TIMEx_CommutCallback
                0x08008874       0x14 ./Drivers/STM32F4xx_HAL_Driver/Src/stm32f4xx_hal_tim_ex.o
                0x08008874                HAL_TIMEx_CommutCallback
 .text.HAL_TIMEx_BreakCallback
                0x08008888       0x14 ./Drivers/STM32F4xx_HAL_Driver/Src/stm32f4xx_hal_tim_ex.o
                0x08008888                HAL_TIMEx_BreakCallback
 .text.HAL_UART_Init
                0x0800889c       0xa0 ./Drivers/STM32F4xx_HAL_Driver/Src/stm32f4xx_hal_uart.o
                0x0800889c                HAL_UART_Init
 .text.HAL_UART_Transmit
                0x0800893c      0x116 ./Drivers/STM32F4xx_HAL_Driver/Src/stm32f4xx_hal_uart.o
                0x0800893c                HAL_UART_Transmit
 .text.HAL_UART_Receive_IT
                0x08008a52       0x4a ./Drivers/STM32F4xx_HAL_Driver/Src/stm32f4xx_hal_uart.o
                0x08008a52                HAL_UART_Receive_IT
 .text.HAL_UART_IRQHandler
                0x08008a9c      0x554 ./Drivers/STM32F4xx_HAL_Driver/Src/stm32f4xx_hal_uart.o
                0x08008a9c                HAL_UART_IRQHandler
 .text.HAL_UART_TxCpltCallback
                0x08008ff0       0x14 ./Drivers/STM32F4xx_HAL_Driver/Src/stm32f4xx_hal_uart.o
                0x08008ff0                HAL_UART_TxCpltCallback
 .text.HAL_UART_ErrorCallback
                0x08009004       0x14 ./Drivers/STM32F4xx_HAL_Driver/Src/stm32f4xx_hal_uart.o
                0x08009004                HAL_UART_ErrorCallback
 .text.HAL_UARTEx_RxEventCallback
                0x08009018       0x18 ./Drivers/STM32F4xx_HAL_Driver/Src/stm32f4xx_hal_uart.o
                0x08009018                HAL_UARTEx_RxEventCallback
 .text.UART_WaitOnFlagUntilTimeout
                0x08009030       0xb2 ./Drivers/STM32F4xx_HAL_Driver/Src/stm32f4xx_hal_uart.o
 .text.UART_Start_Receive_IT
                0x080090e2       0x74 ./Drivers/STM32F4xx_HAL_Driver/Src/stm32f4xx_hal_uart.o
                0x080090e2                UART_Start_Receive_IT
 .text.UART_EndRxTransfer
                0x08009156       0xc6 ./Drivers/STM32F4xx_HAL_Driver/Src/stm32f4xx_hal_uart.o
 .text.UART_DMAAbortOnError
                0x0800921c       0x22 ./Drivers/STM32F4xx_HAL_Driver/Src/stm32f4xx_hal_uart.o
 .text.UART_Transmit_IT
                0x0800923e       0xa0 ./Drivers/STM32F4xx_HAL_Driver/Src/stm32f4xx_hal_uart.o
 .text.UART_EndTransmit_IT
                0x080092de       0x30 ./Drivers/STM32F4xx_HAL_Driver/Src/stm32f4xx_hal_uart.o
 .text.UART_Receive_IT
                0x0800930e      0x17c ./Drivers/STM32F4xx_HAL_Driver/Src/stm32f4xx_hal_uart.o
 *fill*         0x0800948a        0x2 
 .text.UART_SetConfig
                0x0800948c      0x4e8 ./Drivers/STM32F4xx_HAL_Driver/Src/stm32f4xx_hal_uart.o
 .text.FSMC_NORSRAM_Init
                0x08009974       0xd4 ./Drivers/STM32F4xx_HAL_Driver/Src/stm32f4xx_ll_fsmc.o
                0x08009974                FSMC_NORSRAM_Init
 .text.FSMC_NORSRAM_Timing_Init
                0x08009a48       0x5c ./Drivers/STM32F4xx_HAL_Driver/Src/stm32f4xx_ll_fsmc.o
                0x08009a48                FSMC_NORSRAM_Timing_Init
 .text.FSMC_NORSRAM_Extended_Timing_Init
                0x08009aa4       0x70 ./Drivers/STM32F4xx_HAL_Driver/Src/stm32f4xx_ll_fsmc.o
                0x08009aa4                FSMC_NORSRAM_Extended_Timing_Init
 .text.memset   0x08009b14       0x10 D:/STM32CubeIDE_1.19.0/STM32CubeIDE/plugins/com.st.stm32cube.ide.mcu.externaltools.gnu-tools-for-stm32.13.3.rel1.win32_1.0.0.202411081344/tools/bin/../lib/gcc/arm-none-eabi/13.3.1/../../../../arm-none-eabi/lib/thumb/v7e-m+fp/hard\libc_nano.a(libc_a-memset.o)
                0x08009b14                memset
 .text.__libc_init_array
                0x08009b24       0x48 D:/STM32CubeIDE_1.19.0/STM32CubeIDE/plugins/com.st.stm32cube.ide.mcu.externaltools.gnu-tools-for-stm32.13.3.rel1.win32_1.0.0.202411081344/tools/bin/../lib/gcc/arm-none-eabi/13.3.1/../../../../arm-none-eabi/lib/thumb/v7e-m+fp/hard\libc_nano.a(libc_a-init.o)
                0x08009b24                __libc_init_array
 .text.memcpy   0x08009b6c       0x1c D:/STM32CubeIDE_1.19.0/STM32CubeIDE/plugins/com.st.stm32cube.ide.mcu.externaltools.gnu-tools-for-stm32.13.3.rel1.win32_1.0.0.202411081344/tools/bin/../lib/gcc/arm-none-eabi/13.3.1/../../../../arm-none-eabi/lib/thumb/v7e-m+fp/hard\libc_nano.a(libc_a-memcpy-stub.o)
                0x08009b6c                memcpy
 *(.glue_7)
 .glue_7        0x08009b88        0x0 linker stubs
 *(.glue_7t)
 .glue_7t       0x08009b88        0x0 linker stubs
 *(.eh_frame)
 .eh_frame      0x08009b88        0x0 D:/STM32CubeIDE_1.19.0/STM32CubeIDE/plugins/com.st.stm32cube.ide.mcu.externaltools.gnu-tools-for-stm32.13.3.rel1.win32_1.0.0.202411081344/tools/bin/../lib/gcc/arm-none-eabi/13.3.1/thumb/v7e-m+fp/hard/crtbegin.o
 *(.init)
 .init          0x08009b88        0x4 D:/STM32CubeIDE_1.19.0/STM32CubeIDE/plugins/com.st.stm32cube.ide.mcu.externaltools.gnu-tools-for-stm32.13.3.rel1.win32_1.0.0.202411081344/tools/bin/../lib/gcc/arm-none-eabi/13.3.1/thumb/v7e-m+fp/hard/crti.o
                0x08009b88                _init
 .init          0x08009b8c        0x8 D:/STM32CubeIDE_1.19.0/STM32CubeIDE/plugins/com.st.stm32cube.ide.mcu.externaltools.gnu-tools-for-stm32.13.3.rel1.win32_1.0.0.202411081344/tools/bin/../lib/gcc/arm-none-eabi/13.3.1/thumb/v7e-m+fp/hard/crtn.o
 *(.fini)
 .fini          0x08009b94        0x4 D:/STM32CubeIDE_1.19.0/STM32CubeIDE/plugins/com.st.stm32cube.ide.mcu.externaltools.gnu-tools-for-stm32.13.3.rel1.win32_1.0.0.202411081344/tools/bin/../lib/gcc/arm-none-eabi/13.3.1/thumb/v7e-m+fp/hard/crti.o
                0x08009b94                _fini
 .fini          0x08009b98        0x8 D:/STM32CubeIDE_1.19.0/STM32CubeIDE/plugins/com.st.stm32cube.ide.mcu.externaltools.gnu-tools-for-stm32.13.3.rel1.win32_1.0.0.202411081344/tools/bin/../lib/gcc/arm-none-eabi/13.3.1/thumb/v7e-m+fp/hard/crtn.o
                0x08009ba0                        . = ALIGN (0x4)
                0x08009ba0                        _etext = .

.vfp11_veneer   0x08009ba0        0x0
 .vfp11_veneer  0x08009ba0        0x0 linker stubs

.v4_bx          0x08009ba0        0x0
 .v4_bx         0x08009ba0        0x0 linker stubs

.iplt           0x08009ba0        0x0
 .iplt          0x08009ba0        0x0 D:/STM32CubeIDE_1.19.0/STM32CubeIDE/plugins/com.st.stm32cube.ide.mcu.externaltools.gnu-tools-for-stm32.13.3.rel1.win32_1.0.0.202411081344/tools/bin/../lib/gcc/arm-none-eabi/13.3.1/thumb/v7e-m+fp/hard/crtbegin.o

.rodata         0x08009ba0     0x3304
                0x08009ba0                        . = ALIGN (0x4)
 *(.rodata)
 .rodata        0x08009ba0       0x20 ./Core/Src/main.o
 .rodata        0x08009bc0       0x4a ./Core/Src/mpl.o
 *fill*         0x08009c0a        0x2 
 .rodata        0x08009c0c      0x1ba ./Core/Src/pb_decode.o
 *fill*         0x08009dc6        0x2 
 .rodata        0x08009dc8      0x105 ./Core/Src/pb_encode.o
 *(.rodata*)
 *fill*         0x08009ecd        0x3 
 .rodata.ascii_1608
                0x08009ed0      0x5f0 ./Core/Src/lcd.o
                0x08009ed0                ascii_1608
 .rodata.ascii_2412
                0x0800a4c0     0x11d0 ./Core/Src/lcd.o
                0x0800a4c0                ascii_2412
 .rodata.ascii_3216
                0x0800b690     0x17c0 ./Core/Src/lcd.o
                0x0800b690                ascii_3216
 .rodata.SensorMessage_field_info
                0x0800ce50       0x18 ./Core/Src/sensor.pb.o
                0x0800ce50                SensorMessage_field_info
 .rodata.SensorMessage_submsg_info
                0x0800ce68        0x4 ./Core/Src/sensor.pb.o
                0x0800ce68                SensorMessage_submsg_info
 .rodata.SensorMessage_msg
                0x0800ce6c       0x18 ./Core/Src/sensor.pb.o
                0x0800ce6c                SensorMessage_msg
 .rodata.AHBPrescTable
                0x0800ce84       0x10 ./Core/Src/system_stm32f4xx.o
                0x0800ce84                AHBPrescTable
 .rodata.APBPrescTable
                0x0800ce94        0x8 ./Core/Src/system_stm32f4xx.o
                0x0800ce94                APBPrescTable
 .rodata.flagBitshiftOffset.0
                0x0800ce9c        0x8 ./Drivers/STM32F4xx_HAL_Driver/Src/stm32f4xx_hal_dma.o
                0x0800cea4                        . = ALIGN (0x4)

.ARM.extab      0x0800cea4        0x0
                0x0800cea4                        . = ALIGN (0x4)
 *(.ARM.extab* .gnu.linkonce.armextab.*)
                0x0800cea4                        . = ALIGN (0x4)

.ARM            0x0800cea4        0x8
                0x0800cea4                        . = ALIGN (0x4)
                0x0800cea4                        __exidx_start = .
 *(.ARM.exidx*)
 .ARM.exidx     0x0800cea4        0x8 D:/STM32CubeIDE_1.19.0/STM32CubeIDE/plugins/com.st.stm32cube.ide.mcu.externaltools.gnu-tools-for-stm32.13.3.rel1.win32_1.0.0.202411081344/tools/bin/../lib/gcc/arm-none-eabi/13.3.1/thumb/v7e-m+fp/hard\libgcc.a(_udivmoddi4.o)
                0x0800ceac                        __exidx_end = .
                0x0800ceac                        . = ALIGN (0x4)

.preinit_array  0x0800ceac        0x0
                0x0800ceac                        . = ALIGN (0x4)
                0x0800ceac                        PROVIDE (__preinit_array_start = .)
 *(.preinit_array*)
                0x0800ceac                        PROVIDE (__preinit_array_end = .)
                0x0800ceac                        . = ALIGN (0x4)

.init_array     0x0800ceac        0x4
                0x0800ceac                        . = ALIGN (0x4)
                0x0800ceac                        PROVIDE (__init_array_start = .)
 *(SORT_BY_NAME(.init_array.*))
 *(.init_array*)
 .init_array    0x0800ceac        0x4 D:/STM32CubeIDE_1.19.0/STM32CubeIDE/plugins/com.st.stm32cube.ide.mcu.externaltools.gnu-tools-for-stm32.13.3.rel1.win32_1.0.0.202411081344/tools/bin/../lib/gcc/arm-none-eabi/13.3.1/thumb/v7e-m+fp/hard/crtbegin.o
                0x0800ceb0                        PROVIDE (__init_array_end = .)
                0x0800ceb0                        . = ALIGN (0x4)

.fini_array     0x0800ceb0        0x4
                0x0800ceb0                        . = ALIGN (0x4)
                [!provide]                        PROVIDE (__fini_array_start = .)
 *(SORT_BY_NAME(.fini_array.*))
 *(.fini_array*)
 .fini_array    0x0800ceb0        0x4 D:/STM32CubeIDE_1.19.0/STM32CubeIDE/plugins/com.st.stm32cube.ide.mcu.externaltools.gnu-tools-for-stm32.13.3.rel1.win32_1.0.0.202411081344/tools/bin/../lib/gcc/arm-none-eabi/13.3.1/thumb/v7e-m+fp/hard/crtbegin.o
                [!provide]                        PROVIDE (__fini_array_end = .)
                0x0800ceb4                        . = ALIGN (0x4)
                0x0800ceb4                        _sidata = LOADADDR (.data)

.rel.dyn        0x0800ceb4        0x0
 .rel.iplt      0x0800ceb4        0x0 D:/STM32CubeIDE_1.19.0/STM32CubeIDE/plugins/com.st.stm32cube.ide.mcu.externaltools.gnu-tools-for-stm32.13.3.rel1.win32_1.0.0.202411081344/tools/bin/../lib/gcc/arm-none-eabi/13.3.1/thumb/v7e-m+fp/hard/crtbegin.o

.data           0x20000000      0x218 load address 0x0800ceb4
                0x20000000                        . = ALIGN (0x4)
                0x20000000                        _sdata = .
 *(.data)
 *(.data*)
 .data.lookup_table
                0x20000000      0x200 ./Core/Src/crc16.o
                0x20000000                lookup_table
 .data.temp.1   0x20000200        0x4 ./Core/Src/main.o
 .data.humid.0  0x20000204        0x4 ./Core/Src/main.o
 .data.packet_status
                0x20000208        0x1 ./Core/Src/mpl.o
                0x20000208                packet_status
 *fill*         0x20000209        0x3 
 .data.SystemCoreClock
                0x2000020c        0x4 ./Core/Src/system_stm32f4xx.o
                0x2000020c                SystemCoreClock
 .data.uwTickPrio
                0x20000210        0x4 ./Drivers/STM32F4xx_HAL_Driver/Src/stm32f4xx_hal.o
                0x20000210                uwTickPrio
 .data.uwTickFreq
                0x20000214        0x1 ./Drivers/STM32F4xx_HAL_Driver/Src/stm32f4xx_hal.o
                0x20000214                uwTickFreq
 *(.RamFunc)
 *(.RamFunc*)
                0x20000218                        . = ALIGN (0x4)
 *fill*         0x20000215        0x3 
                0x20000218                        _edata = .
                0x0800d0cc                        _siccmram = LOADADDR (.ccmram)

.igot.plt       0x20000218        0x0 load address 0x0800d0cc
 .igot.plt      0x20000218        0x0 D:/STM32CubeIDE_1.19.0/STM32CubeIDE/plugins/com.st.stm32cube.ide.mcu.externaltools.gnu-tools-for-stm32.13.3.rel1.win32_1.0.0.202411081344/tools/bin/../lib/gcc/arm-none-eabi/13.3.1/thumb/v7e-m+fp/hard/crtbegin.o

.ccmram         0x10000000        0x0 load address 0x0800d0cc
                0x10000000                        . = ALIGN (0x4)
                0x10000000                        _sccmram = .
 *(.ccmram)
 *(.ccmram*)
                0x10000000                        . = ALIGN (0x4)
                0x10000000                        _eccmram = .
                0x10000000                        . = ALIGN (0x4)

.bss            0x20000218      0x548
                0x20000218                        _sbss = .
                0x20000218                        __bss_start__ = _sbss
 *(.bss)
 .bss           0x20000218       0x1c D:/STM32CubeIDE_1.19.0/STM32CubeIDE/plugins/com.st.stm32cube.ide.mcu.externaltools.gnu-tools-for-stm32.13.3.rel1.win32_1.0.0.202411081344/tools/bin/../lib/gcc/arm-none-eabi/13.3.1/thumb/v7e-m+fp/hard/crtbegin.o
 *(.bss*)
 .bss.hadc1     0x20000234       0x48 ./Core/Src/adc.o
                0x20000234                hadc1
 .bss.hdma_adc1
                0x2000027c       0x60 ./Core/Src/adc.o
                0x2000027c                hdma_adc1
 .bss.button_count
                0x200002dc       0x20 ./Core/Src/button.o
                0x200002dc                button_count
 .bss.button_spi_buffer
                0x200002fc        0x2 ./Core/Src/button.o
 *fill*         0x200002fe        0x2 
 .bss.hsram1    0x20000300       0x50 ./Core/Src/fsmc.o
                0x20000300                hsram1
 .bss.FSMC_Initialized
                0x20000350        0x4 ./Core/Src/fsmc.o
 .bss.received_byte
                0x20000354        0x1 ./Core/Src/hwi.o
                0x20000354                received_byte
 .bss.rx_index  0x20000355        0x1 ./Core/Src/hwi.o
                0x20000355                rx_index
 .bss.read_index
                0x20000356        0x1 ./Core/Src/hwi.o
                0x20000356                read_index
 *fill*         0x20000357        0x1 
 .bss.rx        0x20000358      0x100 ./Core/Src/hwi.o
                0x20000358                rx
 .bss.hi2c1     0x20000458       0x54 ./Core/Src/i2c.o
                0x20000458                hi2c1
 .bss.lcddev    0x200004ac        0x6 ./Core/Src/lcd.o
                0x200004ac                lcddev
 *fill*         0x200004b2        0x2 
 .bss.receive_buffer
                0x200004b4      0x100 ./Core/Src/mpl.o
                0x200004b4                receive_buffer
 .bss.buffer_index
                0x200005b4        0x1 ./Core/Src/mpl.o
                0x200005b4                buffer_index
 *fill*         0x200005b5        0x1 
 .bss.packet_length
                0x200005b6        0x2 ./Core/Src/mpl.o
                0x200005b6                packet_length
 .bss.flag      0x200005b8        0x1 ./Core/Src/mpl.o
                0x200005b8                flag
 .bss.new_byte  0x200005b9        0x1 ./Core/Src/mpl.o
                0x200005b9                new_byte
 .bss.mpl_status
                0x200005ba        0x1 ./Core/Src/mpl.o
                0x200005ba                mpl_status
 *fill*         0x200005bb        0x1 
 .bss.decode_msg
                0x200005bc       0x14 ./Core/Src/mpl.o
                0x200005bc                decode_msg
 .bss.timer_counter
                0x200005d0        0xa ./Core/Src/software_timer.o
                0x200005d0                timer_counter
 *fill*         0x200005da        0x2 
 .bss.timer_flag
                0x200005dc        0x5 ./Core/Src/software_timer.o
                0x200005dc                timer_flag
 *fill*         0x200005e1        0x3 
 .bss.hspi1     0x200005e4       0x58 ./Core/Src/spi.o
                0x200005e4                hspi1
 .bss.htim3     0x2000063c       0x48 ./Core/Src/tim.o
                0x2000063c                htim3
 .bss.huart1    0x20000684       0x48 ./Core/Src/usart.o
                0x20000684                huart1
 .bss.huart2    0x200006cc       0x48 ./Core/Src/usart.o
                0x200006cc                huart2
 .bss.huart3    0x20000714       0x48 ./Core/Src/usart.o
                0x20000714                huart3
 .bss.uwTick    0x2000075c        0x4 ./Drivers/STM32F4xx_HAL_Driver/Src/stm32f4xx_hal.o
                0x2000075c                uwTick
 *(COMMON)
                0x20000760                        . = ALIGN (0x4)
                0x20000760                        _ebss = .
                0x20000760                        __bss_end__ = _ebss

._user_heap_stack
                0x20000760      0x600
                0x20000760                        . = ALIGN (0x8)
                [!provide]                        PROVIDE (end = .)
                0x20000760                        PROVIDE (_end = .)
                0x20000960                        . = (. + _Min_Heap_Size)
 *fill*         0x20000760      0x200 
                0x20000d60                        . = (. + _Min_Stack_Size)
 *fill*         0x20000960      0x400 
                0x20000d60                        . = ALIGN (0x8)

/DISCARD/
 libc.a(*)
 libm.a(*)
 libgcc.a(*)

.ARM.attributes
                0x00000000       0x30
 *(.ARM.attributes)
 .ARM.attributes
                0x00000000       0x22 D:/STM32CubeIDE_1.19.0/STM32CubeIDE/plugins/com.st.stm32cube.ide.mcu.externaltools.gnu-tools-for-stm32.13.3.rel1.win32_1.0.0.202411081344/tools/bin/../lib/gcc/arm-none-eabi/13.3.1/thumb/v7e-m+fp/hard/crti.o
 .ARM.attributes
                0x00000022       0x34 D:/STM32CubeIDE_1.19.0/STM32CubeIDE/plugins/com.st.stm32cube.ide.mcu.externaltools.gnu-tools-for-stm32.13.3.rel1.win32_1.0.0.202411081344/tools/bin/../lib/gcc/arm-none-eabi/13.3.1/thumb/v7e-m+fp/hard/crtbegin.o
 .ARM.attributes
                0x00000056       0x34 ./Core/Src/adc.o
 .ARM.attributes
                0x0000008a       0x34 ./Core/Src/button.o
 .ARM.attributes
                0x000000be       0x34 ./Core/Src/crc16.o
 .ARM.attributes
                0x000000f2       0x34 ./Core/Src/dma.o
 .ARM.attributes
                0x00000126       0x34 ./Core/Src/fsmc.o
 .ARM.attributes
                0x0000015a       0x34 ./Core/Src/gpio.o
 .ARM.attributes
                0x0000018e       0x34 ./Core/Src/hwi.o
 .ARM.attributes
                0x000001c2       0x34 ./Core/Src/i2c.o
 .ARM.attributes
                0x000001f6       0x34 ./Core/Src/lcd.o
 .ARM.attributes
                0x0000022a       0x34 ./Core/Src/main.o
 .ARM.attributes
                0x0000025e       0x34 ./Core/Src/mpl.o
 .ARM.attributes
                0x00000292       0x34 ./Core/Src/pb_common.o
 .ARM.attributes
                0x000002c6       0x34 ./Core/Src/pb_decode.o
 .ARM.attributes
                0x000002fa       0x34 ./Core/Src/pb_encode.o
 .ARM.attributes
                0x0000032e       0x34 ./Core/Src/sensor.pb.o
 .ARM.attributes
                0x00000362       0x34 ./Core/Src/software_timer.o
 .ARM.attributes
                0x00000396       0x34 ./Core/Src/spi.o
 .ARM.attributes
                0x000003ca       0x34 ./Core/Src/stm32f4xx_hal_msp.o
 .ARM.attributes
                0x000003fe       0x34 ./Core/Src/stm32f4xx_it.o
 .ARM.attributes
                0x00000432       0x34 ./Core/Src/system_stm32f4xx.o
 .ARM.attributes
                0x00000466       0x34 ./Core/Src/tim.o
 .ARM.attributes
                0x0000049a       0x34 ./Core/Src/usart.o
 .ARM.attributes
                0x000004ce       0x21 ./Core/Startup/startup_stm32f407zgtx.o
 .ARM.attributes
                0x000004ef       0x34 ./Drivers/STM32F4xx_HAL_Driver/Src/stm32f4xx_hal.o
 .ARM.attributes
                0x00000523       0x34 ./Drivers/STM32F4xx_HAL_Driver/Src/stm32f4xx_hal_adc.o
 .ARM.attributes
                0x00000557       0x34 ./Drivers/STM32F4xx_HAL_Driver/Src/stm32f4xx_hal_cortex.o
 .ARM.attributes
                0x0000058b       0x34 ./Drivers/STM32F4xx_HAL_Driver/Src/stm32f4xx_hal_dma.o
 .ARM.attributes
                0x000005bf       0x34 ./Drivers/STM32F4xx_HAL_Driver/Src/stm32f4xx_hal_gpio.o
 .ARM.attributes
                0x000005f3       0x34 ./Drivers/STM32F4xx_HAL_Driver/Src/stm32f4xx_hal_i2c.o
 .ARM.attributes
                0x00000627       0x34 ./Drivers/STM32F4xx_HAL_Driver/Src/stm32f4xx_hal_rcc.o
 .ARM.attributes
                0x0000065b       0x34 ./Drivers/STM32F4xx_HAL_Driver/Src/stm32f4xx_hal_spi.o
 .ARM.attributes
                0x0000068f       0x34 ./Drivers/STM32F4xx_HAL_Driver/Src/stm32f4xx_hal_sram.o
 .ARM.attributes
                0x000006c3       0x34 ./Drivers/STM32F4xx_HAL_Driver/Src/stm32f4xx_hal_tim.o
 .ARM.attributes
                0x000006f7       0x34 ./Drivers/STM32F4xx_HAL_Driver/Src/stm32f4xx_hal_tim_ex.o
 .ARM.attributes
                0x0000072b       0x34 ./Drivers/STM32F4xx_HAL_Driver/Src/stm32f4xx_hal_uart.o
 .ARM.attributes
                0x0000075f       0x34 ./Drivers/STM32F4xx_HAL_Driver/Src/stm32f4xx_ll_fsmc.o
 .ARM.attributes
                0x00000793       0x34 D:/STM32CubeIDE_1.19.0/STM32CubeIDE/plugins/com.st.stm32cube.ide.mcu.externaltools.gnu-tools-for-stm32.13.3.rel1.win32_1.0.0.202411081344/tools/bin/../lib/gcc/arm-none-eabi/13.3.1/../../../../arm-none-eabi/lib/thumb/v7e-m+fp/hard\libc_nano.a(libc_a-memset.o)
 .ARM.attributes
                0x000007c7       0x34 D:/STM32CubeIDE_1.19.0/STM32CubeIDE/plugins/com.st.stm32cube.ide.mcu.externaltools.gnu-tools-for-stm32.13.3.rel1.win32_1.0.0.202411081344/tools/bin/../lib/gcc/arm-none-eabi/13.3.1/../../../../arm-none-eabi/lib/thumb/v7e-m+fp/hard\libc_nano.a(libc_a-init.o)
 .ARM.attributes
                0x000007fb       0x34 D:/STM32CubeIDE_1.19.0/STM32CubeIDE/plugins/com.st.stm32cube.ide.mcu.externaltools.gnu-tools-for-stm32.13.3.rel1.win32_1.0.0.202411081344/tools/bin/../lib/gcc/arm-none-eabi/13.3.1/../../../../arm-none-eabi/lib/thumb/v7e-m+fp/hard\libc_nano.a(libc_a-memcpy-stub.o)
 .ARM.attributes
                0x0000082f       0x22 D:/STM32CubeIDE_1.19.0/STM32CubeIDE/plugins/com.st.stm32cube.ide.mcu.externaltools.gnu-tools-for-stm32.13.3.rel1.win32_1.0.0.202411081344/tools/bin/../lib/gcc/arm-none-eabi/13.3.1/thumb/v7e-m+fp/hard\libgcc.a(_aeabi_uldivmod.o)
 .ARM.attributes
                0x00000851       0x34 D:/STM32CubeIDE_1.19.0/STM32CubeIDE/plugins/com.st.stm32cube.ide.mcu.externaltools.gnu-tools-for-stm32.13.3.rel1.win32_1.0.0.202411081344/tools/bin/../lib/gcc/arm-none-eabi/13.3.1/thumb/v7e-m+fp/hard\libgcc.a(_udivmoddi4.o)
 .ARM.attributes
                0x00000885       0x22 D:/STM32CubeIDE_1.19.0/STM32CubeIDE/plugins/com.st.stm32cube.ide.mcu.externaltools.gnu-tools-for-stm32.13.3.rel1.win32_1.0.0.202411081344/tools/bin/../lib/gcc/arm-none-eabi/13.3.1/thumb/v7e-m+fp/hard\libgcc.a(_dvmd_tls.o)
 .ARM.attributes
                0x000008a7       0x22 D:/STM32CubeIDE_1.19.0/STM32CubeIDE/plugins/com.st.stm32cube.ide.mcu.externaltools.gnu-tools-for-stm32.13.3.rel1.win32_1.0.0.202411081344/tools/bin/../lib/gcc/arm-none-eabi/13.3.1/thumb/v7e-m+fp/hard/crtn.o
OUTPUT(BKIT_Assignment_2.elf elf32-littlearm)
LOAD linker stubs
LOAD D:/STM32CubeIDE_1.19.0/STM32CubeIDE/plugins/com.st.stm32cube.ide.mcu.externaltools.gnu-tools-for-stm32.13.3.rel1.win32_1.0.0.202411081344/tools/bin/../lib/gcc/arm-none-eabi/13.3.1/../../../../arm-none-eabi/lib/thumb/v7e-m+fp/hard\libc.a
LOAD D:/STM32CubeIDE_1.19.0/STM32CubeIDE/plugins/com.st.stm32cube.ide.mcu.externaltools.gnu-tools-for-stm32.13.3.rel1.win32_1.0.0.202411081344/tools/bin/../lib/gcc/arm-none-eabi/13.3.1/../../../../arm-none-eabi/lib/thumb/v7e-m+fp/hard\libm.a
LOAD D:/STM32CubeIDE_1.19.0/STM32CubeIDE/plugins/com.st.stm32cube.ide.mcu.externaltools.gnu-tools-for-stm32.13.3.rel1.win32_1.0.0.202411081344/tools/bin/../lib/gcc/arm-none-eabi/13.3.1/thumb/v7e-m+fp/hard\libgcc.a

.debug_info     0x00000000    0x1c42d
 .debug_info    0x00000000      0x9f1 ./Core/Src/adc.o
 .debug_info    0x000009f1      0x7e9 ./Core/Src/button.o
 .debug_info    0x000011da      0x13d ./Core/Src/crc16.o
 .debug_info    0x00001317      0x4ad ./Core/Src/dma.o
 .debug_info    0x000017c4      0x9ee ./Core/Src/fsmc.o
 .debug_info    0x000021b2      0x45d ./Core/Src/gpio.o
 .debug_info    0x0000260f      0x7bd ./Core/Src/hwi.o
 .debug_info    0x00002dcc      0x968 ./Core/Src/i2c.o
 .debug_info    0x00003734      0xe24 ./Core/Src/lcd.o
 .debug_info    0x00004558      0xe85 ./Core/Src/main.o
 .debug_info    0x000053dd      0x874 ./Core/Src/mpl.o
 .debug_info    0x00005c51      0x8be ./Core/Src/pb_common.o
 .debug_info    0x0000650f     0x165a ./Core/Src/pb_decode.o
 .debug_info    0x00007b69     0x10dc ./Core/Src/pb_encode.o
 .debug_info    0x00008c45      0x36c ./Core/Src/sensor.pb.o
 .debug_info    0x00008fb1      0x775 ./Core/Src/software_timer.o
 .debug_info    0x00009726      0x94d ./Core/Src/spi.o
 .debug_info    0x0000a073      0x269 ./Core/Src/stm32f4xx_hal_msp.o
 .debug_info    0x0000a2dc      0x9bb ./Core/Src/stm32f4xx_it.o
 .debug_info    0x0000ac97      0x512 ./Core/Src/system_stm32f4xx.o
 .debug_info    0x0000b1a9      0xc03 ./Core/Src/tim.o
 .debug_info    0x0000bdac      0xc43 ./Core/Src/usart.o
 .debug_info    0x0000c9ef       0x30 ./Core/Startup/startup_stm32f407zgtx.o
 .debug_info    0x0000ca1f      0x944 ./Drivers/STM32F4xx_HAL_Driver/Src/stm32f4xx_hal.o
 .debug_info    0x0000d363      0xce3 ./Drivers/STM32F4xx_HAL_Driver/Src/stm32f4xx_hal_adc.o
 .debug_info    0x0000e046      0xd8c ./Drivers/STM32F4xx_HAL_Driver/Src/stm32f4xx_hal_cortex.o
 .debug_info    0x0000edd2      0x8e7 ./Drivers/STM32F4xx_HAL_Driver/Src/stm32f4xx_hal_dma.o
 .debug_info    0x0000f6b9      0x6c3 ./Drivers/STM32F4xx_HAL_Driver/Src/stm32f4xx_hal_gpio.o
 .debug_info    0x0000fd7c     0x2415 ./Drivers/STM32F4xx_HAL_Driver/Src/stm32f4xx_hal_i2c.o
 .debug_info    0x00012191      0x8c3 ./Drivers/STM32F4xx_HAL_Driver/Src/stm32f4xx_hal_rcc.o
 .debug_info    0x00012a54     0x1525 ./Drivers/STM32F4xx_HAL_Driver/Src/stm32f4xx_hal_spi.o
 .debug_info    0x00013f79      0xd48 ./Drivers/STM32F4xx_HAL_Driver/Src/stm32f4xx_hal_sram.o
 .debug_info    0x00014cc1     0x299d ./Drivers/STM32F4xx_HAL_Driver/Src/stm32f4xx_hal_tim.o
 .debug_info    0x0001765e     0x14db ./Drivers/STM32F4xx_HAL_Driver/Src/stm32f4xx_hal_tim_ex.o
 .debug_info    0x00018b39     0x2f4f ./Drivers/STM32F4xx_HAL_Driver/Src/stm32f4xx_hal_uart.o
 .debug_info    0x0001ba88      0x9a5 ./Drivers/STM32F4xx_HAL_Driver/Src/stm32f4xx_ll_fsmc.o

.debug_abbrev   0x00000000     0x4960
 .debug_abbrev  0x00000000      0x205 ./Core/Src/adc.o
 .debug_abbrev  0x00000205      0x21b ./Core/Src/button.o
 .debug_abbrev  0x00000420       0xca ./Core/Src/crc16.o
 .debug_abbrev  0x000004ea      0x10e ./Core/Src/dma.o
 .debug_abbrev  0x000005f8      0x212 ./Core/Src/fsmc.o
 .debug_abbrev  0x0000080a      0x152 ./Core/Src/gpio.o
 .debug_abbrev  0x0000095c      0x20c ./Core/Src/hwi.o
 .debug_abbrev  0x00000b68      0x1f1 ./Core/Src/i2c.o
 .debug_abbrev  0x00000d59      0x328 ./Core/Src/lcd.o
 .debug_abbrev  0x00001081      0x272 ./Core/Src/main.o
 .debug_abbrev  0x000012f3      0x252 ./Core/Src/mpl.o
 .debug_abbrev  0x00001545      0x249 ./Core/Src/pb_common.o
 .debug_abbrev  0x0000178e      0x303 ./Core/Src/pb_decode.o
 .debug_abbrev  0x00001a91      0x2c2 ./Core/Src/pb_encode.o
 .debug_abbrev  0x00001d53      0x12e ./Core/Src/sensor.pb.o
 .debug_abbrev  0x00001e81      0x1df ./Core/Src/software_timer.o
 .debug_abbrev  0x00002060      0x1fa ./Core/Src/spi.o
 .debug_abbrev  0x0000225a       0xd8 ./Core/Src/stm32f4xx_hal_msp.o
 .debug_abbrev  0x00002332      0x19b ./Core/Src/stm32f4xx_it.o
 .debug_abbrev  0x000024cd      0x11a ./Core/Src/system_stm32f4xx.o
 .debug_abbrev  0x000025e7      0x1f7 ./Core/Src/tim.o
 .debug_abbrev  0x000027de      0x21e ./Core/Src/usart.o
 .debug_abbrev  0x000029fc       0x24 ./Core/Startup/startup_stm32f407zgtx.o
 .debug_abbrev  0x00002a20      0x214 ./Drivers/STM32F4xx_HAL_Driver/Src/stm32f4xx_hal.o
 .debug_abbrev  0x00002c34      0x252 ./Drivers/STM32F4xx_HAL_Driver/Src/stm32f4xx_hal_adc.o
 .debug_abbrev  0x00002e86      0x31d ./Drivers/STM32F4xx_HAL_Driver/Src/stm32f4xx_hal_cortex.o
 .debug_abbrev  0x000031a3      0x264 ./Drivers/STM32F4xx_HAL_Driver/Src/stm32f4xx_hal_dma.o
 .debug_abbrev  0x00003407      0x1d4 ./Drivers/STM32F4xx_HAL_Driver/Src/stm32f4xx_hal_gpio.o
 .debug_abbrev  0x000035db      0x2ad ./Drivers/STM32F4xx_HAL_Driver/Src/stm32f4xx_hal_i2c.o
 .debug_abbrev  0x00003888      0x2b7 ./Drivers/STM32F4xx_HAL_Driver/Src/stm32f4xx_hal_rcc.o
 .debug_abbrev  0x00003b3f      0x27a ./Drivers/STM32F4xx_HAL_Driver/Src/stm32f4xx_hal_spi.o
 .debug_abbrev  0x00003db9      0x1f3 ./Drivers/STM32F4xx_HAL_Driver/Src/stm32f4xx_hal_sram.o
 .debug_abbrev  0x00003fac      0x278 ./Drivers/STM32F4xx_HAL_Driver/Src/stm32f4xx_hal_tim.o
 .debug_abbrev  0x00004224      0x283 ./Drivers/STM32F4xx_HAL_Driver/Src/stm32f4xx_hal_tim_ex.o
 .debug_abbrev  0x000044a7      0x30e ./Drivers/STM32F4xx_HAL_Driver/Src/stm32f4xx_hal_uart.o
 .debug_abbrev  0x000047b5      0x1ab ./Drivers/STM32F4xx_HAL_Driver/Src/stm32f4xx_ll_fsmc.o

.debug_aranges  0x00000000     0x1928
 .debug_aranges
                0x00000000       0x30 ./Core/Src/adc.o
 .debug_aranges
                0x00000030       0x40 ./Core/Src/button.o
 .debug_aranges
                0x00000070       0x20 ./Core/Src/crc16.o
 .debug_aranges
                0x00000090       0x20 ./Core/Src/dma.o
 .debug_aranges
                0x000000b0       0x40 ./Core/Src/fsmc.o
 .debug_aranges
                0x000000f0       0x20 ./Core/Src/gpio.o
 .debug_aranges
                0x00000110       0x38 ./Core/Src/hwi.o
 .debug_aranges
                0x00000148       0x30 ./Core/Src/i2c.o
 .debug_aranges
                0x00000178       0xf0 ./Core/Src/lcd.o
 .debug_aranges
                0x00000268       0x48 ./Core/Src/main.o
 .debug_aranges
                0x000002b0       0x58 ./Core/Src/mpl.o
 .debug_aranges
                0x00000308       0x70 ./Core/Src/pb_common.o
 .debug_aranges
                0x00000378      0x140 ./Core/Src/pb_decode.o
 .debug_aranges
                0x000004b8      0x108 ./Core/Src/pb_encode.o
 .debug_aranges
                0x000005c0       0x18 ./Core/Src/sensor.pb.o
 .debug_aranges
                0x000005d8       0x38 ./Core/Src/software_timer.o
 .debug_aranges
                0x00000610       0x30 ./Core/Src/spi.o
 .debug_aranges
                0x00000640       0x20 ./Core/Src/stm32f4xx_hal_msp.o
 .debug_aranges
                0x00000660       0x78 ./Core/Src/stm32f4xx_it.o
 .debug_aranges
                0x000006d8       0x28 ./Core/Src/system_stm32f4xx.o
 .debug_aranges
                0x00000700       0x30 ./Core/Src/tim.o
 .debug_aranges
                0x00000730       0x40 ./Core/Src/usart.o
 .debug_aranges
                0x00000770       0x28 ./Core/Startup/startup_stm32f407zgtx.o
 .debug_aranges
                0x00000798       0xf0 ./Drivers/STM32F4xx_HAL_Driver/Src/stm32f4xx_hal.o
 .debug_aranges
                0x00000888       0xe8 ./Drivers/STM32F4xx_HAL_Driver/Src/stm32f4xx_hal_adc.o
 .debug_aranges
                0x00000970      0x130 ./Drivers/STM32F4xx_HAL_Driver/Src/stm32f4xx_hal_cortex.o
 .debug_aranges
                0x00000aa0       0x90 ./Drivers/STM32F4xx_HAL_Driver/Src/stm32f4xx_hal_dma.o
 .debug_aranges
                0x00000b30       0x58 ./Drivers/STM32F4xx_HAL_Driver/Src/stm32f4xx_hal_gpio.o
 .debug_aranges
                0x00000b88      0x2a8 ./Drivers/STM32F4xx_HAL_Driver/Src/stm32f4xx_hal_i2c.o
 .debug_aranges
                0x00000e30       0x88 ./Drivers/STM32F4xx_HAL_Driver/Src/stm32f4xx_hal_rcc.o
 .debug_aranges
                0x00000eb8      0x1d0 ./Drivers/STM32F4xx_HAL_Driver/Src/stm32f4xx_hal_spi.o
 .debug_aranges
                0x00001088       0xb8 ./Drivers/STM32F4xx_HAL_Driver/Src/stm32f4xx_hal_sram.o
 .debug_aranges
                0x00001140      0x3d0 ./Drivers/STM32F4xx_HAL_Driver/Src/stm32f4xx_hal_tim.o
 .debug_aranges
                0x00001510      0x168 ./Drivers/STM32F4xx_HAL_Driver/Src/stm32f4xx_hal_tim_ex.o
 .debug_aranges
                0x00001678      0x208 ./Drivers/STM32F4xx_HAL_Driver/Src/stm32f4xx_hal_uart.o
 .debug_aranges
                0x00001880       0xa8 ./Drivers/STM32F4xx_HAL_Driver/Src/stm32f4xx_ll_fsmc.o

.debug_rnglists
                0x00000000     0x13a5
 .debug_rnglists
                0x00000000       0x21 ./Core/Src/adc.o
 .debug_rnglists
                0x00000021       0x2c ./Core/Src/button.o
 .debug_rnglists
                0x0000004d       0x13 ./Core/Src/crc16.o
 .debug_rnglists
                0x00000060       0x13 ./Core/Src/dma.o
 .debug_rnglists
                0x00000073       0x2d ./Core/Src/fsmc.o
 .debug_rnglists
                0x000000a0       0x14 ./Core/Src/gpio.o
 .debug_rnglists
                0x000000b4       0x25 ./Core/Src/hwi.o
 .debug_rnglists
                0x000000d9       0x20 ./Core/Src/i2c.o
 .debug_rnglists
                0x000000f9       0xbc ./Core/Src/lcd.o
 .debug_rnglists
                0x000001b5       0x33 ./Core/Src/main.o
 .debug_rnglists
                0x000001e8       0x40 ./Core/Src/mpl.o
 .debug_rnglists
                0x00000228       0x52 ./Core/Src/pb_common.o
 .debug_rnglists
                0x0000027a      0x129 ./Core/Src/pb_decode.o
 .debug_rnglists
                0x000003a3       0xcd ./Core/Src/pb_encode.o
 .debug_rnglists
                0x00000470       0x25 ./Core/Src/software_timer.o
 .debug_rnglists
                0x00000495       0x20 ./Core/Src/spi.o
 .debug_rnglists
                0x000004b5       0x13 ./Core/Src/stm32f4xx_hal_msp.o
 .debug_rnglists
                0x000004c8       0x55 ./Core/Src/stm32f4xx_it.o
 .debug_rnglists
                0x0000051d       0x1a ./Core/Src/system_stm32f4xx.o
 .debug_rnglists
                0x00000537       0x20 ./Core/Src/tim.o
 .debug_rnglists
                0x00000557       0x2d ./Core/Src/usart.o
 .debug_rnglists
                0x00000584       0x19 ./Core/Startup/startup_stm32f407zgtx.o
 .debug_rnglists
                0x0000059d       0xaf ./Drivers/STM32F4xx_HAL_Driver/Src/stm32f4xx_hal.o
 .debug_rnglists
                0x0000064c       0xb5 ./Drivers/STM32F4xx_HAL_Driver/Src/stm32f4xx_hal_adc.o
 .debug_rnglists
                0x00000701       0xe0 ./Drivers/STM32F4xx_HAL_Driver/Src/stm32f4xx_hal_cortex.o
 .debug_rnglists
                0x000007e1       0x70 ./Drivers/STM32F4xx_HAL_Driver/Src/stm32f4xx_hal_dma.o
 .debug_rnglists
                0x00000851       0x3f ./Drivers/STM32F4xx_HAL_Driver/Src/stm32f4xx_hal_gpio.o
 .debug_rnglists
                0x00000890      0x23c ./Drivers/STM32F4xx_HAL_Driver/Src/stm32f4xx_hal_i2c.o
 .debug_rnglists
                0x00000acc       0x66 ./Drivers/STM32F4xx_HAL_Driver/Src/stm32f4xx_hal_rcc.o
 .debug_rnglists
                0x00000b32      0x16f ./Drivers/STM32F4xx_HAL_Driver/Src/stm32f4xx_hal_spi.o
 .debug_rnglists
                0x00000ca1       0x8d ./Drivers/STM32F4xx_HAL_Driver/Src/stm32f4xx_hal_sram.o
 .debug_rnglists
                0x00000d2e      0x31a ./Drivers/STM32F4xx_HAL_Driver/Src/stm32f4xx_hal_tim.o
 .debug_rnglists
                0x00001048      0x125 ./Drivers/STM32F4xx_HAL_Driver/Src/stm32f4xx_hal_tim_ex.o
 .debug_rnglists
                0x0000116d      0x1bc ./Drivers/STM32F4xx_HAL_Driver/Src/stm32f4xx_hal_uart.o
 .debug_rnglists
                0x00001329       0x7c ./Drivers/STM32F4xx_HAL_Driver/Src/stm32f4xx_ll_fsmc.o

.debug_macro    0x00000000    0x26e20
 .debug_macro   0x00000000      0x24e ./Core/Src/adc.o
 .debug_macro   0x0000024e      0xad8 ./Core/Src/adc.o
 .debug_macro   0x00000d26      0x2b3 ./Core/Src/adc.o
 .debug_macro   0x00000fd9       0x2e ./Core/Src/adc.o
 .debug_macro   0x00001007       0x2f ./Core/Src/adc.o
 .debug_macro   0x00001036       0x22 ./Core/Src/adc.o
 .debug_macro   0x00001058       0x8e ./Core/Src/adc.o
 .debug_macro   0x000010e6       0x51 ./Core/Src/adc.o
 .debug_macro   0x00001137      0x103 ./Core/Src/adc.o
 .debug_macro   0x0000123a       0x6a ./Core/Src/adc.o
 .debug_macro   0x000012a4      0x1df ./Core/Src/adc.o
 .debug_macro   0x00001483       0x1c ./Core/Src/adc.o
 .debug_macro   0x0000149f       0x22 ./Core/Src/adc.o
 .debug_macro   0x000014c1       0xfb ./Core/Src/adc.o
 .debug_macro   0x000015bc     0x1011 ./Core/Src/adc.o
 .debug_macro   0x000025cd      0x11f ./Core/Src/adc.o
 .debug_macro   0x000026ec    0x15ea5 ./Core/Src/adc.o
 .debug_macro   0x00018591       0x6d ./Core/Src/adc.o
 .debug_macro   0x000185fe     0x3693 ./Core/Src/adc.o
 .debug_macro   0x0001bc91      0x190 ./Core/Src/adc.o
 .debug_macro   0x0001be21       0x5c ./Core/Src/adc.o
 .debug_macro   0x0001be7d      0x980 ./Core/Src/adc.o
 .debug_macro   0x0001c7fd      0x9e9 ./Core/Src/adc.o
 .debug_macro   0x0001d1e6      0x115 ./Core/Src/adc.o
 .debug_macro   0x0001d2fb      0x13e ./Core/Src/adc.o
 .debug_macro   0x0001d439       0xa5 ./Core/Src/adc.o
 .debug_macro   0x0001d4de      0x174 ./Core/Src/adc.o
 .debug_macro   0x0001d652      0x287 ./Core/Src/adc.o
 .debug_macro   0x0001d8d9       0x5f ./Core/Src/adc.o
 .debug_macro   0x0001d938      0x236 ./Core/Src/adc.o
 .debug_macro   0x0001db6e      0xb5b ./Core/Src/adc.o
 .debug_macro   0x0001e6c9      0x38b ./Core/Src/adc.o
 .debug_macro   0x0001ea54      0x176 ./Core/Src/adc.o
 .debug_macro   0x0001ebca       0xf9 ./Core/Src/adc.o
 .debug_macro   0x0001ecc3      0x12c ./Core/Src/adc.o
 .debug_macro   0x0001edef      0x21e ./Core/Src/adc.o
 .debug_macro   0x0001f00d       0x2e ./Core/Src/adc.o
 .debug_macro   0x0001f03b      0x516 ./Core/Src/adc.o
 .debug_macro   0x0001f551      0x1b5 ./Core/Src/adc.o
 .debug_macro   0x0001f706       0xd6 ./Core/Src/adc.o
 .debug_macro   0x0001f7dc      0x127 ./Core/Src/adc.o
 .debug_macro   0x0001f903       0x7e ./Core/Src/adc.o
 .debug_macro   0x0001f981       0x89 ./Core/Src/adc.o
 .debug_macro   0x0001fa0a      0x225 ./Core/Src/adc.o
 .debug_macro   0x0001fc2f      0x8ed ./Core/Src/adc.o
 .debug_macro   0x0002051c       0x4d ./Core/Src/adc.o
 .debug_macro   0x00020569      0x2aa ./Core/Src/adc.o
 .debug_macro   0x00020813      0x12d ./Core/Src/adc.o
 .debug_macro   0x00020940       0x58 ./Core/Src/adc.o
 .debug_macro   0x00020998      0x271 ./Core/Src/button.o
 .debug_macro   0x00020c09       0x3a ./Core/Src/button.o
 .debug_macro   0x00020c43      0x13e ./Core/Src/crc16.o
 .debug_macro   0x00020d81       0x2a ./Core/Src/crc16.o
 .debug_macro   0x00020dab       0x61 ./Core/Src/crc16.o
 .debug_macro   0x00020e0c       0x43 ./Core/Src/crc16.o
 .debug_macro   0x00020e4f       0x34 ./Core/Src/crc16.o
 .debug_macro   0x00020e83       0x16 ./Core/Src/crc16.o
 .debug_macro   0x00020e99      0x11c ./Core/Src/crc16.o
 .debug_macro   0x00020fb5       0x9b ./Core/Src/crc16.o
 .debug_macro   0x00021050      0x370 ./Core/Src/crc16.o
 .debug_macro   0x000213c0       0x16 ./Core/Src/crc16.o
 .debug_macro   0x000213d6       0x4a ./Core/Src/crc16.o
 .debug_macro   0x00021420       0x34 ./Core/Src/crc16.o
 .debug_macro   0x00021454       0x10 ./Core/Src/crc16.o
 .debug_macro   0x00021464       0x58 ./Core/Src/crc16.o
 .debug_macro   0x000214bc       0x8e ./Core/Src/crc16.o
 .debug_macro   0x0002154a       0x1c ./Core/Src/crc16.o
 .debug_macro   0x00021566      0x185 ./Core/Src/crc16.o
 .debug_macro   0x000216eb       0x16 ./Core/Src/crc16.o
 .debug_macro   0x00021701       0x29 ./Core/Src/crc16.o
 .debug_macro   0x0002172a      0x24e ./Core/Src/dma.o
 .debug_macro   0x00021978      0x24e ./Core/Src/fsmc.o
 .debug_macro   0x00021bc6      0x24e ./Core/Src/gpio.o
 .debug_macro   0x00021e14      0x26f ./Core/Src/hwi.o
 .debug_macro   0x00022083       0x16 ./Core/Src/hwi.o
 .debug_macro   0x00022099      0x24e ./Core/Src/i2c.o
 .debug_macro   0x000222e7      0x36d ./Core/Src/lcd.o
 .debug_macro   0x00022654       0xca ./Core/Src/lcd.o
 .debug_macro   0x0002271e       0x3c ./Core/Src/lcd.o
 .debug_macro   0x0002275a       0x16 ./Core/Src/lcd.o
 .debug_macro   0x00022770       0x20 ./Core/Src/lcd.o
 .debug_macro   0x00022790      0x481 ./Core/Src/main.o
 .debug_macro   0x00022c11       0x40 ./Core/Src/main.o
 .debug_macro   0x00022c51       0x10 ./Core/Src/main.o
 .debug_macro   0x00022c61       0x22 ./Core/Src/main.o
 .debug_macro   0x00022c83       0x7c ./Core/Src/main.o
 .debug_macro   0x00022cff       0x17 ./Core/Src/main.o
 .debug_macro   0x00022d16      0x118 ./Core/Src/main.o
 .debug_macro   0x00022e2e      0x660 ./Core/Src/main.o
 .debug_macro   0x0002348e       0x34 ./Core/Src/main.o
 .debug_macro   0x000234c2       0x28 ./Core/Src/main.o
 .debug_macro   0x000234ea       0x52 ./Core/Src/main.o
 .debug_macro   0x0002353c      0x41c ./Core/Src/mpl.o
 .debug_macro   0x00023958      0x197 ./Core/Src/pb_common.o
 .debug_macro   0x00023aef       0x10 ./Core/Src/pb_common.o
 .debug_macro   0x00023aff      0x1bc ./Core/Src/pb_decode.o
 .debug_macro   0x00023cbb      0x1bc ./Core/Src/pb_encode.o
 .debug_macro   0x00023e77       0x22 ./Core/Src/pb_encode.o
 .debug_macro   0x00023e99      0x19c ./Core/Src/sensor.pb.o
 .debug_macro   0x00024035      0x25e ./Core/Src/software_timer.o
 .debug_macro   0x00024293      0x24e ./Core/Src/spi.o
 .debug_macro   0x000244e1      0x244 ./Core/Src/stm32f4xx_hal_msp.o
 .debug_macro   0x00024725      0x24e ./Core/Src/stm32f4xx_it.o
 .debug_macro   0x00024973      0x235 ./Core/Src/system_stm32f4xx.o
 .debug_macro   0x00024ba8      0x24e ./Core/Src/tim.o
 .debug_macro   0x00024df6      0x24e ./Core/Src/usart.o
 .debug_macro   0x00025044      0x295 ./Drivers/STM32F4xx_HAL_Driver/Src/stm32f4xx_hal.o
 .debug_macro   0x000252d9      0x236 ./Drivers/STM32F4xx_HAL_Driver/Src/stm32f4xx_hal_adc.o
 .debug_macro   0x0002550f      0x235 ./Drivers/STM32F4xx_HAL_Driver/Src/stm32f4xx_hal_cortex.o
 .debug_macro   0x00025744      0x23b ./Drivers/STM32F4xx_HAL_Driver/Src/stm32f4xx_hal_dma.o
 .debug_macro   0x0002597f      0x23b ./Drivers/STM32F4xx_HAL_Driver/Src/stm32f4xx_hal_gpio.o
 .debug_macro   0x00025bba      0x283 ./Drivers/STM32F4xx_HAL_Driver/Src/stm32f4xx_hal_i2c.o
 .debug_macro   0x00025e3d      0x259 ./Drivers/STM32F4xx_HAL_Driver/Src/stm32f4xx_hal_rcc.o
 .debug_macro   0x00026096      0x244 ./Drivers/STM32F4xx_HAL_Driver/Src/stm32f4xx_hal_spi.o
 .debug_macro   0x000262da      0x235 ./Drivers/STM32F4xx_HAL_Driver/Src/stm32f4xx_hal_sram.o
 .debug_macro   0x0002650f      0x236 ./Drivers/STM32F4xx_HAL_Driver/Src/stm32f4xx_hal_tim.o
 .debug_macro   0x00026745      0x235 ./Drivers/STM32F4xx_HAL_Driver/Src/stm32f4xx_hal_tim_ex.o
 .debug_macro   0x0002697a      0x236 ./Drivers/STM32F4xx_HAL_Driver/Src/stm32f4xx_hal_uart.o
 .debug_macro   0x00026bb0      0x270 ./Drivers/STM32F4xx_HAL_Driver/Src/stm32f4xx_ll_fsmc.o

.debug_line     0x00000000    0x222ae
 .debug_line    0x00000000      0x8f8 ./Core/Src/adc.o
 .debug_line    0x000008f8      0x8f6 ./Core/Src/button.o
 .debug_line    0x000011ee      0x5aa ./Core/Src/crc16.o
 .debug_line    0x00001798      0x7f4 ./Core/Src/dma.o
 .debug_line    0x00001f8c      0x901 ./Core/Src/fsmc.o
 .debug_line    0x0000288d      0x843 ./Core/Src/gpio.o
 .debug_line    0x000030d0      0x899 ./Core/Src/hwi.o
 .debug_line    0x00003969      0x866 ./Core/Src/i2c.o
 .debug_line    0x000041cf     0x1152 ./Core/Src/lcd.o
 .debug_line    0x00005321      0xb8f ./Core/Src/main.o
 .debug_line    0x00005eb0      0xc63 ./Core/Src/mpl.o
 .debug_line    0x00006b13      0x9a8 ./Core/Src/pb_common.o
 .debug_line    0x000074bb     0x18cc ./Core/Src/pb_decode.o
 .debug_line    0x00008d87     0x11a0 ./Core/Src/pb_encode.o
 .debug_line    0x00009f27      0x5bb ./Core/Src/sensor.pb.o
 .debug_line    0x0000a4e2      0x891 ./Core/Src/software_timer.o
 .debug_line    0x0000ad73      0x86e ./Core/Src/spi.o
 .debug_line    0x0000b5e1      0x7f8 ./Core/Src/stm32f4xx_hal_msp.o
 .debug_line    0x0000bdd9      0x8ef ./Core/Src/stm32f4xx_it.o
 .debug_line    0x0000c6c8      0x86e ./Core/Src/system_stm32f4xx.o
 .debug_line    0x0000cf36      0x872 ./Core/Src/tim.o
 .debug_line    0x0000d7a8      0x944 ./Core/Src/usart.o
 .debug_line    0x0000e0ec       0x7a ./Core/Startup/startup_stm32f407zgtx.o
 .debug_line    0x0000e166      0xaea ./Drivers/STM32F4xx_HAL_Driver/Src/stm32f4xx_hal.o
 .debug_line    0x0000ec50     0x1301 ./Drivers/STM32F4xx_HAL_Driver/Src/stm32f4xx_hal_adc.o
 .debug_line    0x0000ff51      0xdba ./Drivers/STM32F4xx_HAL_Driver/Src/stm32f4xx_hal_cortex.o
 .debug_line    0x00010d0b     0x1056 ./Drivers/STM32F4xx_HAL_Driver/Src/stm32f4xx_hal_dma.o
 .debug_line    0x00011d61      0xc42 ./Drivers/STM32F4xx_HAL_Driver/Src/stm32f4xx_hal_gpio.o
 .debug_line    0x000129a3     0x3b97 ./Drivers/STM32F4xx_HAL_Driver/Src/stm32f4xx_hal_i2c.o
 .debug_line    0x0001653a      0xef7 ./Drivers/STM32F4xx_HAL_Driver/Src/stm32f4xx_hal_rcc.o
 .debug_line    0x00017431     0x1d85 ./Drivers/STM32F4xx_HAL_Driver/Src/stm32f4xx_hal_spi.o
 .debug_line    0x000191b6      0xcd7 ./Drivers/STM32F4xx_HAL_Driver/Src/stm32f4xx_hal_sram.o
 .debug_line    0x00019e8d     0x385f ./Drivers/STM32F4xx_HAL_Driver/Src/stm32f4xx_hal_tim.o
 .debug_line    0x0001d6ec     0x1a4a ./Drivers/STM32F4xx_HAL_Driver/Src/stm32f4xx_hal_tim_ex.o
 .debug_line    0x0001f136     0x2632 ./Drivers/STM32F4xx_HAL_Driver/Src/stm32f4xx_hal_uart.o
 .debug_line    0x00021768      0xb46 ./Drivers/STM32F4xx_HAL_Driver/Src/stm32f4xx_ll_fsmc.o

.debug_str      0x00000000    0xe5b9e
 .debug_str     0x00000000    0xe5b9e ./Core/Src/adc.o
                              0xd6868 (size before relaxing)
 .debug_str     0x000e5b9e    0xd6841 ./Core/Src/button.o
 .debug_str     0x000e5b9e     0x73e4 ./Core/Src/crc16.o
 .debug_str     0x000e5b9e    0xd6822 ./Core/Src/dma.o
 .debug_str     0x000e5b9e    0xd6922 ./Core/Src/fsmc.o
 .debug_str     0x000e5b9e    0xd63d0 ./Core/Src/gpio.o
 .debug_str     0x000e5b9e    0xd67db ./Core/Src/hwi.o
 .debug_str     0x000e5b9e    0xd68ff ./Core/Src/i2c.o
 .debug_str     0x000e5b9e    0xd9a63 ./Core/Src/lcd.o
 .debug_str     0x000e5b9e    0xdf9ce ./Core/Src/main.o
 .debug_str     0x000e5b9e    0xdf1f1 ./Core/Src/mpl.o
 .debug_str     0x000e5b9e     0xc87c ./Core/Src/pb_common.o
 .debug_str     0x000e5b9e     0xce6d ./Core/Src/pb_decode.o
 .debug_str     0x000e5b9e     0xcc32 ./Core/Src/pb_encode.o
 .debug_str     0x000e5b9e     0xc8d3 ./Core/Src/sensor.pb.o
 .debug_str     0x000e5b9e    0xd6813 ./Core/Src/software_timer.o
 .debug_str     0x000e5b9e    0xd685c ./Core/Src/spi.o
 .debug_str     0x000e5b9e    0xd6305 ./Core/Src/stm32f4xx_hal_msp.o
 .debug_str     0x000e5b9e    0xd6a6e ./Core/Src/stm32f4xx_it.o
 .debug_str     0x000e5b9e    0xd625e ./Core/Src/system_stm32f4xx.o
 .debug_str     0x000e5b9e    0xd6eda ./Core/Src/tim.o
 .debug_str     0x000e5b9e    0xd6df7 ./Core/Src/usart.o
 .debug_str     0x000e5b9e       0x9b ./Core/Startup/startup_stm32f407zgtx.o
 .debug_str     0x000e5b9e    0xd6de2 ./Drivers/STM32F4xx_HAL_Driver/Src/stm32f4xx_hal.o
 .debug_str     0x000e5b9e    0xd684b ./Drivers/STM32F4xx_HAL_Driver/Src/stm32f4xx_hal_adc.o
 .debug_str     0x000e5b9e    0xd6b5e ./Drivers/STM32F4xx_HAL_Driver/Src/stm32f4xx_hal_cortex.o
 .debug_str     0x000e5b9e    0xd6678 ./Drivers/STM32F4xx_HAL_Driver/Src/stm32f4xx_hal_dma.o
 .debug_str     0x000e5b9e    0xd63d9 ./Drivers/STM32F4xx_HAL_Driver/Src/stm32f4xx_hal_gpio.o
 .debug_str     0x000e5b9e    0xd727c ./Drivers/STM32F4xx_HAL_Driver/Src/stm32f4xx_hal_i2c.o
 .debug_str     0x000e5b9e    0xd6692 ./Drivers/STM32F4xx_HAL_Driver/Src/stm32f4xx_hal_rcc.o
 .debug_str     0x000e5b9e    0xd6b1c ./Drivers/STM32F4xx_HAL_Driver/Src/stm32f4xx_hal_spi.o
 .debug_str     0x000e5b9e    0xd685c ./Drivers/STM32F4xx_HAL_Driver/Src/stm32f4xx_hal_sram.o
 .debug_str     0x000e5b9e    0xd75e8 ./Drivers/STM32F4xx_HAL_Driver/Src/stm32f4xx_hal_tim.o
 .debug_str     0x000e5b9e    0xd6df4 ./Drivers/STM32F4xx_HAL_Driver/Src/stm32f4xx_hal_tim_ex.o
 .debug_str     0x000e5b9e    0xd6c73 ./Drivers/STM32F4xx_HAL_Driver/Src/stm32f4xx_hal_uart.o
 .debug_str     0x000e5b9e    0xd6ac9 ./Drivers/STM32F4xx_HAL_Driver/Src/stm32f4xx_ll_fsmc.o

.comment        0x00000000       0x43
 .comment       0x00000000       0x43 ./Core/Src/adc.o
                                 0x44 (size before relaxing)
 .comment       0x00000043       0x44 ./Core/Src/button.o
 .comment       0x00000043       0x44 ./Core/Src/crc16.o
 .comment       0x00000043       0x44 ./Core/Src/dma.o
 .comment       0x00000043       0x44 ./Core/Src/fsmc.o
 .comment       0x00000043       0x44 ./Core/Src/gpio.o
 .comment       0x00000043       0x44 ./Core/Src/hwi.o
 .comment       0x00000043       0x44 ./Core/Src/i2c.o
 .comment       0x00000043       0x44 ./Core/Src/lcd.o
 .comment       0x00000043       0x44 ./Core/Src/main.o
 .comment       0x00000043       0x44 ./Core/Src/mpl.o
 .comment       0x00000043       0x44 ./Core/Src/pb_common.o
 .comment       0x00000043       0x44 ./Core/Src/pb_decode.o
 .comment       0x00000043       0x44 ./Core/Src/pb_encode.o
 .comment       0x00000043       0x44 ./Core/Src/sensor.pb.o
 .comment       0x00000043       0x44 ./Core/Src/software_timer.o
 .comment       0x00000043       0x44 ./Core/Src/spi.o
 .comment       0x00000043       0x44 ./Core/Src/stm32f4xx_hal_msp.o
 .comment       0x00000043       0x44 ./Core/Src/stm32f4xx_it.o
 .comment       0x00000043       0x44 ./Core/Src/system_stm32f4xx.o
 .comment       0x00000043       0x44 ./Core/Src/tim.o
 .comment       0x00000043       0x44 ./Core/Src/usart.o
 .comment       0x00000043       0x44 ./Drivers/STM32F4xx_HAL_Driver/Src/stm32f4xx_hal.o
 .comment       0x00000043       0x44 ./Drivers/STM32F4xx_HAL_Driver/Src/stm32f4xx_hal_adc.o
 .comment       0x00000043       0x44 ./Drivers/STM32F4xx_HAL_Driver/Src/stm32f4xx_hal_cortex.o
 .comment       0x00000043       0x44 ./Drivers/STM32F4xx_HAL_Driver/Src/stm32f4xx_hal_dma.o
 .comment       0x00000043       0x44 ./Drivers/STM32F4xx_HAL_Driver/Src/stm32f4xx_hal_gpio.o
 .comment       0x00000043       0x44 ./Drivers/STM32F4xx_HAL_Driver/Src/stm32f4xx_hal_i2c.o
 .comment       0x00000043       0x44 ./Drivers/STM32F4xx_HAL_Driver/Src/stm32f4xx_hal_rcc.o
 .comment       0x00000043       0x44 ./Drivers/STM32F4xx_HAL_Driver/Src/stm32f4xx_hal_spi.o
 .comment       0x00000043       0x44 ./Drivers/STM32F4xx_HAL_Driver/Src/stm32f4xx_hal_sram.o
 .comment       0x00000043       0x44 ./Drivers/STM32F4xx_HAL_Driver/Src/stm32f4xx_hal_tim.o
 .comment       0x00000043       0x44 ./Drivers/STM32F4xx_HAL_Driver/Src/stm32f4xx_hal_tim_ex.o
 .comment       0x00000043       0x44 ./Drivers/STM32F4xx_HAL_Driver/Src/stm32f4xx_hal_uart.o
 .comment       0x00000043       0x44 ./Drivers/STM32F4xx_HAL_Driver/Src/stm32f4xx_ll_fsmc.o

.debug_frame    0x00000000     0x685c
 .debug_frame   0x00000000       0x7c ./Core/Src/adc.o
 .debug_frame   0x0000007c       0xc8 ./Core/Src/button.o
 .debug_frame   0x00000144       0x38 ./Core/Src/crc16.o
 .debug_frame   0x0000017c       0x34 ./Core/Src/dma.o
 .debug_frame   0x000001b0       0xbc ./Core/Src/fsmc.o
 .debug_frame   0x0000026c       0x34 ./Core/Src/gpio.o
 .debug_frame   0x000002a0       0x9c ./Core/Src/hwi.o
 .debug_frame   0x0000033c       0x74 ./Core/Src/i2c.o
 .debug_frame   0x000003b0      0x40c ./Core/Src/lcd.o
 .debug_frame   0x000007bc       0xd0 ./Core/Src/main.o
 .debug_frame   0x0000088c      0x124 ./Core/Src/mpl.o
 .debug_frame   0x000009b0      0x1a8 ./Core/Src/pb_common.o
 .debug_frame   0x00000b58      0x58c ./Core/Src/pb_decode.o
 .debug_frame   0x000010e4      0x494 ./Core/Src/pb_encode.o
 .debug_frame   0x00001578       0xa4 ./Core/Src/software_timer.o
 .debug_frame   0x0000161c       0x74 ./Core/Src/spi.o
 .debug_frame   0x00001690       0x38 ./Core/Src/stm32f4xx_hal_msp.o
 .debug_frame   0x000016c8      0x158 ./Core/Src/stm32f4xx_it.o
 .debug_frame   0x00001820       0x58 ./Core/Src/system_stm32f4xx.o
 .debug_frame   0x00001878       0x7c ./Core/Src/tim.o
 .debug_frame   0x000018f4       0xac ./Core/Src/usart.o
 .debug_frame   0x000019a0      0x374 ./Drivers/STM32F4xx_HAL_Driver/Src/stm32f4xx_hal.o
 .debug_frame   0x00001d14      0x3fc ./Drivers/STM32F4xx_HAL_Driver/Src/stm32f4xx_hal_adc.o
 .debug_frame   0x00002110      0x508 ./Drivers/STM32F4xx_HAL_Driver/Src/stm32f4xx_hal_cortex.o
 .debug_frame   0x00002618      0x250 ./Drivers/STM32F4xx_HAL_Driver/Src/stm32f4xx_hal_dma.o
 .debug_frame   0x00002868      0x14c ./Drivers/STM32F4xx_HAL_Driver/Src/stm32f4xx_hal_gpio.o
 .debug_frame   0x000029b4      0xc84 ./Drivers/STM32F4xx_HAL_Driver/Src/stm32f4xx_hal_i2c.o
 .debug_frame   0x00003638      0x1f4 ./Drivers/STM32F4xx_HAL_Driver/Src/stm32f4xx_hal_rcc.o
 .debug_frame   0x0000382c      0x828 ./Drivers/STM32F4xx_HAL_Driver/Src/stm32f4xx_hal_spi.o
 .debug_frame   0x00004054      0x30c ./Drivers/STM32F4xx_HAL_Driver/Src/stm32f4xx_hal_sram.o
 .debug_frame   0x00004360     0x11c0 ./Drivers/STM32F4xx_HAL_Driver/Src/stm32f4xx_hal_tim.o
 .debug_frame   0x00005520      0x638 ./Drivers/STM32F4xx_HAL_Driver/Src/stm32f4xx_hal_tim_ex.o
 .debug_frame   0x00005b58      0x954 ./Drivers/STM32F4xx_HAL_Driver/Src/stm32f4xx_hal_uart.o
 .debug_frame   0x000064ac      0x2dc ./Drivers/STM32F4xx_HAL_Driver/Src/stm32f4xx_ll_fsmc.o
 .debug_frame   0x00006788       0x20 D:/STM32CubeIDE_1.19.0/STM32CubeIDE/plugins/com.st.stm32cube.ide.mcu.externaltools.gnu-tools-for-stm32.13.3.rel1.win32_1.0.0.202411081344/tools/bin/../lib/gcc/arm-none-eabi/13.3.1/../../../../arm-none-eabi/lib/thumb/v7e-m+fp/hard\libc_nano.a(libc_a-memset.o)
 .debug_frame   0x000067a8       0x2c D:/STM32CubeIDE_1.19.0/STM32CubeIDE/plugins/com.st.stm32cube.ide.mcu.externaltools.gnu-tools-for-stm32.13.3.rel1.win32_1.0.0.202411081344/tools/bin/../lib/gcc/arm-none-eabi/13.3.1/../../../../arm-none-eabi/lib/thumb/v7e-m+fp/hard\libc_nano.a(libc_a-init.o)
 .debug_frame   0x000067d4       0x28 D:/STM32CubeIDE_1.19.0/STM32CubeIDE/plugins/com.st.stm32cube.ide.mcu.externaltools.gnu-tools-for-stm32.13.3.rel1.win32_1.0.0.202411081344/tools/bin/../lib/gcc/arm-none-eabi/13.3.1/../../../../arm-none-eabi/lib/thumb/v7e-m+fp/hard\libc_nano.a(libc_a-memcpy-stub.o)